FieldName: promise_sibela.tbl_akta_perusahaan.path_akta
PK ID: 225
Url: https://prodev.ut.ac.id/sibelauat/archive_gambar/10278/pendaftaran_perusahaan/10278-akta.pdf
Download: Failed - 404 Not Found
Upload: 

FieldName: promise_sibela.tbl_akta_perusahaan.path_akta
PK ID: 324
Url: https://prodev.ut.ac.id/sibelauat/archive_gambar/10770/pendaftaran_perusahaan/10770-akta.pdf
Download: Success
Upload: Failed - pypdf.errors.EmptyFileError: Cannot read an empty file

FieldName: promise_sibela.tbl_akta_perusahaan.path_akta
PK ID: 466
Url: https://prodev.ut.ac.id/sibelauat/archive_gambar/11013/pendaftaran_perusahaan/11013-akta.pdf
Download: Failed - 404 Not Found
Upload: 

FieldName: promise_sibela.tbl_akta_perusahaan.path_akta_akhir
PK ID: 539
Url: https://prodev.ut.ac.id/sibelauat/archive_gambar/11336/pendaftaran_perusahaan/11336-akta_akhir.pdf
Download: Failed - 404 Not Found
Upload: 

FieldName: promise_sibela.tbl_akta_perusahaan.path_akta_akhir
PK ID: 1036
Url: https://prodev.ut.ac.id/sibelauat/archive_gambar/16676/pendaftaran_perusahaan/16676-akta.pdf
Download: Failed - 404 Not Found
Upload: 

FieldName: promise_sibela.tbl_akta_perusahaan.path_akta
PK ID: 1270
Url: https://prodev.ut.ac.id/sibelauat/archive_gambar/17292/pendaftaran_perusahaan/17292-akta.pdf
Download: Success
Upload: Failed - TypeError: argument of type 'NullObject' is not iterable

FieldName: promise_sibela.tbl_akta_perusahaan.path_akta_akhir
PK ID: 1270
Url: https://prodev.ut.ac.id/sibelauat/archive_gambar/17292/pendaftaran_perusahaan/17292-akta_akhir.pdf
Download: Success
Upload: Failed - TypeError: argument of type 'NullObject' is not iterable

FieldName: promise_sibela.tbl_akta_perusahaan.path_akta
PK ID: 2414
Url: https://prodev.ut.ac.id/sibelauat/archive_gambar/32522/pendaftaran_perusahaan/67d82efe5362729d27b038b3cb66d3183d7b5b4e78d2ec22c82da52027dcfde0Akta PT Sarva Catha Semesta.pdf.pdf
Download: Success
Upload: Success

FieldName: promise_sibela.tbl_akta_perusahaan.path_akta
PK ID: 2415
Url: https://prodev.ut.ac.id/sibelauat/archive_gambar/32545/pendaftaran_perusahaan/faeba2fa150584361a562084af16d47b37bdcf3816b151457923bf5393834710sertifikat SK.Kemenkumham.pdf.pdf
Download: Success
Upload: Success

FieldName: promise_sibela.tbl_akta_perusahaan.path_akta
PK ID: 2416
Url: https://prodev.ut.ac.id/sibelauat/archive_gambar/32539/pendaftaran_perusahaan/db3e20d7a6e44225a34834e786149ead1b9b9a4736465464a63c97efd85d7b50AKTA PENDIRIAN KARUNIA - 16 AGUSTUS 2011_compressed.pdf.pdf
Download: Success
Upload: Success

FieldName: promise_sibela.tbl_akta_perusahaan.path_akta_akhir
PK ID: 2416
Url: https://prodev.ut.ac.id/sibelauat/archive_gambar/32539/pendaftaran_perusahaan/676329b968d3b93bef65db9799fd005bbd240d7588f39025cfc1e4643c2b3000AKTA KARUNIA LENGKAP (NO. 07 - 29 APRIL 2024)_compressed.pdf.pdf
Download: Success
Upload: Success

FieldName: promise_sibela.tbl_akta_perusahaan.path_akta
PK ID: 2417
Url: https://prodev.ut.ac.id/sibelauat/archive_gambar/32558/pendaftaran_perusahaan/6b2800e41eb19162caa4caa1c4b6abd35feda6466258904b08037ad0a71b7cbeAKTA PENDIRIAN CV MAHILA ELANG NUSANTARA_DN20261768974223670635 (1).pdf.pdf
Download: Success
Upload: Success

FieldName: promise_sibela.tbl_akta_perusahaan.path_akta
PK ID: 2418
Url: https://prodev.ut.ac.id/sibelauat/archive_gambar/32553/pendaftaran_perusahaan/3f769369bb94d577ab862736447736ffa77697931a11baa649d69ffa9f1fd66bAkta Pendirian (Notaris)_compressed.pdf.pdf
Download: Success
Upload: Success

FieldName: promise_sibela.tbl_akta_perusahaan.path_akta
PK ID: 2419
Url: https://prodev.ut.ac.id/sibelauat/archive_gambar/31850/pendaftaran_perusahaan/374377ed02070b623502539f34d4aebd37039d104f8043d5a85ddf1f23531a9e1. Akta Pendirian JKS No. 54 tgl 18 Agustus 2014-compressed.pdf.pdf
Download: Success
Upload: Success

FieldName: promise_sibela.tbl_akta_perusahaan.path_akta
PK ID: 2420
Url: https://prodev.ut.ac.id/sibelauat/archive_gambar/32599/pendaftaran_perusahaan/18c929553437fa70ecba537a2339fdc95ed50ca5f0f0e205c16aeb2af7feabaaAKTA PENDIRIAN PT. FMI NO. 02_compressed.pdf.pdf
Download: Success
Upload: Success

FieldName: promise_sibela.tbl_akta_perusahaan.path_akta_akhir
PK ID: 2420
Url: https://prodev.ut.ac.id/sibelauat/archive_gambar/32599/pendaftaran_perusahaan/f7e8c71d7bf51927b492d8d3aa80d8f84c7fb778a5e0d9237f75ecfba30fc8c64. AKTA FMI No 67 (2021)_compressed.pdf.pdf
Download: Success
Upload: Success

FieldName: promise_sibela.tbl_akta_perusahaan.path_akta
PK ID: 2421
Url: https://prodev.ut.ac.id/sibelauat/archive_gambar/32129/pendaftaran_perusahaan/0358274c8a6b7d7907c6ab56b3fcc6a5323e779425673aca93e178de9382661eAkta Perubahan CV Ekasari 15 Agustus 2024.pdf.pdf
Download: Success
Upload: Success

FieldName: promise_sibela.tbl_akta_perusahaan.path_akta
PK ID: 2422
Url: https://prodev.ut.ac.id/sibelauat/archive_gambar/32537/pendaftaran_perusahaan/de7b6ab25bc653d7a974f544c9fc61ff172f6da7f9565020386015d6aa9fb310Akta Pendirian & SK Kemenkumham PT Pringsewu Cemerlang.pdf.pdf
Download: Success
Upload: Success

FieldName: promise_sibela.tbl_akta_perusahaan.path_akta_akhir
PK ID: 2422
Url: https://prodev.ut.ac.id/sibelauat/archive_gambar/32537/pendaftaran_perusahaan/8c9a881bc78ac87b7aecf9c9ff27ba5dca331a89b49b3935b2e2ec2a1cf92a91Akta Perubahan & SK Kemenkumham 2025 PT Pringsewu Cemerlang.pdf.pdf
Download: Success
Upload: Success

FieldName: promise_sibela.tbl_akta_perusahaan.path_akta
PK ID: 2423
Url: https://prodev.ut.ac.id/sibelauat/archive_gambar/32607/pendaftaran_perusahaan/f05568cc33713b0b56062d12f88269ecf6d3d18d1558fe88fb5c261727cf7c95Akta Pendirian PT. VICTORIA_compressed_compressed_compressed.pdf.pdf
Download: Success
Upload: Success

FieldName: promise_sibela.tbl_akta_perusahaan.path_akta_akhir
PK ID: 2423
Url: https://prodev.ut.ac.id/sibelauat/archive_gambar/32607/pendaftaran_perusahaan/88d83e41c068e1b2646b8481891436966283d84ba5501d35072da990f84b6f7fSK KEMENKUMHAM Akta Perubahan_compressed.pdf.pdf
Download: Success
Upload: Success

FieldName: promise_sibela.tbl_akta_perusahaan.path_akta
PK ID: 2424
Url: https://prodev.ut.ac.id/sibelauat/archive_gambar/32619/pendaftaran_perusahaan/0787feaeaaf3ce9a9e388574c11d2990e30fb8af04976889b71c650418651e05Screenshot 2026-02-14 163050.pdf.pdf
Download: Success
Upload: Success

FieldName: promise_sibela.tbl_akta_perusahaan.path_akta_akhir
PK ID: 2424
Url: https://prodev.ut.ac.id/sibelauat/archive_gambar/32619/pendaftaran_perusahaan/59a7a6ad03903bc58310fdd2e942a453287ffb6c9fa5e3f22505e4f468396ba8akta perubahan.pdf.pdf
Download: Success
Upload: Success

FieldName: promise_sibela.tbl_akta_perusahaan.path_akta
PK ID: 2425
Url: https://prodev.ut.ac.id/sibelauat/archive_gambar/32647/pendaftaran_perusahaan/6baca2ae8627d600b50e113fb29df55d11e2d0e982d7b8e1fa24fc939901a55bAkta Pendirian Sumbawa Grand Hotel_compressed.pdf.pdf
Download: Success
Upload: Success

FieldName: promise_sibela.tbl_akta_perusahaan.path_akta_akhir
PK ID: 2425
Url: https://prodev.ut.ac.id/sibelauat/archive_gambar/32647/pendaftaran_perusahaan/2b524e7cc75cf9d4ab94fa2e72d112a5bdb71d71f949398d63db99c2a1b5c696blankpdf.pdf.pdf
Download: Success
Upload: Success

FieldName: promise_sibela.tbl_akta_perusahaan.path_akta
PK ID: 2426
Url: https://prodev.ut.ac.id/sibelauat/archive_gambar/32656/pendaftaran_perusahaan/27acf1ca41e6ed5868f82f9d19e90a9c0531a34519b44d59f27699bb703834b43. SK Kemenkumham & Akte Pendirian_compressed (1).pdf.pdf
Download: Success
Upload: Success

FieldName: promise_sibela.tbl_akta_perusahaan.path_akta_akhir
PK ID: 2426
Url: https://prodev.ut.ac.id/sibelauat/archive_gambar/32656/pendaftaran_perusahaan/ed86497e260dc75ba01047f8e7421b45ceb40c6a9b9db5e51d247872a1cfbe8d02. Akta Perubahan Susunan Direktur dan Komisaris Terakhir + SK_compressed.pdf.pdf
Download: Success
Upload: Success

FieldName: promise_sibela.tbl_akta_perusahaan.path_akta
PK ID: 2427
Url: https://prodev.ut.ac.id/sibelauat/archive_gambar/32653/pendaftaran_perusahaan/c0b43507d1c0cb8e5e6026e87e456c5a0f3126383f534bcf54b40cac23e9f3c29. Akta Pendirian PT 9 September 2016 Nomor 4_compressed-compressed.pdf.pdf
Download: Success
Upload: Success

FieldName: promise_sibela.tbl_akta_perusahaan.path_akta_akhir
PK ID: 2427
Url: https://prodev.ut.ac.id/sibelauat/archive_gambar/32653/pendaftaran_perusahaan/aa0f1e5a2a8412f2850547b299ab0a83196ba9bf4750ce34f30764310c02082e11. Akta Pendirian PT - 25 Maret 2025_compressed_compressed-compresseddikompresi.pdf.pdf
Download: Success
Upload: Success

FieldName: promise_sibela.tbl_akta_perusahaan.path_akta
PK ID: 2428
Url: https://prodev.ut.ac.id/sibelauat/archive_gambar/32655/pendaftaran_perusahaan/03ad35f7637e1516a8a03aa82c4de66e3681bbef672032decb0efffd02988c6c04 AKTA HOTEL LOTUS .pdf.pdf
Download: Success
Upload: Success

FieldName: promise_sibela.tbl_akta_perusahaan.path_akta_akhir
PK ID: 2428
Url: https://prodev.ut.ac.id/sibelauat/archive_gambar/32655/pendaftaran_perusahaan/39d9967a50fba68ca2f3b142103e4cb5d3bcd4e12b5b26dd49c666a8e506711aAKTA PERUBAHAN LOTUS.pdf.pdf
Download: Success
Upload: Success

FieldName: promise_sibela.tbl_akta_perusahaan.path_akta
PK ID: 2429
Url: https://prodev.ut.ac.id/sibelauat/archive_gambar/32654/pendaftaran_perusahaan/245244a28196d624b9be1f209f04f1f1a50b803b3713e3f10ac606fc7e78176eAKTA  PT GRAND SUROPATI PASURUAN New Sept 2022 (1).pdf.pdf
Download: Success
Upload: Success

FieldName: promise_sibela.tbl_akta_perusahaan.path_akta
PK ID: 2431
Url: https://prodev.ut.ac.id/sibelauat/archive_gambar/32659/pendaftaran_perusahaan/b48ad4fdcac44d8b707cb199ef54867adf5a7a7c1b8d1159afa55067e01fd536AKTA KUBAH 9 DUA.pdf.pdf
Download: Success
Upload: Success

FieldName: promise_sibela.tbl_akta_perusahaan.path_akta_akhir
PK ID: 2431
Url: https://prodev.ut.ac.id/sibelauat/archive_gambar/32659/pendaftaran_perusahaan/8a6ee8614c20169d6f74eab199d0452b8c66b2b578b9f999567900ae7bbb167aAKTA KUBAH 9 DUA.pdf.pdf
Download: Success
Upload: Success

FieldName: promise_sibela.tbl_akta_perusahaan.path_akta
PK ID: 2432
Url: https://prodev.ut.ac.id/sibelauat/archive_gambar/32658/pendaftaran_perusahaan/0b828a4235484f9a9a59abba28b56f7628fd28c76529f53add2caf4bb3503a8fAkta Pendirian SatelitTV_comp.pdf.pdf
Download: Success
Upload: Success

FieldName: promise_sibela.tbl_akta_perusahaan.path_akta_akhir
PK ID: 2432
Url: https://prodev.ut.ac.id/sibelauat/archive_gambar/32658/pendaftaran_perusahaan/83051dd03af94d477771a4c5bf16afa657de8bc451c924de4ead051733265563Akta Perubahan 2023.pdf.pdf
Download: Success
Upload: Success

FieldName: promise_sibela.tbl_akta_perusahaan.path_akta
PK ID: 2433
Url: https://prodev.ut.ac.id/sibelauat/archive_gambar/32680/pendaftaran_perusahaan/e7e424143404b39baf70dab4b96cc8136573f53b9cddc60ab6e01708079e722bAKTA PENDIRIAN PERUSAHAAN 2013.pdf.pdf
Download: Success
Upload: Success

FieldName: promise_sibela.tbl_akta_perusahaan.path_akta_akhir
PK ID: 2433
Url: https://prodev.ut.ac.id/sibelauat/archive_gambar/32680/pendaftaran_perusahaan/eb788ba6c3c3bda81308444c97abf4b7522d83dd3f51a5ffa49337e635182499akte perubahan 18 jan 2024.pdf.pdf
Download: Success
Upload: Success

FieldName: promise_sibela.tbl_akta_perusahaan.path_akta
PK ID: 2434
Url: https://prodev.ut.ac.id/sibelauat/archive_gambar/32631/pendaftaran_perusahaan/790410db02c99dfc37ea71b37cf68f938aae8cd351b0f58585d58480fd4188e0SERTIFIKAT PENDIRIAN PT.pdf.pdf
Download: Success
Upload: Success

FieldName: promise_sibela.tbl_akta_perusahaan.path_akta
PK ID: 2435
Url: https://prodev.ut.ac.id/sibelauat/archive_gambar/32617/pendaftaran_perusahaan/686f66fd576946447808155ca7706cf8f2ed31eb70c12cdf69eb84df540bfa6cAKTA PENDIRIAN.pdf.pdf
Download: Success
Upload: Success

FieldName: promise_sibela.tbl_akta_perusahaan.path_akta_akhir
PK ID: 2435
Url: https://prodev.ut.ac.id/sibelauat/archive_gambar/32617/pendaftaran_perusahaan/588363fcf66367678951bc608a04a4aa50fcac35323d1ed75040e80dd53d5da7AKTA PERUBAHAN.pdf.pdf
Download: Success
Upload: Success

FieldName: promise_sibela.tbl_akta_perusahaan.path_akta
PK ID: 2436
Url: https://prodev.ut.ac.id/sibelauat/archive_gambar/32708/pendaftaran_perusahaan/977330abd45fc7fcb49110d9c3543a27924ac49f9438810429088ff22f57ee79Akta Pendirian Perusahaan.pdf.pdf
Download: Success
Upload: Success

FieldName: promise_sibela.tbl_akta_perusahaan.path_akta
PK ID: 2437
Url: https://prodev.ut.ac.id/sibelauat/archive_gambar/32699/pendaftaran_perusahaan/494139c4bc0476e07b494f6eb9c59782e7745e7605d7f7ad2154bbc9f6c0cce5AKTA PENDIRIAN BP.pdf.pdf
Download: Success
Upload: Success

FieldName: promise_sibela.tbl_akta_perusahaan.path_akta_akhir
PK ID: 2437
Url: https://prodev.ut.ac.id/sibelauat/archive_gambar/32699/pendaftaran_perusahaan/525e0707c0bbd7421c9b1fd9c92df38151a9d2629a75b3b7db8852f3875d520aAKTA PERUBAHAN BP NO 07, 12 JULI 2022.pdf.pdf
Download: Success
Upload: Success

FieldName: promise_sibela.tbl_akta_perusahaan.path_akta
PK ID: 2438
Url: https://prodev.ut.ac.id/sibelauat/archive_gambar/32701/pendaftaran_perusahaan/655fc346c2a0eab318cd8642aefd0d11e17b7042ca23b6e242ebbdcab0c9477dAKTA PENDIRIAN.pdf.pdf
Download: Success
Upload: Success

FieldName: promise_sibela.tbl_akta_perusahaan.path_akta_akhir
PK ID: 2438
Url: https://prodev.ut.ac.id/sibelauat/archive_gambar/32701/pendaftaran_perusahaan/ff26f839fb9a2e846129fad1097a970f0cf4cdb9660c8781bcded7c059c40d7dAKTA PERUBAHAN.pdf.pdf
Download: Success
Upload: Success

FieldName: promise_sibela.tbl_akta_perusahaan.path_akta
PK ID: 2439
Url: https://prodev.ut.ac.id/sibelauat/archive_gambar/32698/pendaftaran_perusahaan/cb2fd85b2560d0b433a2faf9dfc4463ee5b6a75970e5b5ac6c51aac6fdb3eedeAKTA KOMPLIT.pdf.pdf
Download: Success
Upload: Success

FieldName: promise_sibela.tbl_akta_perusahaan.path_akta
PK ID: 2440
Url: https://prodev.ut.ac.id/sibelauat/archive_gambar/32710/pendaftaran_perusahaan/6680690de0f15ed18731ab44518f7e4b19558f3ac5947da445d8b63cc2f1da481. Scan Salinan Akta PT Wiskul Media Kreatif (30012026)_compressed.pdf.pdf
Download: Success
Upload: Success

FieldName: promise_sibela.tbl_akta_perusahaan.path_akta
PK ID: 2441
Url: https://prodev.ut.ac.id/sibelauat/archive_gambar/32688/pendaftaran_perusahaan/7745da37fb58cd5113c7209c83791e336852188fa071f1a440591ef28afb93a3File-ZY.pdf.pdf
Download: Success
Upload: Success

FieldName: promise_sibela.tbl_akta_perusahaan.path_akta
PK ID: 2442
Url: https://prodev.ut.ac.id/sibelauat/archive_gambar/32702/pendaftaran_perusahaan/881bd4c43c85953b311f3947d95c8a3ee18eaeeed42540e170ed29bd385ac01eAkta Pendirian PT Duta 05 des 2015 (1)_compressed (1).pdf.pdf
Download: Success
Upload: Success

FieldName: promise_sibela.tbl_akta_perusahaan.path_akta_akhir
PK ID: 2442
Url: https://prodev.ut.ac.id/sibelauat/archive_gambar/32702/pendaftaran_perusahaan/0e1634c374d5affa366113fe786d728fbc46596c7e2bc10a7ce9d566bd2b61d0Akta Perubahan PT Duta 10 sep 2018 (2)_compressed (1).pdf.pdf
Download: Success
Upload: Success

FieldName: promise_sibela.tbl_akta_perusahaan.path_akta
PK ID: 2443
Url: https://prodev.ut.ac.id/sibelauat/archive_gambar/32714/pendaftaran_perusahaan/d0d1d8faa6fbb1b038596962948851a82753494f1009b3a23986843cc782419aAkta Pendiri AP No 38_compressed.pdf.pdf
Download: Success
Upload: Success

FieldName: promise_sibela.tbl_akta_perusahaan.path_akta_akhir
PK ID: 2443
Url: https://prodev.ut.ac.id/sibelauat/archive_gambar/32714/pendaftaran_perusahaan/c44bfbfa29c7e1ff3b8f96de0664da84f3d5154bbcb13df07dbc9be42c83d62dAkta Pendiri AP No 192_compressed.pdf.pdf
Download: Success
Upload: Success

FieldName: promise_sibela.tbl_akta_perusahaan.path_akta
PK ID: 2444
Url: https://prodev.ut.ac.id/sibelauat/archive_gambar/32713/pendaftaran_perusahaan/5000b4a31ab5c1eab07622f2f95f2d6c45eeb8731a72db79bfedee0b2a4e8673akte pendirian M2JS dan Pengesahan_II (1)dikompresi (2).pdf.pdf
Download: Success
Upload: Success

FieldName: promise_sibela.tbl_akta_perusahaan.path_akta_akhir
PK ID: 2444
Url: https://prodev.ut.ac.id/sibelauat/archive_gambar/32713/pendaftaran_perusahaan/94fb978f2a4a5d65d8f898f0a7f59b2a36ceeb3bcceac2998c8b7ebc1f5246e5akta no 111 perubahan nama PT Mega Dua Jaya sentosa menjadi Mega Wins Lestari (wecompress.com).pdf.pdf
Download: Success
Upload: Success

FieldName: promise_sibela.tbl_akta_perusahaan.path_akta
PK ID: 2446
Url: https://prodev.ut.ac.id/sibelauat/archive_gambar/32700/pendaftaran_perusahaan/b54dd38f3ca0d0b89273cbff308188812c73edffe11e46c33e9cb50af4fbc9bcSK KEMENKUHAM.pdf.pdf
Download: Success
Upload: Success

