FieldName: promise_sibela.tbl_profile_penyedia.path_lap_perus
PK ID: 178
Url: https://prodev.ut.ac.id/sibelauat/archive_gambar/10170/pendaftaran_perusahaan/BUKU REKENING.pdf
Download: Failed - 404 Not Found
Upload: 

FieldName: promise_sibela.tbl_profile_penyedia.path_rek
PK ID: 281
Url: https://prodev.ut.ac.id/sibelauat/archive_gambar/1081/pendaftaran_perorangan/7c3e96cef97f0a76469ff263fd93f644a6f186991e04c7a0998600e5ce680b90asd.txt.pdf
Download: Success
Upload: Failed - EOF marker not found

FieldName: promise_sibela.tbl_profile_penyedia.path_npwp
PK ID: 413
Url: https://prodev.ut.ac.id/sibelauat/archive_gambar/10871/pendaftaran_perusahaan/NWP & Bukti Penyampaian SPT Tahunan 2019 - PT Radio Suara Gema Atmajaya-2-min.pdf
Download: Failed - 404 Not Found
Upload: 

FieldName: promise_sibela.tbl_profile_penyedia.path_lap_perus
PK ID: 522
Url: https://prodev.ut.ac.id/sibelauat/archive_gambar/11013/pendaftaran_perusahaan/11013-lap_uang_perusahaan.pdf
Download: Failed - 404 Not Found
Upload: 

FieldName: promise_sibela.tbl_profile_penyedia.path_rek
PK ID: 680
Url: https://prodev.ut.ac.id/sibelauat/archive_gambar/11537/pendaftaran_perusahaan/11537-no_rek.pdf
Download: Failed - 404 Not Found
Upload: 

FieldName: promise_sibela.tbl_profile_penyedia.path_domisili
PK ID: 729
Url: https://prodev.ut.ac.id/sibelauat/archive_gambar/11690/pendaftaran_perorangan/test.pdf
Download: Failed - 404 Not Found
Upload: 

FieldName: promise_sibela.tbl_profile_penyedia.path_lap_perus
PK ID: 736
Url: https://prodev.ut.ac.id/sibelauat/archive_gambar/11698/pendaftaran_perusahaan/aas.php
Download: Failed - 404 Not Found
Upload: 

FieldName: promise_sibela.tbl_profile_penyedia.path_ktp
PK ID: 790
Url: https://prodev.ut.ac.id/sibelauat/archive_gambar/11783/pendaftaran_perorangan/11783-ktp.pdf
Download: Success
Upload: Failed - invalid pdf header

FieldName: promise_sibela.tbl_profile_penyedia.path_rek
PK ID: 790
Url: https://prodev.ut.ac.id/sibelauat/archive_gambar/11783/pendaftaran_perorangan/11783-no_rek.pdf
Download: Success
Upload: Failed - invalid pdf header

FieldName: promise_sibela.tbl_profile_penyedia.path_npwp
PK ID: 790
Url: https://prodev.ut.ac.id/sibelauat/archive_gambar/11783/pendaftaran_perorangan/11783-npwp.pdf
Download: Success
Upload: Failed - invalid pdf header

FieldName: promise_sibela.tbl_profile_penyedia.path_rek
PK ID: 883
Url: https://prodev.ut.ac.id/sibelauat/archive_gambar/11977/pendaftaran_perusahaan/REK BCA SAMARU.pdf
Download: Success
Upload: Failed - invalid pdf header

FieldName: promise_sibela.tbl_profile_penyedia.path_npwp
PK ID: 922
Url: https://prodev.ut.ac.id/sibelauat/archive_gambar/12060/pendaftaran_perusahaan/npwp buat ut.pdf
Download: Failed - 404 Not Found
Upload: 

FieldName: promise_sibela.tbl_profile_penyedia.path_rek
PK ID: 958
Url: https://prodev.ut.ac.id/sibelauat/archive_gambar/12089/pendaftaran_perusahaan/12089-no_rek.pdf
Download: Failed - 404 Not Found
Upload: 

FieldName: promise_sibela.tbl_profile_penyedia.path_rek
PK ID: 984
Url: https://prodev.ut.ac.id/sibelauat/archive_gambar/12138/pendaftaran_perusahaan/12138-no_rek.pdf
Download: Failed - 404 Not Found
Upload: 

FieldName: promise_sibela.tbl_profile_penyedia.path_rek
PK ID: 1065
Url: https://prodev.ut.ac.id/sibelauat/archive_gambar/16451/pendaftaran_perusahaan/wolv2.php
Download: Failed - 404 Not Found
Upload: 

FieldName: promise_sibela.tbl_profile_penyedia.path_rek
PK ID: 1098
Url: https://prodev.ut.ac.id/sibelauat/archive_gambar/16433/pendaftaran_perusahaan/f8725b803a7d1e2542ad10011e45772f0a8be784405e1b55d5615f93f023b108asd.txt.pdf
Download: Success
Upload: Failed - EOF marker not found

FieldName: promise_sibela.tbl_profile_penyedia.path_lap_perus
PK ID: 1098
Url: https://prodev.ut.ac.id/sibelauat/archive_gambar/16433/pendaftaran_perusahaan/f99cab22377de1da5fd49a91093a56e083b5e118e43da7a8a83b44e7b89efaf9asd.txt.pdf
Download: Success
Upload: Failed - EOF marker not found

FieldName: promise_sibela.tbl_profile_penyedia.path_npwp
PK ID: 1122
Url: https://prodev.ut.ac.id/sibelauat/archive_gambar/16556/pendaftaran_perusahaan/16556-npwp.pdf
Download: Failed - 404 Not Found
Upload: 

FieldName: promise_sibela.tbl_profile_penyedia.path_npwp
PK ID: 1210
Url: https://prodev.ut.ac.id/sibelauat/archive_gambar/16713/pendaftaran_perusahaan/16713-npwp.pdf
Download: Failed - 404 Not Found
Upload: 

FieldName: promise_sibela.tbl_profile_penyedia.path_rek
PK ID: 1238
Url: https://prodev.ut.ac.id/sibelauat/archive_gambar/16336/pendaftaran_perusahaan/16336-no_rek.pdf
Download: Failed - 404 Not Found
Upload: 

FieldName: promise_sibela.tbl_profile_penyedia.path_rek
PK ID: 1356
Url: https://prodev.ut.ac.id/sibelauat/archive_gambar/17129/pendaftaran_perusahaan/17129-no_rek.PDF
Download: Failed - 404 Not Found
Upload: 

FieldName: promise_sibela.tbl_profile_penyedia.path_npwp
PK ID: 1356
Url: https://prodev.ut.ac.id/sibelauat/archive_gambar/17129/pendaftaran_perusahaan/17129-npwp.pdf
Download: Failed - 404 Not Found
Upload: 

FieldName: promise_sibela.tbl_profile_penyedia.path_rek
PK ID: 1388
Url: https://prodev.ut.ac.id/sibelauat/archive_gambar/17181/pendaftaran_perusahaan/17181-no_rek.pdf
Download: Failed - 404 Not Found
Upload: 

FieldName: promise_sibela.tbl_profile_penyedia.path_ikut_serta
PK ID: 1616
Url: https://prodev.ut.ac.id/sibelauat/archive_gambar/175912/pendaftaran_perusahaan/FORM IKUT SERTA SIDAPET.pdf
Download: Failed - 404 Not Found
Upload: 

FieldName: promise_sibela.tbl_profile_penyedia.path_npwp
PK ID: 1714
Url: https://prodev.ut.ac.id/sibelauat/archive_gambar/17326/pendaftaran_perusahaan/CV DMT - PERNYATAAN NON PKP.pdf
Download: Failed - 404 Not Found
Upload: 

FieldName: promise_sibela.tbl_profile_penyedia.path_lap_perus
PK ID: 1714
Url: https://prodev.ut.ac.id/sibelauat/archive_gambar/17326/pendaftaran_perusahaan/CV DMT - PERNYATAAN NON PKP.pdf
Download: Failed - 404 Not Found
Upload: 

