FieldName: vms_db.tbl_akta_perusahaan.path_akta_akhir
PK ID: 116
Url: https://prodev.ut.ac.id/sidapetuat/archive_gambar/290/pendaftaran_perusahaan/290-akta_akhir.pdf
Download: Failed - 404 Not Found
Upload: 

FieldName: vms_db.tbl_akta_perusahaan.path_akta_akhir
PK ID: 117
Url: https://prodev.ut.ac.id/sidapetuat/archive_gambar/301/pendaftaran_perusahaan/301-akta_akhir.pdf
Download: Failed - 404 Not Found
Upload: 

FieldName: vms_db.tbl_akta_perusahaan.path_akta
PK ID: 122
Url: https://prodev.ut.ac.id/sidapetuat/archive_gambar/306/pendaftaran_perusahaan/306-akta.pdf
Download: Failed - 404 Not Found
Upload: 

FieldName: vms_db.tbl_akta_perusahaan.path_akta_akhir
PK ID: 122
Url: https://prodev.ut.ac.id/sidapetuat/archive_gambar/306/pendaftaran_perusahaan/AKTA PERUBAHAN FR JUNI 2022.pdf
Download: Failed - 404 Not Found
Upload: 

FieldName: vms_db.tbl_akta_perusahaan.path_akta_akhir
PK ID: 155
Url: https://prodev.ut.ac.id/sidapetuat/archive_gambar/337/pendaftaran_perusahaan/337-akta_akhir.pdf
Download: Failed - 404 Not Found
Upload: 

FieldName: vms_db.tbl_akta_perusahaan.path_akta
PK ID: 159
Url: https://prodev.ut.ac.id/sidapetuat/archive_gambar/385/pendaftaran_perusahaan/385-akta.pdf
Download: Failed - 404 Not Found
Upload: 

FieldName: vms_db.tbl_akta_perusahaan.path_akta_akhir
PK ID: 159
Url: https://prodev.ut.ac.id/sidapetuat/archive_gambar/385/pendaftaran_perusahaan/385-akta_akhir.pdf
Download: Failed - 404 Not Found
Upload: 

FieldName: vms_db.tbl_akta_perusahaan.path_akta_akhir
PK ID: 169
Url: https://prodev.ut.ac.id/sidapetuat/archive_gambar/400/pendaftaran_perusahaan/400-akta_akhir.pdf
Download: Failed - 404 Not Found
Upload: 

FieldName: vms_db.tbl_akta_perusahaan.path_akta_akhir
PK ID: 170
Url: https://prodev.ut.ac.id/sidapetuat/archive_gambar/398/pendaftaran_perusahaan/PKR PT HOBASHITA REKA TAMA COPY.pdf
Download: Failed - 404 Not Found
Upload: 

FieldName: vms_db.tbl_akta_perusahaan.path_akta_akhir
PK ID: 173
Url: https://prodev.ut.ac.id/sidapetuat/archive_gambar/404/pendaftaran_perusahaan/404-akta_akhir.pdf
Download: Failed - 404 Not Found
Upload: 

FieldName: vms_db.tbl_akta_perusahaan.path_akta
PK ID: 181
Url: https://prodev.ut.ac.id/sidapetuat/archive_gambar/417/pendaftaran_perusahaan/417-akta.pdf
Download: Failed - 404 Not Found
Upload: 

FieldName: vms_db.tbl_akta_perusahaan.path_akta_akhir
PK ID: 181
Url: https://prodev.ut.ac.id/sidapetuat/archive_gambar/417/pendaftaran_perusahaan/417-akta_akhir.pdf
Download: Failed - 404 Not Found
Upload: 

FieldName: vms_db.tbl_akta_perusahaan.path_akta
PK ID: 184
Url: https://prodev.ut.ac.id/sidapetuat/archive_gambar/492/pendaftaran_perusahaan/AKTA PENDIRIAN + AHU-61120 PT CITRA SARI KENCANA_.pdf
Download: Failed - 404 Not Found
Upload: 

FieldName: vms_db.tbl_akta_perusahaan.path_akta_akhir
PK ID: 188
Url: https://prodev.ut.ac.id/sidapetuat/archive_gambar/555/pendaftaran_perusahaan/555-akta_akhir.pdf
Download: Failed - 404 Not Found
Upload: 

FieldName: vms_db.tbl_akta_perusahaan.path_akta
PK ID: 195
Url: https://prodev.ut.ac.id/sidapetuat/archive_gambar/472/pendaftaran_perusahaan/472-akta.pdf
Download: Failed - 404 Not Found
Upload: 

FieldName: vms_db.tbl_akta_perusahaan.path_akta_akhir
PK ID: 195
Url: https://prodev.ut.ac.id/sidapetuat/archive_gambar/472/pendaftaran_perusahaan/472-akta_akhir.pdf
Download: Failed - 404 Not Found
Upload: 

FieldName: vms_db.tbl_akta_perusahaan.path_akta
PK ID: 196
Url: https://prodev.ut.ac.id/sidapetuat/archive_gambar/645/pendaftaran_perusahaan/645-akta.pdf
Download: Failed - 404 Not Found
Upload: 

FieldName: vms_db.tbl_akta_perusahaan.path_akta_akhir
PK ID: 196
Url: https://prodev.ut.ac.id/sidapetuat/archive_gambar/645/pendaftaran_perusahaan/645-akta_akhir.pdf
Download: Failed - 404 Not Found
Upload: 

FieldName: vms_db.tbl_akta_perusahaan.path_akta
PK ID: 198
Url: https://prodev.ut.ac.id/sidapetuat/archive_gambar/639/pendaftaran_perusahaan/akte Riozaldi  no 16 perfect_30 nov 2009_pendirian awal small pdf.pdf
Download: Failed - 404 Not Found
Upload: 

FieldName: vms_db.tbl_akta_perusahaan.path_akta_akhir
PK ID: 198
Url: https://prodev.ut.ac.id/sidapetuat/archive_gambar/639/pendaftaran_perusahaan/639-akta_akhir.pdf
Download: Failed - 404 Not Found
Upload: 

FieldName: vms_db.tbl_akta_perusahaan.path_akta_akhir
PK ID: 205
Url: https://prodev.ut.ac.id/sidapetuat/archive_gambar/813/pendaftaran_perusahaan/813-akta_akhir.pdf
Download: Failed - 404 Not Found
Upload: 

FieldName: vms_db.tbl_akta_perusahaan.path_akta_akhir
PK ID: 206
Url: https://prodev.ut.ac.id/sidapetuat/archive_gambar/654/pendaftaran_perusahaan/654-akta_akhir.pdf
Download: Failed - 404 Not Found
Upload: 

FieldName: vms_db.tbl_akta_perusahaan.path_akta
PK ID: 212
Url: https://prodev.ut.ac.id/sidapetuat/archive_gambar/655/pendaftaran_perusahaan/655-akta.pdf
Download: Failed - 404 Not Found
Upload: 

FieldName: vms_db.tbl_akta_perusahaan.path_akta_akhir
PK ID: 212
Url: https://prodev.ut.ac.id/sidapetuat/archive_gambar/655/pendaftaran_perusahaan/655-akta_akhir.pdf
Download: Failed - 404 Not Found
Upload: 

FieldName: vms_db.tbl_akta_perusahaan.path_akta
PK ID: 226
Url: https://prodev.ut.ac.id/sidapetuat/archive_gambar/853/pendaftaran_perusahaan/1. AKTA PENDIRIAN & SK MENKEH BHUMYAGARA-compressed (1).pdf
Download: Failed - 404 Not Found
Upload: 

FieldName: vms_db.tbl_akta_perusahaan.path_akta_akhir
PK ID: 226
Url: https://prodev.ut.ac.id/sidapetuat/archive_gambar/853/pendaftaran_perusahaan/853-akta_akhir.pdf
Download: Failed - 404 Not Found
Upload: 

FieldName: vms_db.tbl_akta_perusahaan.path_akta_akhir
PK ID: 247
Url: https://prodev.ut.ac.id/sidapetuat/archive_gambar/401/pendaftaran_perusahaan/09 PKR PT HOBASHITA TAKETAMA COPY - No 107 Tgl 27 Sept 2022.pdf
Download: Failed - 404 Not Found
Upload: 

FieldName: vms_db.tbl_akta_perusahaan.path_akta_akhir
PK ID: 249
Url: https://prodev.ut.ac.id/sidapetuat/archive_gambar/917/pendaftaran_perusahaan/917-akta_akhir.pdf
Download: Failed - 404 Not Found
Upload: 

FieldName: vms_db.tbl_akta_perusahaan.path_akta
PK ID: 253
Url: https://prodev.ut.ac.id/sidapetuat/archive_gambar/906/pendaftaran_perusahaan/1A. AKTE PENDIRIAN & PENGESAHAN-dikompresi.pdf
Download: Failed - 404 Not Found
Upload: 

FieldName: vms_db.tbl_akta_perusahaan.path_akta_akhir
PK ID: 253
Url: https://prodev.ut.ac.id/sidapetuat/archive_gambar/906/pendaftaran_perusahaan/906-akta_akhir.pdf
Download: Failed - 404 Not Found
Upload: 

FieldName: vms_db.tbl_akta_perusahaan.path_akta_akhir
PK ID: 257
Url: https://prodev.ut.ac.id/sidapetuat/archive_gambar/838/pendaftaran_perusahaan/838-akta_akhir.pdf
Download: Failed - 404 Not Found
Upload: 

FieldName: vms_db.tbl_akta_perusahaan.path_akta_akhir
PK ID: 258
Url: https://prodev.ut.ac.id/sidapetuat/archive_gambar/897/pendaftaran_perusahaan/Akta No. 03 Tgl 7 Des 2022.pdf
Download: Failed - 404 Not Found
Upload: 

FieldName: vms_db.tbl_akta_perusahaan.path_akta_akhir
PK ID: 262
Url: https://prodev.ut.ac.id/sidapetuat/archive_gambar/947/pendaftaran_perusahaan/947-akta_akhir.pdf
Download: Failed - 404 Not Found
Upload: 

FieldName: vms_db.tbl_akta_perusahaan.path_akta
PK ID: 275
Url: https://prodev.ut.ac.id/sidapetuat/archive_gambar/421/pendaftaran_perusahaan/421-akta.pdf
Download: Failed - 404 Not Found
Upload: 

FieldName: vms_db.tbl_akta_perusahaan.path_akta
PK ID: 284
Url: https://prodev.ut.ac.id/sidapetuat/archive_gambar/881/pendaftaran_perusahaan/881-akta.pdf
Download: Failed - 404 Not Found
Upload: 

FieldName: vms_db.tbl_akta_perusahaan.path_akta_akhir
PK ID: 284
Url: https://prodev.ut.ac.id/sidapetuat/archive_gambar/881/pendaftaran_perusahaan/881-akta_akhir.pdf
Download: Failed - 404 Not Found
Upload: 

FieldName: vms_db.tbl_akta_perusahaan.path_akta_akhir
PK ID: 298
Url: https://prodev.ut.ac.id/sidapetuat/archive_gambar/166/pendaftaran_perusahaan/166-akta_akhir.pdf
Download: Failed - 404 Not Found
Upload: 

FieldName: vms_db.tbl_akta_perusahaan.path_akta
PK ID: 302
Url: https://prodev.ut.ac.id/sidapetuat/archive_gambar/816/pendaftaran_perusahaan/pengesahan notaris.pdf
Download: Failed - 404 Not Found
Upload: 

FieldName: vms_db.tbl_akta_perusahaan.path_akta_akhir
PK ID: 352
Url: https://prodev.ut.ac.id/sidapetuat/archive_gambar/10412/pendaftaran_perusahaan/36 Akta Keputusan Rapat - Perubahan Direksi No 58 tgl 14 Mar 2023 - Nota....pdf
Download: Failed - 404 Not Found
Upload: 

FieldName: vms_db.tbl_akta_perusahaan.path_akta_akhir
PK ID: 353
Url: https://prodev.ut.ac.id/sidapetuat/archive_gambar/10653/pendaftaran_perusahaan/scan notaris 2021 - convert.pdf
Download: Failed - 404 Not Found
Upload: 

FieldName: vms_db.tbl_akta_perusahaan.path_akta
PK ID: 393
Url: https://prodev.ut.ac.id/sidapetuat/archive_gambar/11121/pendaftaran_perusahaan/akte pendirian 02.pdf
Download: Failed - 404 Not Found
Upload: 

FieldName: vms_db.tbl_akta_perusahaan.path_akta
PK ID: 427
Url: https://prodev.ut.ac.id/sidapetuat/archive_gambar/11031/pendaftaran_perusahaan/11031-akta.pdf
Download: Success
Upload: Failed - invalid pdf header

FieldName: vms_db.tbl_akta_perusahaan.path_akta_akhir
PK ID: 427
Url: https://prodev.ut.ac.id/sidapetuat/archive_gambar/11031/pendaftaran_perusahaan/11031-akta_akhir.pdf
Download: Success
Upload: Failed - invalid pdf header

FieldName: vms_db.tbl_akta_perusahaan.path_akta_akhir
PK ID: 440
Url: https://prodev.ut.ac.id/sidapetuat/archive_gambar/11524/pendaftaran_perusahaan/16 Akte Perubahan Terakhir No. 01 (03 November 2021)_compressed.pdf
Download: Failed - 404 Not Found
Upload: 

FieldName: vms_db.tbl_akta_perusahaan.path_akta
PK ID: 446
Url: https://prodev.ut.ac.id/sidapetuat/archive_gambar/11574/pendaftaran_perusahaan/11574-akta.pdf
Download: Success
Upload: Failed - invalid pdf header

FieldName: vms_db.tbl_akta_perusahaan.path_akta_akhir
PK ID: 459
Url: https://prodev.ut.ac.id/sidapetuat/archive_gambar/11633/pendaftaran_perusahaan/02. AKTA PERUBAHAN TERAKHIR & SK. KEMENKUMHAM PT. GALATAMA.pdf
Download: Failed - 404 Not Found
Upload: 

FieldName: vms_db.tbl_akta_perusahaan.path_akta
PK ID: 483
Url: https://prodev.ut.ac.id/sidapetuat/archive_gambar/11807/pendaftaran_perusahaan/Akta Masuk & Keluar Perseroan.pdf
Download: Failed - 404 Not Found
Upload: 

FieldName: vms_db.tbl_akta_perusahaan.path_akta_akhir
PK ID: 483
Url: https://prodev.ut.ac.id/sidapetuat/archive_gambar/11807/pendaftaran_perusahaan/Akta Masuk & Keluar Perseroan.pdf
Download: Failed - 404 Not Found
Upload: 

FieldName: vms_db.tbl_akta_perusahaan.path_akta_akhir
PK ID: 490
Url: https://prodev.ut.ac.id/sidapetuat/archive_gambar/11839/pendaftaran_perusahaan/(Re-upload) Akta Perubahan No. 4 dan SK - PT Setia Anugrah Medika_compressed.pdf
Download: Failed - 404 Not Found
Upload: 

FieldName: vms_db.tbl_akta_perusahaan.path_akta_akhir
PK ID: 504
Url: https://prodev.ut.ac.id/sidapetuat/archive_gambar/11987/pendaftaran_perusahaan/Kementrian Hukum Akte.pdf
Download: Failed - 404 Not Found
Upload: 

FieldName: vms_db.tbl_akta_perusahaan.path_akta
PK ID: 593
Url: https://prodev.ut.ac.id/sidapetuat/archive_gambar/16410/pendaftaran_perusahaan/16410-akta.pdf
Download: Failed - 404 Not Found
Upload: 

FieldName: vms_db.tbl_akta_perusahaan.path_akta_akhir
PK ID: 660
Url: https://prodev.ut.ac.id/sidapetuat/archive_gambar/16902/pendaftaran_perusahaan/cover akta pendirian CV MFR.pdf
Download: Failed - 404 Not Found
Upload: 

FieldName: vms_db.tbl_akta_perusahaan.path_akta
PK ID: 663
Url: https://prodev.ut.ac.id/sidapetuat/archive_gambar/16799/pendaftaran_perusahaan/2.Akte Pendirian.pdf
Download: Failed - 404 Not Found
Upload: 

FieldName: vms_db.tbl_akta_perusahaan.path_akta_akhir
PK ID: 663
Url: https://prodev.ut.ac.id/sidapetuat/archive_gambar/16799/pendaftaran_perusahaan/3.Surat Ket Pendaftaran AHU.pdf
Download: Failed - 404 Not Found
Upload: 

FieldName: vms_db.tbl_akta_perusahaan.path_akta
PK ID: 666
Url: https://prodev.ut.ac.id/sidapetuat/archive_gambar/16938/pendaftaran_perusahaan/Akte CHD Lengkap 1 pdf.pdf
Download: Failed - 404 Not Found
Upload: 

FieldName: vms_db.tbl_akta_perusahaan.path_akta
PK ID: 667
Url: https://prodev.ut.ac.id/sidapetuat/archive_gambar/16941/pendaftaran_perusahaan/Akte Pendirian_compressed.pdf
Download: Failed - 404 Not Found
Upload: 

FieldName: vms_db.tbl_akta_perusahaan.path_akta_akhir
PK ID: 667
Url: https://prodev.ut.ac.id/sidapetuat/archive_gambar/16941/pendaftaran_perusahaan/16941-akta_akhir.pdf
Download: Failed - 404 Not Found
Upload: 

FieldName: vms_db.tbl_akta_perusahaan.path_akta
PK ID: 668
Url: https://prodev.ut.ac.id/sidapetuat/archive_gambar/17008/pendaftaran_perusahaan/Akta Pendirian_compressed (3) (1)_compressed (1).pdf
Download: Failed - 404 Not Found
Upload: 

FieldName: vms_db.tbl_akta_perusahaan.path_akta_akhir
PK ID: 668
Url: https://prodev.ut.ac.id/sidapetuat/archive_gambar/17008/pendaftaran_perusahaan/17008-akta_akhir.pdf
Download: Failed - 404 Not Found
Upload: 

FieldName: vms_db.tbl_akta_perusahaan.path_akta
PK ID: 669
Url: https://prodev.ut.ac.id/sidapetuat/archive_gambar/17014/pendaftaran_perusahaan/AKTA PENDIRIAN CV ATMAKA.pdf
Download: Failed - 404 Not Found
Upload: 

FieldName: vms_db.tbl_akta_perusahaan.path_akta_akhir
PK ID: 669
Url: https://prodev.ut.ac.id/sidapetuat/archive_gambar/17014/pendaftaran_perusahaan/Akta Pendirian PT. ATMAKA MEDIA KREATIF Tgl.28 Juni 2022 No.11 UPDT.pdf
Download: Failed - 404 Not Found
Upload: 

FieldName: vms_db.tbl_akta_perusahaan.path_akta
PK ID: 670
Url: https://prodev.ut.ac.id/sidapetuat/archive_gambar/17056/pendaftaran_perusahaan/AKTA PT_11zon.pdf
Download: Failed - 404 Not Found
Upload: 

FieldName: vms_db.tbl_akta_perusahaan.path_akta_akhir
PK ID: 670
Url: https://prodev.ut.ac.id/sidapetuat/archive_gambar/17056/pendaftaran_perusahaan/17056-akta_akhir.pdf
Download: Failed - 404 Not Found
Upload: 

FieldName: vms_db.tbl_akta_perusahaan.path_akta
PK ID: 671
Url: https://prodev.ut.ac.id/sidapetuat/archive_gambar/17055/pendaftaran_perusahaan/Akte Pendirian Perusahaan_compressed.pdf
Download: Failed - 404 Not Found
Upload: 

FieldName: vms_db.tbl_akta_perusahaan.path_akta_akhir
PK ID: 671
Url: https://prodev.ut.ac.id/sidapetuat/archive_gambar/17055/pendaftaran_perusahaan/AKTA PERUBAHAN INDIKA NO.04 TGL 24 APRIL 2020.pdf
Download: Failed - 404 Not Found
Upload: 

FieldName: vms_db.tbl_akta_perusahaan.path_akta
PK ID: 672
Url: https://prodev.ut.ac.id/sidapetuat/archive_gambar/17066/pendaftaran_perusahaan/17066-akta.pdf
Download: Failed - 404 Not Found
Upload: 

FieldName: vms_db.tbl_akta_perusahaan.path_akta_akhir
PK ID: 672
Url: https://prodev.ut.ac.id/sidapetuat/archive_gambar/17066/pendaftaran_perusahaan/17066-akta_akhir.pdf
Download: Failed - 404 Not Found
Upload: 

FieldName: vms_db.tbl_akta_perusahaan.path_akta
PK ID: 673
Url: https://prodev.ut.ac.id/sidapetuat/archive_gambar/17074/pendaftaran_perusahaan/AKTA PENDIRIAN.pdf
Download: Failed - 404 Not Found
Upload: 

FieldName: vms_db.tbl_akta_perusahaan.path_akta_akhir
PK ID: 673
Url: https://prodev.ut.ac.id/sidapetuat/archive_gambar/17074/pendaftaran_perusahaan/akta perubahan.pdf
Download: Failed - 404 Not Found
Upload: 

FieldName: vms_db.tbl_akta_perusahaan.path_akta
PK ID: 676
Url: https://prodev.ut.ac.id/sidapetuat/archive_gambar/17077/pendaftaran_perusahaan/17077-akta.pdf
Download: Failed - 404 Not Found
Upload: 

FieldName: vms_db.tbl_akta_perusahaan.path_akta_akhir
PK ID: 676
Url: https://prodev.ut.ac.id/sidapetuat/archive_gambar/17077/pendaftaran_perusahaan/Akta PKPPS Di Luar RUPS PT Grand  Cirindo Tanggal 07 Juli 2020 No 07001_Les memory.pdf
Download: Failed - 404 Not Found
Upload: 

FieldName: vms_db.tbl_akta_perusahaan.path_akta
PK ID: 678
Url: https://prodev.ut.ac.id/sidapetuat/archive_gambar/16999/pendaftaran_perusahaan/AKTA PENDIRIAN 1.35mb.pdf
Download: Failed - 404 Not Found
Upload: 

FieldName: vms_db.tbl_akta_perusahaan.path_akta_akhir
PK ID: 678
Url: https://prodev.ut.ac.id/sidapetuat/archive_gambar/16999/pendaftaran_perusahaan/16999-akta_akhir.pdf
Download: Failed - 404 Not Found
Upload: 

FieldName: vms_db.tbl_akta_perusahaan.path_akta
PK ID: 680
Url: https://prodev.ut.ac.id/sidapetuat/archive_gambar/17140/pendaftaran_perusahaan/17140-akta.pdf
Download: Failed - 404 Not Found
Upload: 

FieldName: vms_db.tbl_akta_perusahaan.path_akta_akhir
PK ID: 680
Url: https://prodev.ut.ac.id/sidapetuat/archive_gambar/17140/pendaftaran_perusahaan/17140-akta_akhir.pdf
Download: Failed - 404 Not Found
Upload: 

FieldName: vms_db.tbl_akta_perusahaan.path_akta
PK ID: 682
Url: https://prodev.ut.ac.id/sidapetuat/archive_gambar/17214/pendaftaran_perusahaan/17214-akta.pdf
Download: Failed - 404 Not Found
Upload: 

FieldName: vms_db.tbl_akta_perusahaan.path_akta_akhir
PK ID: 682
Url: https://prodev.ut.ac.id/sidapetuat/archive_gambar/17214/pendaftaran_perusahaan/17214-akta_akhir.pdf
Download: Failed - 404 Not Found
Upload: 

FieldName: vms_db.tbl_akta_perusahaan.path_akta_akhir
PK ID: 683
Url: https://prodev.ut.ac.id/sidapetuat/archive_gambar/17224/pendaftaran_perusahaan/17224-akta_akhir.pdf
Download: Failed - 404 Not Found
Upload: 

FieldName: vms_db.tbl_akta_perusahaan.path_akta
PK ID: 684
Url: https://prodev.ut.ac.id/sidapetuat/archive_gambar/17237/pendaftaran_perusahaan/17237-akta.pdf
Download: Failed - 404 Not Found
Upload: 

FieldName: vms_db.tbl_akta_perusahaan.path_akta_akhir
PK ID: 684
Url: https://prodev.ut.ac.id/sidapetuat/archive_gambar/17237/pendaftaran_perusahaan/17237-akta_akhir.pdf
Download: Failed - 404 Not Found
Upload: 

FieldName: vms_db.tbl_akta_perusahaan.path_akta
PK ID: 688
Url: https://prodev.ut.ac.id/sidapetuat/archive_gambar/17255/pendaftaran_perusahaan/17255-akta.pdf
Download: Failed - 404 Not Found
Upload: 

FieldName: vms_db.tbl_akta_perusahaan.path_akta_akhir
PK ID: 688
Url: https://prodev.ut.ac.id/sidapetuat/archive_gambar/17255/pendaftaran_perusahaan/004 Akte perubahan (Lilik Martono S.H)_compressed.pdf
Download: Failed - 404 Not Found
Upload: 

FieldName: vms_db.tbl_akta_perusahaan.path_akta
PK ID: 690
Url: https://prodev.ut.ac.id/sidapetuat/archive_gambar/17244/pendaftaran_perusahaan/17244-akta.pdf
Download: Failed - 404 Not Found
Upload: 

FieldName: vms_db.tbl_akta_perusahaan.path_akta_akhir
PK ID: 690
Url: https://prodev.ut.ac.id/sidapetuat/archive_gambar/17244/pendaftaran_perusahaan/17244-akta_akhir.pdf
Download: Failed - 404 Not Found
Upload: 

FieldName: vms_db.tbl_akta_perusahaan.path_akta
PK ID: 697
Url: https://prodev.ut.ac.id/sidapetuat/archive_gambar/17286/pendaftaran_perusahaan/1. AKTA PENDIRIAN dan SK MENKEH_compressed_compressed-dikompresi.pdf
Download: Failed - 404 Not Found
Upload: 

FieldName: vms_db.tbl_akta_perusahaan.path_akta_akhir
PK ID: 697
Url: https://prodev.ut.ac.id/sidapetuat/archive_gambar/17286/pendaftaran_perusahaan/Rab AKTA PERUBAHAN DAN SK MENKEH_compressed (1).pdf
Download: Failed - 404 Not Found
Upload: 

FieldName: vms_db.tbl_akta_perusahaan.path_akta
PK ID: 698
Url: https://prodev.ut.ac.id/sidapetuat/archive_gambar/17290/pendaftaran_perusahaan/17290-akta.pdf
Download: Failed - 404 Not Found
Upload: 

FieldName: vms_db.tbl_akta_perusahaan.path_akta_akhir
PK ID: 698
Url: https://prodev.ut.ac.id/sidapetuat/archive_gambar/17290/pendaftaran_perusahaan/17290-akta_akhir.pdf
Download: Failed - 404 Not Found
Upload: 

FieldName: vms_db.tbl_akta_perusahaan.path_akta
PK ID: 699
Url: https://prodev.ut.ac.id/sidapetuat/archive_gambar/17303/pendaftaran_perusahaan/17303-akta.pdf
Download: Failed - 404 Not Found
Upload: 

FieldName: vms_db.tbl_akta_perusahaan.path_akta_akhir
PK ID: 699
Url: https://prodev.ut.ac.id/sidapetuat/archive_gambar/17303/pendaftaran_perusahaan/17303-akta_akhir.pdf
Download: Failed - 404 Not Found
Upload: 

FieldName: vms_db.tbl_akta_perusahaan.path_akta
PK ID: 700
Url: https://prodev.ut.ac.id/sidapetuat/archive_gambar/17309/pendaftaran_perusahaan/17309-akta.pdf
Download: Failed - 404 Not Found
Upload: 

FieldName: vms_db.tbl_akta_perusahaan.path_akta_akhir
PK ID: 700
Url: https://prodev.ut.ac.id/sidapetuat/archive_gambar/17309/pendaftaran_perusahaan/3. AKTA PERUBAHAN.pdf
Download: Failed - 404 Not Found
Upload: 

FieldName: vms_db.tbl_akta_perusahaan.path_akta_akhir
PK ID: 701
Url: https://prodev.ut.ac.id/sidapetuat/archive_gambar/17307/pendaftaran_perusahaan/17307-akta_akhir.pdf
Download: Failed - 404 Not Found
Upload: 

FieldName: vms_db.tbl_akta_perusahaan.path_akta
PK ID: 704
Url: https://prodev.ut.ac.id/sidapetuat/archive_gambar/17338/pendaftaran_perusahaan/17338-akta.pdf
Download: Failed - 404 Not Found
Upload: 

FieldName: vms_db.tbl_akta_perusahaan.path_akta_akhir
PK ID: 704
Url: https://prodev.ut.ac.id/sidapetuat/archive_gambar/17338/pendaftaran_perusahaan/17338-akta_akhir.pdf
Download: Failed - 404 Not Found
Upload: 

FieldName: vms_db.tbl_akta_perusahaan.path_akta
PK ID: 705
Url: https://prodev.ut.ac.id/sidapetuat/archive_gambar/17349/pendaftaran_perusahaan/17349-akta.pdf
Download: Failed - 404 Not Found
Upload: 

FieldName: vms_db.tbl_akta_perusahaan.path_akta_akhir
PK ID: 705
Url: https://prodev.ut.ac.id/sidapetuat/archive_gambar/17349/pendaftaran_perusahaan/17349-akta_akhir.pdf
Download: Failed - 404 Not Found
Upload: 

FieldName: vms_db.tbl_akta_perusahaan.path_akta
PK ID: 706
Url: https://prodev.ut.ac.id/sidapetuat/archive_gambar/17357/pendaftaran_perusahaan/17357-akta.pdf
Download: Failed - 404 Not Found
Upload: 

FieldName: vms_db.tbl_akta_perusahaan.path_akta_akhir
PK ID: 706
Url: https://prodev.ut.ac.id/sidapetuat/archive_gambar/17357/pendaftaran_perusahaan/AKTE PERUBAHAN.pdf
Download: Failed - 404 Not Found
Upload: 

FieldName: vms_db.tbl_akta_perusahaan.path_akta
PK ID: 709
Url: https://prodev.ut.ac.id/sidapetuat/archive_gambar/17374/pendaftaran_perusahaan/17374-akta.pdf
Download: Failed - 404 Not Found
Upload: 

FieldName: vms_db.tbl_akta_perusahaan.path_akta_akhir
PK ID: 709
Url: https://prodev.ut.ac.id/sidapetuat/archive_gambar/17374/pendaftaran_perusahaan/17374-akta_akhir.pdf
Download: Failed - 404 Not Found
Upload: 

FieldName: vms_db.tbl_akta_perusahaan.path_akta
PK ID: 710
Url: https://prodev.ut.ac.id/sidapetuat/archive_gambar/17368/pendaftaran_perusahaan/17368-akta.pdf
Download: Failed - 404 Not Found
Upload: 

FieldName: vms_db.tbl_akta_perusahaan.path_akta_akhir
PK ID: 710
Url: https://prodev.ut.ac.id/sidapetuat/archive_gambar/17368/pendaftaran_perusahaan/17368-akta_akhir.pdf
Download: Failed - 404 Not Found
Upload: 

FieldName: vms_db.tbl_akta_perusahaan.path_akta
PK ID: 711
Url: https://prodev.ut.ac.id/sidapetuat/archive_gambar/17370/pendaftaran_perusahaan/17370-akta.pdf
Download: Failed - 404 Not Found
Upload: 

FieldName: vms_db.tbl_akta_perusahaan.path_akta_akhir
PK ID: 711
Url: https://prodev.ut.ac.id/sidapetuat/archive_gambar/17370/pendaftaran_perusahaan/17370-akta_akhir.pdf
Download: Failed - 404 Not Found
Upload: 

FieldName: vms_db.tbl_akta_perusahaan.path_akta
PK ID: 712
Url: https://prodev.ut.ac.id/sidapetuat/archive_gambar/17369/pendaftaran_perusahaan/AKTA PENDIRIAN 2004 GABY SIANTORI.pdf
Download: Failed - 404 Not Found
Upload: 

FieldName: vms_db.tbl_akta_perusahaan.path_akta_akhir
PK ID: 712
Url: https://prodev.ut.ac.id/sidapetuat/archive_gambar/17369/pendaftaran_perusahaan/17369-akta_akhir.pdf
Download: Failed - 404 Not Found
Upload: 

FieldName: vms_db.tbl_akta_perusahaan.path_akta
PK ID: 719
Url: https://prodev.ut.ac.id/sidapetuat/archive_gambar/17410/pendaftaran_perusahaan/17410-akta.pdf
Download: Failed - 404 Not Found
Upload: 

FieldName: vms_db.tbl_akta_perusahaan.path_akta_akhir
PK ID: 719
Url: https://prodev.ut.ac.id/sidapetuat/archive_gambar/17410/pendaftaran_perusahaan/11. Akta Perubahan 2018_11zon (1).pdf
Download: Failed - 404 Not Found
Upload: 

FieldName: vms_db.tbl_akta_perusahaan.path_akta_akhir
PK ID: 720
Url: https://prodev.ut.ac.id/sidapetuat/archive_gambar/17423/pendaftaran_perusahaan/17423-akta_akhir.pdf
Download: Failed - 404 Not Found
Upload: 

FieldName: vms_db.tbl_akta_perusahaan.path_akta
PK ID: 721
Url: https://prodev.ut.ac.id/sidapetuat/archive_gambar/17438/pendaftaran_perusahaan/17438-akta.pdf
Download: Failed - 404 Not Found
Upload: 

FieldName: vms_db.tbl_akta_perusahaan.path_akta_akhir
PK ID: 721
Url: https://prodev.ut.ac.id/sidapetuat/archive_gambar/17438/pendaftaran_perusahaan/17438-akta_akhir.pdf
Download: Failed - 404 Not Found
Upload: 

FieldName: vms_db.tbl_akta_perusahaan.path_akta_akhir
PK ID: 725
Url: https://prodev.ut.ac.id/sidapetuat/archive_gambar/17426/pendaftaran_perusahaan/17426-akta_akhir.pdf
Download: Failed - 404 Not Found
Upload: 

FieldName: vms_db.tbl_akta_perusahaan.path_akta
PK ID: 726
Url: https://prodev.ut.ac.id/sidapetuat/archive_gambar/17450/pendaftaran_perusahaan/17450-akta.pdf
Download: Failed - 404 Not Found
Upload: 

FieldName: vms_db.tbl_akta_perusahaan.path_akta_akhir
PK ID: 726
Url: https://prodev.ut.ac.id/sidapetuat/archive_gambar/17450/pendaftaran_perusahaan/17450-akta_akhir.pdf
Download: Failed - 404 Not Found
Upload: 

FieldName: vms_db.tbl_akta_perusahaan.path_akta
PK ID: 730
Url: https://prodev.ut.ac.id/sidapetuat/archive_gambar/17496/pendaftaran_perusahaan/akta Lion Express (Lama )_compressed (1).pdf
Download: Failed - 404 Not Found
Upload: 

FieldName: vms_db.tbl_akta_perusahaan.path_akta_akhir
PK ID: 730
Url: https://prodev.ut.ac.id/sidapetuat/archive_gambar/17496/pendaftaran_perusahaan/AKTE PERUBAHAN (No.4) - 2017 copy_compressed (1).pdf
Download: Failed - 404 Not Found
Upload: 

FieldName: vms_db.tbl_akta_perusahaan.path_akta_akhir
PK ID: 732
Url: https://prodev.ut.ac.id/sidapetuat/archive_gambar/17504/pendaftaran_perusahaan/AM013 Akta No. 55 (21 Apr 2022) & SK Kemenkumham - Change of BOD + Change of Authority of Directors (1) (1)-dikompresi (1)_compressed.pdf
Download: Failed - 404 Not Found
Upload: 

FieldName: vms_db.tbl_akta_perusahaan.path_akta
PK ID: 749
Url: https://prodev.ut.ac.id/sidapetuat/archive_gambar/17557/pendaftaran_perusahaan/17557-akta.pdf
Download: Failed - 404 Not Found
Upload: 

FieldName: vms_db.tbl_akta_perusahaan.path_akta_akhir
PK ID: 749
Url: https://prodev.ut.ac.id/sidapetuat/archive_gambar/17557/pendaftaran_perusahaan/17557-akta_akhir.pdf
Download: Failed - 404 Not Found
Upload: 

FieldName: vms_db.tbl_akta_perusahaan.path_akta
PK ID: 750
Url: https://prodev.ut.ac.id/sidapetuat/archive_gambar/17568/pendaftaran_perusahaan/AKTA MGI 2022_opt.pdf
Download: Failed - 404 Not Found
Upload: 

FieldName: vms_db.tbl_akta_perusahaan.path_akta_akhir
PK ID: 750
Url: https://prodev.ut.ac.id/sidapetuat/archive_gambar/17568/pendaftaran_perusahaan/17568-akta_akhir.pdf
Download: Failed - 404 Not Found
Upload: 

FieldName: vms_db.tbl_akta_perusahaan.path_akta_akhir
PK ID: 756
Url: https://prodev.ut.ac.id/sidapetuat/archive_gambar/17589/pendaftaran_perusahaan/1. Akta No. 55 tanggal 7 Agustus 2020 Tentang Pengangkatan Bp. Tonny Latidjan Sebagai Komisaris Independen.pdf
Download: Failed - 404 Not Found
Upload: 

FieldName: vms_db.tbl_akta_perusahaan.path_akta
PK ID: 784
Url: https://prodev.ut.ac.id/sidapetuat/archive_gambar/17685/pendaftaran_perusahaan/Akte Pendirian 1 (2).pdf
Download: Failed - 404 Not Found
Upload: 

FieldName: vms_db.tbl_akta_perusahaan.path_akta_akhir
PK ID: 784
Url: https://prodev.ut.ac.id/sidapetuat/archive_gambar/17685/pendaftaran_perusahaan/2. Akte Perubahan Terakhir dan Kemenhumham_compressed (1).pdf
Download: Failed - 404 Not Found
Upload: 

FieldName: vms_db.tbl_akta_perusahaan.path_akta
PK ID: 799
Url: https://prodev.ut.ac.id/sidapetuat/archive_gambar/17753/pendaftaran_perusahaan/17753-akta.pdf
Download: Failed - 404 Not Found
Upload: 

FieldName: vms_db.tbl_akta_perusahaan.path_akta_akhir
PK ID: 799
Url: https://prodev.ut.ac.id/sidapetuat/archive_gambar/17753/pendaftaran_perusahaan/17753-akta_akhir.pdf
Download: Failed - 404 Not Found
Upload: 

FieldName: vms_db.tbl_akta_perusahaan.path_akta
PK ID: 801
Url: https://prodev.ut.ac.id/sidapetuat/archive_gambar/17752/pendaftaran_perusahaan/17752-akta.pdf
Download: Failed - 404 Not Found
Upload: 

FieldName: vms_db.tbl_akta_perusahaan.path_akta_akhir
PK ID: 801
Url: https://prodev.ut.ac.id/sidapetuat/archive_gambar/17752/pendaftaran_perusahaan/1. DIM - AKTA PERUBAHAN 2021 dan 2023.pdf
Download: Failed - 404 Not Found
Upload: 

FieldName: vms_db.tbl_akta_perusahaan.path_akta
PK ID: 802
Url: https://prodev.ut.ac.id/sidapetuat/archive_gambar/17761/pendaftaran_perusahaan/17761-akta.pdf
Download: Failed - 404 Not Found
Upload: 

FieldName: vms_db.tbl_akta_perusahaan.path_akta_akhir
PK ID: 802
Url: https://prodev.ut.ac.id/sidapetuat/archive_gambar/17761/pendaftaran_perusahaan/17761-akta_akhir.pdf
Download: Failed - 404 Not Found
Upload: 

FieldName: vms_db.tbl_akta_perusahaan.path_akta
PK ID: 804
Url: https://prodev.ut.ac.id/sidapetuat/archive_gambar/17764/pendaftaran_perusahaan/17764-akta.pdf
Download: Failed - 404 Not Found
Upload: 

FieldName: vms_db.tbl_akta_perusahaan.path_akta_akhir
PK ID: 804
Url: https://prodev.ut.ac.id/sidapetuat/archive_gambar/17764/pendaftaran_perusahaan/17764-akta_akhir.pdf
Download: Failed - 404 Not Found
Upload: 

FieldName: vms_db.tbl_akta_perusahaan.path_akta
PK ID: 807
Url: https://prodev.ut.ac.id/sidapetuat/archive_gambar/17773/pendaftaran_perusahaan/17773-akta.pdf
Download: Failed - 404 Not Found
Upload: 

FieldName: vms_db.tbl_akta_perusahaan.path_akta_akhir
PK ID: 807
Url: https://prodev.ut.ac.id/sidapetuat/archive_gambar/17773/pendaftaran_perusahaan/17773-akta_akhir.pdf
Download: Failed - 404 Not Found
Upload: 

FieldName: vms_db.tbl_akta_perusahaan.path_akta
PK ID: 808
Url: https://prodev.ut.ac.id/sidapetuat/archive_gambar/17778/pendaftaran_perusahaan/17778-akta.pdf
Download: Failed - 404 Not Found
Upload: 

FieldName: vms_db.tbl_akta_perusahaan.path_akta_akhir
PK ID: 808
Url: https://prodev.ut.ac.id/sidapetuat/archive_gambar/17778/pendaftaran_perusahaan/17778-akta_akhir.pdf
Download: Failed - 404 Not Found
Upload: 

FieldName: vms_db.tbl_akta_perusahaan.path_akta
PK ID: 809
Url: https://prodev.ut.ac.id/sidapetuat/archive_gambar/17779/pendaftaran_perusahaan/17779-akta.pdf
Download: Failed - 404 Not Found
Upload: 

FieldName: vms_db.tbl_akta_perusahaan.path_akta_akhir
PK ID: 809
Url: https://prodev.ut.ac.id/sidapetuat/archive_gambar/17779/pendaftaran_perusahaan/17779-akta_akhir.pdf
Download: Failed - 404 Not Found
Upload: 

FieldName: vms_db.tbl_akta_perusahaan.path_akta
PK ID: 810
Url: https://prodev.ut.ac.id/sidapetuat/archive_gambar/17784/pendaftaran_perusahaan/17784-akta.pdf
Download: Failed - 404 Not Found
Upload: 

FieldName: vms_db.tbl_akta_perusahaan.path_akta_akhir
PK ID: 810
Url: https://prodev.ut.ac.id/sidapetuat/archive_gambar/17784/pendaftaran_perusahaan/17784-akta_akhir.pdf
Download: Failed - 404 Not Found
Upload: 

FieldName: vms_db.tbl_akta_perusahaan.path_akta
PK ID: 811
Url: https://prodev.ut.ac.id/sidapetuat/archive_gambar/17771/pendaftaran_perusahaan/17771-akta.pdf
Download: Failed - 404 Not Found
Upload: 

FieldName: vms_db.tbl_akta_perusahaan.path_akta_akhir
PK ID: 811
Url: https://prodev.ut.ac.id/sidapetuat/archive_gambar/17771/pendaftaran_perusahaan/17771-akta_akhir.pdf
Download: Failed - 404 Not Found
Upload: 

FieldName: vms_db.tbl_akta_perusahaan.path_akta
PK ID: 812
Url: https://prodev.ut.ac.id/sidapetuat/archive_gambar/17777/pendaftaran_perusahaan/17777-akta.pdf
Download: Failed - 404 Not Found
Upload: 

FieldName: vms_db.tbl_akta_perusahaan.path_akta_akhir
PK ID: 812
Url: https://prodev.ut.ac.id/sidapetuat/archive_gambar/17777/pendaftaran_perusahaan/17777-akta_akhir.pdf
Download: Failed - 404 Not Found
Upload: 

FieldName: vms_db.tbl_akta_perusahaan.path_akta
PK ID: 813
Url: https://prodev.ut.ac.id/sidapetuat/archive_gambar/17768/pendaftaran_perusahaan/17768-akta.pdf
Download: Failed - 404 Not Found
Upload: 

FieldName: vms_db.tbl_akta_perusahaan.path_akta_akhir
PK ID: 813
Url: https://prodev.ut.ac.id/sidapetuat/archive_gambar/17768/pendaftaran_perusahaan/17768-akta_akhir.pdf
Download: Failed - 404 Not Found
Upload: 

FieldName: vms_db.tbl_akta_perusahaan.path_akta
PK ID: 814
Url: https://prodev.ut.ac.id/sidapetuat/archive_gambar/17785/pendaftaran_perusahaan/17785-akta.pdf
Download: Failed - 404 Not Found
Upload: 

FieldName: vms_db.tbl_akta_perusahaan.path_akta_akhir
PK ID: 814
Url: https://prodev.ut.ac.id/sidapetuat/archive_gambar/17785/pendaftaran_perusahaan/17785-akta_akhir.pdf
Download: Failed - 404 Not Found
Upload: 

FieldName: vms_db.tbl_akta_perusahaan.path_akta
PK ID: 815
Url: https://prodev.ut.ac.id/sidapetuat/archive_gambar/17770/pendaftaran_perusahaan/1 Akta Pendirian DMG Investment Services No. 36_compressed.pdf
Download: Failed - 404 Not Found
Upload: 

FieldName: vms_db.tbl_akta_perusahaan.path_akta_akhir
PK ID: 815
Url: https://prodev.ut.ac.id/sidapetuat/archive_gambar/17770/pendaftaran_perusahaan/3  Akta Perubahan DMG INVESTMENT SERVICES_increase capital_No. 204_12 Aug 2021.pdf
Download: Failed - 404 Not Found
Upload: 

FieldName: vms_db.tbl_akta_perusahaan.path_akta
PK ID: 816
Url: https://prodev.ut.ac.id/sidapetuat/archive_gambar/17793/pendaftaran_perusahaan/AKTA PENDIRIAN USAHA-compressed.pdf
Download: Failed - 404 Not Found
Upload: 

FieldName: vms_db.tbl_akta_perusahaan.path_akta_akhir
PK ID: 816
Url: https://prodev.ut.ac.id/sidapetuat/archive_gambar/17793/pendaftaran_perusahaan/AKTA PENDIRIAN USAHA-compressed.pdf
Download: Failed - 404 Not Found
Upload: 

FieldName: vms_db.tbl_akta_perusahaan.path_akta
PK ID: 819
Url: https://prodev.ut.ac.id/sidapetuat/archive_gambar/17804/pendaftaran_perusahaan/akta pendirian 2012_compressed_compressed.pdf
Download: Failed - 404 Not Found
Upload: 

FieldName: vms_db.tbl_akta_perusahaan.path_akta
PK ID: 821
Url: https://prodev.ut.ac.id/sidapetuat/archive_gambar/11630/pendaftaran_perusahaan/11630-akta.pdf
Download: Failed - 404 Not Found
Upload: 

FieldName: vms_db.tbl_akta_perusahaan.path_akta_akhir
PK ID: 821
Url: https://prodev.ut.ac.id/sidapetuat/archive_gambar/11630/pendaftaran_perusahaan/11630-akta_akhir.pdf
Download: Failed - 404 Not Found
Upload: 

FieldName: vms_db.tbl_akta_perusahaan.path_akta
PK ID: 823
Url: https://prodev.ut.ac.id/sidapetuat/archive_gambar/17839/pendaftaran_perusahaan/Akta Pendirian PT. BBB 1.pdf
Download: Failed - 404 Not Found
Upload: 

FieldName: vms_db.tbl_akta_perusahaan.path_akta_akhir
PK ID: 823
Url: https://prodev.ut.ac.id/sidapetuat/archive_gambar/17839/pendaftaran_perusahaan/Akta Perbh Nov 1.pdf
Download: Failed - 404 Not Found
Upload: 

FieldName: vms_db.tbl_akta_perusahaan.path_akta
PK ID: 824
Url: https://prodev.ut.ac.id/sidapetuat/archive_gambar/17845/pendaftaran_perusahaan/1. AKTA No.12 PENDIRIAN IONIJAYA_2000.rev00.pdf
Download: Failed - 404 Not Found
Upload: 

FieldName: vms_db.tbl_akta_perusahaan.path_akta_akhir
PK ID: 824
Url: https://prodev.ut.ac.id/sidapetuat/archive_gambar/17845/pendaftaran_perusahaan/AKTA PERUBAHAN AD IONI JAYA NO 02 TGL 25 JAN 2022.pdf
Download: Failed - 404 Not Found
Upload: 

