FieldName: vms_db.tbl_ijin_usaha_perusahaan.path_izin
PK ID: 207
Url: https://prodev.ut.ac.id/sidapetuat/archive_gambar/306/pendaftaran_perusahaan/306-izin usaha-1.pdf
Download: Failed - 404 Not Found
Upload: 

FieldName: vms_db.tbl_ijin_usaha_perusahaan.path_izin
PK ID: 282
Url: https://prodev.ut.ac.id/sidapetuat/archive_gambar/306/pendaftaran_perusahaan/TDP 2017-2022.pdf
Download: Failed - 404 Not Found
Upload: 

FieldName: vms_db.tbl_ijin_usaha_perusahaan.path_izin
PK ID: 283
Url: https://prodev.ut.ac.id/sidapetuat/archive_gambar/306/pendaftaran_perusahaan/NIB_9120300221153 FR K.pdf
Download: Failed - 404 Not Found
Upload: 

FieldName: vms_db.tbl_ijin_usaha_perusahaan.path_izin
PK ID: 284
Url: https://prodev.ut.ac.id/sidapetuat/archive_gambar/306/pendaftaran_perusahaan/DOMISILI Jan-Juni 2020.pdf
Download: Failed - 404 Not Found
Upload: 

FieldName: vms_db.tbl_ijin_usaha_perusahaan.path_izin
PK ID: 293
Url: https://prodev.ut.ac.id/sidapetuat/archive_gambar/385/pendaftaran_perusahaan/SIUP.pdf
Download: Failed - 404 Not Found
Upload: 

FieldName: vms_db.tbl_ijin_usaha_perusahaan.path_izin
PK ID: 301
Url: https://prodev.ut.ac.id/sidapetuat/archive_gambar/388/pendaftaran_perusahaan/388-izin usaha-1.pdf
Download: Failed - 404 Not Found
Upload: 

FieldName: vms_db.tbl_ijin_usaha_perusahaan.path_izin
PK ID: 302
Url: https://prodev.ut.ac.id/sidapetuat/archive_gambar/388/pendaftaran_perusahaan/388-izin usaha-2.pdf
Download: Failed - 404 Not Found
Upload: 

FieldName: vms_db.tbl_ijin_usaha_perusahaan.path_izin
PK ID: 303
Url: https://prodev.ut.ac.id/sidapetuat/archive_gambar/385/pendaftaran_perusahaan/TDP Softwareone.pdf
Download: Failed - 404 Not Found
Upload: 

FieldName: vms_db.tbl_ijin_usaha_perusahaan.path_izin
PK ID: 310
Url: https://prodev.ut.ac.id/sidapetuat/archive_gambar/398/pendaftaran_perusahaan/NIB PT HOBASHITA REKA TAMA.pdf
Download: Failed - 404 Not Found
Upload: 

FieldName: vms_db.tbl_ijin_usaha_perusahaan.path_izin
PK ID: 380
Url: https://prodev.ut.ac.id/sidapetuat/archive_gambar/388/pendaftaran_perusahaan/NIB MTJ 2019.pdf
Download: Failed - 404 Not Found
Upload: 

FieldName: vms_db.tbl_ijin_usaha_perusahaan.path_izin
PK ID: 381
Url: https://prodev.ut.ac.id/sidapetuat/archive_gambar/388/pendaftaran_perusahaan/AEPCertificate MTJ.pdf
Download: Failed - 404 Not Found
Upload: 

FieldName: vms_db.tbl_ijin_usaha_perusahaan.path_izin
PK ID: 382
Url: https://prodev.ut.ac.id/sidapetuat/archive_gambar/388/pendaftaran_perusahaan/SURAT KUASA - UT Promise.pdf
Download: Failed - 404 Not Found
Upload: 

FieldName: vms_db.tbl_ijin_usaha_perusahaan.path_izin
PK ID: 383
Url: https://prodev.ut.ac.id/sidapetuat/archive_gambar/388/pendaftaran_perusahaan/S. Pernyataan, Lap Keu 2029, Arus Kas.pdf
Download: Failed - 404 Not Found
Upload: 

FieldName: vms_db.tbl_ijin_usaha_perusahaan.path_izin
PK ID: 389
Url: https://prodev.ut.ac.id/sidapetuat/archive_gambar/417/pendaftaran_perusahaan/Akta Pendirian No.49  Notaris Raden Mas Soediarto_1.1MB.pdf
Download: Failed - 404 Not Found
Upload: 

FieldName: vms_db.tbl_ijin_usaha_perusahaan.path_izin
PK ID: 410
Url: https://prodev.ut.ac.id/sidapetuat/archive_gambar/385/pendaftaran_perusahaan/6. Menhukam 0004563AH0102TAHUN2018.pdf
Download: Failed - 404 Not Found
Upload: 

FieldName: vms_db.tbl_ijin_usaha_perusahaan.path_izin
PK ID: 414
Url: https://prodev.ut.ac.id/sidapetuat/archive_gambar/385/pendaftaran_perusahaan/NIB.pdf
Download: Failed - 404 Not Found
Upload: 

FieldName: vms_db.tbl_ijin_usaha_perusahaan.path_izin
PK ID: 415
Url: https://prodev.ut.ac.id/sidapetuat/archive_gambar/385/pendaftaran_perusahaan/SURAT KUASA Tender UT.pdf
Download: Failed - 404 Not Found
Upload: 

FieldName: vms_db.tbl_ijin_usaha_perusahaan.path_izin
PK ID: 416
Url: https://prodev.ut.ac.id/sidapetuat/archive_gambar/385/pendaftaran_perusahaan/TDP.pdf
Download: Failed - 404 Not Found
Upload: 

FieldName: vms_db.tbl_ijin_usaha_perusahaan.path_izin
PK ID: 418
Url: https://prodev.ut.ac.id/sidapetuat/archive_gambar/385/pendaftaran_perusahaan/SRT PERNYATAAN UT.pdf
Download: Failed - 404 Not Found
Upload: 

FieldName: vms_db.tbl_ijin_usaha_perusahaan.path_izin
PK ID: 419
Url: https://prodev.ut.ac.id/sidapetuat/archive_gambar/385/pendaftaran_perusahaan/LSP MICROSOFT.pdf
Download: Failed - 404 Not Found
Upload: 

FieldName: vms_db.tbl_ijin_usaha_perusahaan.path_izin
PK ID: 420
Url: https://prodev.ut.ac.id/sidapetuat/archive_gambar/388/pendaftaran_perusahaan/Akta Peubahan Terakhir 2019r-opt.pdf
Download: Failed - 404 Not Found
Upload: 

FieldName: vms_db.tbl_ijin_usaha_perusahaan.path_izin
PK ID: 421
Url: https://prodev.ut.ac.id/sidapetuat/archive_gambar/388/pendaftaran_perusahaan/AKTA-PT-MTJ-g.pdf
Download: Failed - 404 Not Found
Upload: 

FieldName: vms_db.tbl_ijin_usaha_perusahaan.path_izin
PK ID: 442
Url: https://prodev.ut.ac.id/sidapetuat/archive_gambar/417/pendaftaran_perusahaan/Akta Perubahan Direksi CSK - No.87 Notaris Netty Maria.pdf
Download: Failed - 404 Not Found
Upload: 

FieldName: vms_db.tbl_ijin_usaha_perusahaan.path_izin
PK ID: 443
Url: https://prodev.ut.ac.id/sidapetuat/archive_gambar/417/pendaftaran_perusahaan/NIB CSK.pdf
Download: Failed - 404 Not Found
Upload: 

FieldName: vms_db.tbl_ijin_usaha_perusahaan.path_izin
PK ID: 444
Url: https://prodev.ut.ac.id/sidapetuat/archive_gambar/417/pendaftaran_perusahaan/Surat Keterangan Domisili CSK.pdf
Download: Failed - 404 Not Found
Upload: 

FieldName: vms_db.tbl_ijin_usaha_perusahaan.path_izin
PK ID: 453
Url: https://prodev.ut.ac.id/sidapetuat/archive_gambar/398/pendaftaran_perusahaan/SS KBLI 41012 PT HOBASHITA.pdf
Download: Failed - 404 Not Found
Upload: 

FieldName: vms_db.tbl_ijin_usaha_perusahaan.path_izin
PK ID: 454
Url: https://prodev.ut.ac.id/sidapetuat/archive_gambar/398/pendaftaran_perusahaan/SS KBLI 41015 PT HOBASHITA.pdf
Download: Failed - 404 Not Found
Upload: 

FieldName: vms_db.tbl_ijin_usaha_perusahaan.path_izin
PK ID: 459
Url: https://prodev.ut.ac.id/sidapetuat/archive_gambar/417/pendaftaran_perusahaan/npwp.pdf
Download: Failed - 404 Not Found
Upload: 

FieldName: vms_db.tbl_ijin_usaha_perusahaan.path_izin
PK ID: 468
Url: https://prodev.ut.ac.id/sidapetuat/archive_gambar/472/pendaftaran_perusahaan/NIB JAVA.pdf
Download: Failed - 404 Not Found
Upload: 

FieldName: vms_db.tbl_ijin_usaha_perusahaan.path_izin
PK ID: 469
Url: https://prodev.ut.ac.id/sidapetuat/archive_gambar/645/pendaftaran_perusahaan/SIUP DAN TDP PT MUSTIKA PARAHYANGAN.pdf
Download: Failed - 404 Not Found
Upload: 

FieldName: vms_db.tbl_ijin_usaha_perusahaan.path_izin
PK ID: 471
Url: https://prodev.ut.ac.id/sidapetuat/archive_gambar/639/pendaftaran_perusahaan/639-izin usaha-1.pdf
Download: Failed - 404 Not Found
Upload: 

FieldName: vms_db.tbl_ijin_usaha_perusahaan.path_izin
PK ID: 490
Url: https://prodev.ut.ac.id/sidapetuat/archive_gambar/655/pendaftaran_perusahaan/SIUP & TDP-merged-compressed.pdf
Download: Failed - 404 Not Found
Upload: 

FieldName: vms_db.tbl_ijin_usaha_perusahaan.path_izin
PK ID: 511
Url: https://prodev.ut.ac.id/sidapetuat/archive_gambar/853/pendaftaran_perusahaan/6. NIB (NOMOR INDUK BERUSAHA).pdf
Download: Failed - 404 Not Found
Upload: 

FieldName: vms_db.tbl_ijin_usaha_perusahaan.path_izin
PK ID: 555
Url: https://prodev.ut.ac.id/sidapetuat/archive_gambar/401/pendaftaran_perusahaan/10 NIB PT HOBASHITA TAKETAMA - 2022.pdf
Download: Failed - 404 Not Found
Upload: 

FieldName: vms_db.tbl_ijin_usaha_perusahaan.path_izin
PK ID: 576
Url: https://prodev.ut.ac.id/sidapetuat/archive_gambar/906/pendaftaran_perusahaan/SIUP nib iso.pdf
Download: Failed - 404 Not Found
Upload: 

FieldName: vms_db.tbl_ijin_usaha_perusahaan.path_izin
PK ID: 577
Url: https://prodev.ut.ac.id/sidapetuat/archive_gambar/906/pendaftaran_perusahaan/SIUJK smk3 bpjs.pdf
Download: Failed - 404 Not Found
Upload: 

FieldName: vms_db.tbl_ijin_usaha_perusahaan.path_izin
PK ID: 583
Url: https://prodev.ut.ac.id/sidapetuat/archive_gambar/897/pendaftaran_perusahaan/NIB DTS OSS RBA Perubahan Ke 45 terakhir.pdf
Download: Failed - 404 Not Found
Upload: 

FieldName: vms_db.tbl_ijin_usaha_perusahaan.path_izin
PK ID: 584
Url: https://prodev.ut.ac.id/sidapetuat/archive_gambar/897/pendaftaran_perusahaan/Sertifikat Standar DTS 43304 Telah Terverifikasi.pdf
Download: Failed - 404 Not Found
Upload: 

FieldName: vms_db.tbl_ijin_usaha_perusahaan.path_izin
PK ID: 619
Url: https://prodev.ut.ac.id/sidapetuat/archive_gambar/881/pendaftaran_perusahaan/SIUP & TDP.PDF
Download: Failed - 404 Not Found
Upload: 

FieldName: vms_db.tbl_ijin_usaha_perusahaan.path_izin
PK ID: 644
Url: https://prodev.ut.ac.id/sidapetuat/archive_gambar/639/pendaftaran_perusahaan/Domisili perfect jkt-1.1mb.pdf
Download: Failed - 404 Not Found
Upload: 

FieldName: vms_db.tbl_ijin_usaha_perusahaan.path_izin
PK ID: 648
Url: https://prodev.ut.ac.id/sidapetuat/archive_gambar/639/pendaftaran_perusahaan/Daftar  ikut serta Penyedia Terpilih Universitas Terbuka.pdf
Download: Failed - 404 Not Found
Upload: 

FieldName: vms_db.tbl_ijin_usaha_perusahaan.path_izin
PK ID: 649
Url: https://prodev.ut.ac.id/sidapetuat/archive_gambar/645/pendaftaran_perusahaan/SURAT DOMISILI PRFM.pdf
Download: Failed - 404 Not Found
Upload: 

FieldName: vms_db.tbl_ijin_usaha_perusahaan.path_izin
PK ID: 652
Url: https://prodev.ut.ac.id/sidapetuat/archive_gambar/639/pendaftaran_perusahaan/Surat kuasa.pdf
Download: Failed - 404 Not Found
Upload: 

FieldName: vms_db.tbl_ijin_usaha_perusahaan.path_izin
PK ID: 657
Url: https://prodev.ut.ac.id/sidapetuat/archive_gambar/645/pendaftaran_perusahaan/Surat Kuasa.pdf
Download: Failed - 404 Not Found
Upload: 

FieldName: vms_db.tbl_ijin_usaha_perusahaan.path_izin
PK ID: 661
Url: https://prodev.ut.ac.id/sidapetuat/archive_gambar/472/pendaftaran_perusahaan/SURAT KUASA DAVID JAVA.pdf
Download: Failed - 404 Not Found
Upload: 

FieldName: vms_db.tbl_ijin_usaha_perusahaan.path_izin
PK ID: 664
Url: https://prodev.ut.ac.id/sidapetuat/archive_gambar/853/pendaftaran_perusahaan/8. SIUP (SURAT IZIN USAHA PERDAGANGAN).pdf
Download: Failed - 404 Not Found
Upload: 

FieldName: vms_db.tbl_ijin_usaha_perusahaan.path_izin
PK ID: 665
Url: https://prodev.ut.ac.id/sidapetuat/archive_gambar/853/pendaftaran_perusahaan/7. SIUJK (SURAT IJIN USAHA JASA KONSTRUKSI).pdf
Download: Failed - 404 Not Found
Upload: 

FieldName: vms_db.tbl_ijin_usaha_perusahaan.path_izin
PK ID: 666
Url: https://prodev.ut.ac.id/sidapetuat/archive_gambar/853/pendaftaran_perusahaan/17. SBU (SERTIFIKAT BADAN USAHA JASA PELAKSANA KONSTRUKSI) BHUMYAGARA.pdf
Download: Failed - 404 Not Found
Upload: 

FieldName: vms_db.tbl_ijin_usaha_perusahaan.path_izin
PK ID: 667
Url: https://prodev.ut.ac.id/sidapetuat/archive_gambar/853/pendaftaran_perusahaan/12. TDP (TANDA DAFTAR PERUSAHAAN).pdf
Download: Failed - 404 Not Found
Upload: 

FieldName: vms_db.tbl_ijin_usaha_perusahaan.path_izin
PK ID: 668
Url: https://prodev.ut.ac.id/sidapetuat/archive_gambar/853/pendaftaran_perusahaan/18. Sertifikat BPJS Ketenagakerjaan.pdf
Download: Failed - 404 Not Found
Upload: 

FieldName: vms_db.tbl_ijin_usaha_perusahaan.path_izin
PK ID: 669
Url: https://prodev.ut.ac.id/sidapetuat/archive_gambar/906/pendaftaran_perusahaan/17. SERTIFIKAT BPJS KES CARRESIH154.pdf
Download: Failed - 404 Not Found
Upload: 

FieldName: vms_db.tbl_ijin_usaha_perusahaan.path_izin
PK ID: 670
Url: https://prodev.ut.ac.id/sidapetuat/archive_gambar/853/pendaftaran_perusahaan/10. BPJS_KES_9120114290739.pdf
Download: Failed - 404 Not Found
Upload: 

FieldName: vms_db.tbl_ijin_usaha_perusahaan.path_izin
PK ID: 671
Url: https://prodev.ut.ac.id/sidapetuat/archive_gambar/906/pendaftaran_perusahaan/18. SERTIFIKAT JAMSOSTEK.pdf
Download: Failed - 404 Not Found
Upload: 

FieldName: vms_db.tbl_ijin_usaha_perusahaan.path_izin
PK ID: 689
Url: https://prodev.ut.ac.id/sidapetuat/archive_gambar/816/pendaftaran_perusahaan/SIUP MP.pdf
Download: Failed - 404 Not Found
Upload: 

FieldName: vms_db.tbl_ijin_usaha_perusahaan.path_izin
PK ID: 714
Url: https://prodev.ut.ac.id/sidapetuat/archive_gambar/959/pendaftaran_perusahaan/.ISO 14001-2015 PT APG & Client Report many schemes 14001.pdf
Download: Failed - 404 Not Found
Upload: 

FieldName: vms_db.tbl_ijin_usaha_perusahaan.path_izin
PK ID: 720
Url: https://prodev.ut.ac.id/sidapetuat/archive_gambar/881/pendaftaran_perusahaan/54. NIB (Nomor Induk Berusaha) - Perubahan Domisili.pdf
Download: Failed - 404 Not Found
Upload: 

FieldName: vms_db.tbl_ijin_usaha_perusahaan.path_izin
PK ID: 721
Url: https://prodev.ut.ac.id/sidapetuat/archive_gambar/881/pendaftaran_perusahaan/44. Tanda Daftar Perusahaan 2018.pdf
Download: Failed - 404 Not Found
Upload: 

FieldName: vms_db.tbl_ijin_usaha_perusahaan.path_izin
PK ID: 722
Url: https://prodev.ut.ac.id/sidapetuat/archive_gambar/881/pendaftaran_perusahaan/45. Sertifikat Badan Usaha (SBU) Jasa Pelaksana Konstruksi Bangunan Gedung (BG) 2018.pdf
Download: Failed - 404 Not Found
Upload: 

FieldName: vms_db.tbl_ijin_usaha_perusahaan.path_izin
PK ID: 723
Url: https://prodev.ut.ac.id/sidapetuat/archive_gambar/881/pendaftaran_perusahaan/46. Sertifikat Badan Usaha (SBU) Jasa Pelaksana Konstruksi Instalasi Mekanikal dan Elektrikal (EL) 2018.pdf
Download: Failed - 404 Not Found
Upload: 

FieldName: vms_db.tbl_ijin_usaha_perusahaan.path_izin
PK ID: 724
Url: https://prodev.ut.ac.id/sidapetuat/archive_gambar/881/pendaftaran_perusahaan/47. Sertifikat Badan Usaha (SBU) Jasa Pelaksana Konstruksi Instalasi Mekanikal dan Elektrikal (MK) 2018.pdf
Download: Failed - 404 Not Found
Upload: 

FieldName: vms_db.tbl_ijin_usaha_perusahaan.path_izin
PK ID: 725
Url: https://prodev.ut.ac.id/sidapetuat/archive_gambar/881/pendaftaran_perusahaan/50. Surat Ijin Usaha Jasa Kontruksi Kegiatan Usaha Jasa Pelaksana Konstruksi (Kontraktor) 2018.pdf
Download: Failed - 404 Not Found
Upload: 

FieldName: vms_db.tbl_ijin_usaha_perusahaan.path_izin
PK ID: 726
Url: https://prodev.ut.ac.id/sidapetuat/archive_gambar/881/pendaftaran_perusahaan/40. Sertifikat Kepesertaan Jaminan Sosial Tenaga Kerja.pdf
Download: Failed - 404 Not Found
Upload: 

FieldName: vms_db.tbl_ijin_usaha_perusahaan.path_izin
PK ID: 727
Url: https://prodev.ut.ac.id/sidapetuat/archive_gambar/881/pendaftaran_perusahaan/BPJS Kesehatan.pdf
Download: Failed - 404 Not Found
Upload: 

FieldName: vms_db.tbl_ijin_usaha_perusahaan.path_izin
PK ID: 766
Url: https://prodev.ut.ac.id/sidapetuat/archive_gambar/1073/pendaftaran_perusahaan/14032026-1234@IZIN USAHA-2024.pdf
Download: Success
Upload: Success

FieldName: vms_db.tbl_ijin_usaha_perusahaan.path_izin
PK ID: 768
Url: https://prodev.ut.ac.id/sidapetuat/archive_gambar/1076/pendaftaran_perusahaan/14032026-1121@4 NIB 41012-Standar.pdf
Download: Success
Upload: Success

FieldName: vms_db.tbl_ijin_usaha_perusahaan.path_izin
PK ID: 798
Url: https://prodev.ut.ac.id/sidapetuat/archive_gambar/1073/pendaftaran_perusahaan/14032026-1237@4 NIB 2024.pdf
Download: Success
Upload: Success

FieldName: vms_db.tbl_ijin_usaha_perusahaan.path_izin
PK ID: 869
Url: https://prodev.ut.ac.id/sidapetuat/archive_gambar/10431/pendaftaran_perusahaan/NIB RBA.pdf
Download: Failed - 404 Not Found
Upload: 

FieldName: vms_db.tbl_ijin_usaha_perusahaan.path_izin
PK ID: 1038
Url: https://prodev.ut.ac.id/sidapetuat/archive_gambar/11359/pendaftaran_perusahaan/9. APIK_BPJS KESEHATAN DAN KETENAGAKERJAAN.pdf
Download: Failed - 404 Not Found
Upload: 

FieldName: vms_db.tbl_ijin_usaha_perusahaan.path_izin
PK ID: 1115
Url: https://prodev.ut.ac.id/sidapetuat/archive_gambar/11031/pendaftaran_perusahaan/NIB ASTRA.pdf
Download: Success
Upload: Failed - invalid pdf header

FieldName: vms_db.tbl_ijin_usaha_perusahaan.path_izin
PK ID: 1194
Url: https://prodev.ut.ac.id/sidapetuat/archive_gambar/11633/pendaftaran_perusahaan/NIB BARU PT. GALATAMA 2023.pdf
Download: Failed - 404 Not Found
Upload: 

FieldName: vms_db.tbl_ijin_usaha_perusahaan.path_izin
PK ID: 1195
Url: https://prodev.ut.ac.id/sidapetuat/archive_gambar/11633/pendaftaran_perusahaan/05. SBU BANGUNAN GEDUNG BG 006 KBLI 41016 PT. GALATAMA.pdf
Download: Failed - 404 Not Found
Upload: 

FieldName: vms_db.tbl_ijin_usaha_perusahaan.path_izin
PK ID: 1196
Url: https://prodev.ut.ac.id/sidapetuat/archive_gambar/11633/pendaftaran_perusahaan/DOMISILI PT. GALATAMA 2023.pdf
Download: Failed - 404 Not Found
Upload: 

FieldName: vms_db.tbl_ijin_usaha_perusahaan.path_izin
PK ID: 1197
Url: https://prodev.ut.ac.id/sidapetuat/archive_gambar/11633/pendaftaran_perusahaan/SERTIFIKAT_STANDAR_91203079006312022_4.pdf
Download: Failed - 404 Not Found
Upload: 

FieldName: vms_db.tbl_ijin_usaha_perusahaan.path_izin
PK ID: 1198
Url: https://prodev.ut.ac.id/sidapetuat/archive_gambar/11633/pendaftaran_perusahaan/NIB BARU PT. GALATAMA 2023.pdf
Download: Failed - 404 Not Found
Upload: 

FieldName: vms_db.tbl_ijin_usaha_perusahaan.path_izin
PK ID: 1235
Url: https://prodev.ut.ac.id/sidapetuat/archive_gambar/11627/pendaftaran_perusahaan/TDP.pdf
Download: Failed - 404 Not Found
Upload: 

FieldName: vms_db.tbl_ijin_usaha_perusahaan.path_izin
PK ID: 1236
Url: https://prodev.ut.ac.id/sidapetuat/archive_gambar/11627/pendaftaran_perusahaan/NIB SATRIAMAS.pdf
Download: Failed - 404 Not Found
Upload: 

FieldName: vms_db.tbl_ijin_usaha_perusahaan.path_izin
PK ID: 1241
Url: https://prodev.ut.ac.id/sidapetuat/archive_gambar/11627/pendaftaran_perusahaan/0 - 3374 - 06 - 002 - 1 - 11 - 009448 (1).pdf
Download: Failed - 404 Not Found
Upload: 

FieldName: vms_db.tbl_ijin_usaha_perusahaan.path_izin
PK ID: 1242
Url: https://prodev.ut.ac.id/sidapetuat/archive_gambar/11627/pendaftaran_perusahaan/0 - 3374 - 07 - 002 - 1 - 11 - 009448 (1).pdf
Download: Failed - 404 Not Found
Upload: 

FieldName: vms_db.tbl_ijin_usaha_perusahaan.path_izin
PK ID: 1243
Url: https://prodev.ut.ac.id/sidapetuat/archive_gambar/11627/pendaftaran_perusahaan/0 - 3374 - 08 - 002 - 1 - 11 - 009448 (1).pdf
Download: Failed - 404 Not Found
Upload: 

FieldName: vms_db.tbl_ijin_usaha_perusahaan.path_izin
PK ID: 1244
Url: https://prodev.ut.ac.id/sidapetuat/archive_gambar/11627/pendaftaran_perusahaan/0 - 3374 - 09 - 002 - 1 - 11 - 009448 (1).pdf
Download: Failed - 404 Not Found
Upload: 

FieldName: vms_db.tbl_ijin_usaha_perusahaan.path_izin
PK ID: 1253
Url: https://prodev.ut.ac.id/sidapetuat/archive_gambar/11633/pendaftaran_perusahaan/ISO 9001 GALATAMA 2022 KAN.pdf
Download: Failed - 404 Not Found
Upload: 

FieldName: vms_db.tbl_ijin_usaha_perusahaan.path_izin
PK ID: 1254
Url: https://prodev.ut.ac.id/sidapetuat/archive_gambar/11633/pendaftaran_perusahaan/ISO 14001 GALATAMA 2022 KAN.pdf
Download: Failed - 404 Not Found
Upload: 

FieldName: vms_db.tbl_ijin_usaha_perusahaan.path_izin
PK ID: 1255
Url: https://prodev.ut.ac.id/sidapetuat/archive_gambar/11633/pendaftaran_perusahaan/ISO 45001 GALATAMA 2022 KAN.pdf
Download: Failed - 404 Not Found
Upload: 

FieldName: vms_db.tbl_ijin_usaha_perusahaan.path_izin
PK ID: 1430
Url: https://prodev.ut.ac.id/sidapetuat/archive_gambar/16291/pendaftaran_perusahaan/16291-izin usaha-1.pdf
Download: Failed - 404 Not Found
Upload: 

FieldName: vms_db.tbl_ijin_usaha_perusahaan.path_izin
PK ID: 1622
Url: https://prodev.ut.ac.id/sidapetuat/archive_gambar/16390/pendaftaran_perusahaan/11d. SBU Mekanikal.pdf
Download: Failed - 404 Not Found
Upload: 

FieldName: vms_db.tbl_ijin_usaha_perusahaan.path_izin
PK ID: 1741
Url: https://prodev.ut.ac.id/sidapetuat/archive_gambar/16410/pendaftaran_perusahaan/23. SERTIFIKAT ISO 9001 - 2015 - PT. BIRO ARSITEK_Compressed.pdf
Download: Success
Upload: Failed - pypdf.errors.EmptyFileError: Cannot read an empty file

FieldName: vms_db.tbl_ijin_usaha_perusahaan.path_izin
PK ID: 1795
Url: https://prodev.ut.ac.id/sidapetuat/archive_gambar/16566/pendaftaran_perusahaan/API U New - B - 2016.pdf
Download: Failed - 404 Not Found
Upload: 

FieldName: vms_db.tbl_ijin_usaha_perusahaan.path_izin
PK ID: 1881
Url: https://prodev.ut.ac.id/sidapetuat/archive_gambar/16941/pendaftaran_perusahaan/16941-izin usaha-1.pdf
Download: Failed - 404 Not Found
Upload: 

FieldName: vms_db.tbl_ijin_usaha_perusahaan.path_izin
PK ID: 1882
Url: https://prodev.ut.ac.id/sidapetuat/archive_gambar/16938/pendaftaran_perusahaan/SIUP DAN TDP.pdf
Download: Failed - 404 Not Found
Upload: 

FieldName: vms_db.tbl_ijin_usaha_perusahaan.path_izin
PK ID: 1883
Url: https://prodev.ut.ac.id/sidapetuat/archive_gambar/16941/pendaftaran_perusahaan/02. Domisili Clozette Lt.1004.pdf
Download: Failed - 404 Not Found
Upload: 

FieldName: vms_db.tbl_ijin_usaha_perusahaan.path_izin
PK ID: 1884
Url: https://prodev.ut.ac.id/sidapetuat/archive_gambar/16941/pendaftaran_perusahaan/01. SIUP CID 2021.pdf
Download: Failed - 404 Not Found
Upload: 

FieldName: vms_db.tbl_ijin_usaha_perusahaan.path_izin
PK ID: 1885
Url: https://prodev.ut.ac.id/sidapetuat/archive_gambar/17008/pendaftaran_perusahaan/SIUP & NIB_UT_merged_compressed.pdf
Download: Failed - 404 Not Found
Upload: 

FieldName: vms_db.tbl_ijin_usaha_perusahaan.path_izin
PK ID: 1886
Url: https://prodev.ut.ac.id/sidapetuat/archive_gambar/17014/pendaftaran_perusahaan/17014-izin usaha-1.pdf
Download: Failed - 404 Not Found
Upload: 

FieldName: vms_db.tbl_ijin_usaha_perusahaan.path_izin
PK ID: 1887
Url: https://prodev.ut.ac.id/sidapetuat/archive_gambar/17056/pendaftaran_perusahaan/17056-izin usaha-1.pdf
Download: Failed - 404 Not Found
Upload: 

FieldName: vms_db.tbl_ijin_usaha_perusahaan.path_izin
PK ID: 1888
Url: https://prodev.ut.ac.id/sidapetuat/archive_gambar/17055/pendaftaran_perusahaan/NIB INDIKA 22 (1)_compressed.pdf
Download: Failed - 404 Not Found
Upload: 

FieldName: vms_db.tbl_ijin_usaha_perusahaan.path_izin
PK ID: 1889
Url: https://prodev.ut.ac.id/sidapetuat/archive_gambar/17066/pendaftaran_perusahaan/IZIN_USAHA_.pdf
Download: Failed - 404 Not Found
Upload: 

FieldName: vms_db.tbl_ijin_usaha_perusahaan.path_izin
PK ID: 1890
Url: https://prodev.ut.ac.id/sidapetuat/archive_gambar/17074/pendaftaran_perusahaan/SIUP DAN NIB.pdf
Download: Failed - 404 Not Found
Upload: 

FieldName: vms_db.tbl_ijin_usaha_perusahaan.path_izin
PK ID: 1893
Url: https://prodev.ut.ac.id/sidapetuat/archive_gambar/17077/pendaftaran_perusahaan/NOVOTEL.pdf
Download: Failed - 404 Not Found
Upload: 

FieldName: vms_db.tbl_ijin_usaha_perusahaan.path_izin
PK ID: 1895
Url: https://prodev.ut.ac.id/sidapetuat/archive_gambar/16999/pendaftaran_perusahaan/16999-izin usaha-1.pdf
Download: Failed - 404 Not Found
Upload: 

FieldName: vms_db.tbl_ijin_usaha_perusahaan.path_izin
PK ID: 1897
Url: https://prodev.ut.ac.id/sidapetuat/archive_gambar/17140/pendaftaran_perusahaan/17140-izin usaha-1.pdf
Download: Failed - 404 Not Found
Upload: 

FieldName: vms_db.tbl_ijin_usaha_perusahaan.path_izin
PK ID: 1898
Url: https://prodev.ut.ac.id/sidapetuat/archive_gambar/17055/pendaftaran_perusahaan/NIB INDIKA 22 (1)_compressed.pdf
Download: Failed - 404 Not Found
Upload: 

FieldName: vms_db.tbl_ijin_usaha_perusahaan.path_izin
PK ID: 1899
Url: https://prodev.ut.ac.id/sidapetuat/archive_gambar/17055/pendaftaran_perusahaan/SIUP_compressed.pdf
Download: Failed - 404 Not Found
Upload: 

FieldName: vms_db.tbl_ijin_usaha_perusahaan.path_izin
PK ID: 1900
Url: https://prodev.ut.ac.id/sidapetuat/archive_gambar/17066/pendaftaran_perusahaan/NIB_9120117043804.pdf
Download: Failed - 404 Not Found
Upload: 

FieldName: vms_db.tbl_ijin_usaha_perusahaan.path_izin
PK ID: 1901
Url: https://prodev.ut.ac.id/sidapetuat/archive_gambar/17066/pendaftaran_perusahaan/Tanda Daftar Perusahaan PT Pamma Malikal Adam.pdf
Download: Failed - 404 Not Found
Upload: 

FieldName: vms_db.tbl_ijin_usaha_perusahaan.path_izin
PK ID: 1902
Url: https://prodev.ut.ac.id/sidapetuat/archive_gambar/398/pendaftaran_perusahaan/SS KBLI 41016 PT HOBASHITA.pdf
Download: Failed - 404 Not Found
Upload: 

FieldName: vms_db.tbl_ijin_usaha_perusahaan.path_izin
PK ID: 1903
Url: https://prodev.ut.ac.id/sidapetuat/archive_gambar/398/pendaftaran_perusahaan/SS KBLI 42204 PT HOBASHITA.pdf
Download: Failed - 404 Not Found
Upload: 

FieldName: vms_db.tbl_ijin_usaha_perusahaan.path_izin
PK ID: 1904
Url: https://prodev.ut.ac.id/sidapetuat/archive_gambar/17077/pendaftaran_perusahaan/NIB RBA.pdf
Download: Failed - 404 Not Found
Upload: 

FieldName: vms_db.tbl_ijin_usaha_perusahaan.path_izin
PK ID: 1907
Url: https://prodev.ut.ac.id/sidapetuat/archive_gambar/17214/pendaftaran_perusahaan/17214-izin usaha-1.pdf
Download: Failed - 404 Not Found
Upload: 

FieldName: vms_db.tbl_ijin_usaha_perusahaan.path_izin
PK ID: 1913
Url: https://prodev.ut.ac.id/sidapetuat/archive_gambar/17255/pendaftaran_perusahaan/NIB 14A.pdf
Download: Failed - 404 Not Found
Upload: 

FieldName: vms_db.tbl_ijin_usaha_perusahaan.path_izin
PK ID: 1914
Url: https://prodev.ut.ac.id/sidapetuat/archive_gambar/17255/pendaftaran_perusahaan/Ijin Usaha Deplu Raya.pdf
Download: Failed - 404 Not Found
Upload: 

FieldName: vms_db.tbl_ijin_usaha_perusahaan.path_izin
PK ID: 1915
Url: https://prodev.ut.ac.id/sidapetuat/archive_gambar/17255/pendaftaran_perusahaan/17255-izin usaha-3.pdf
Download: Failed - 404 Not Found
Upload: 

FieldName: vms_db.tbl_ijin_usaha_perusahaan.path_izin
PK ID: 1916
Url: https://prodev.ut.ac.id/sidapetuat/archive_gambar/17255/pendaftaran_perusahaan/010 BPJS Mahawira.pdf
Download: Failed - 404 Not Found
Upload: 

FieldName: vms_db.tbl_ijin_usaha_perusahaan.path_izin
PK ID: 1921
Url: https://prodev.ut.ac.id/sidapetuat/archive_gambar/17244/pendaftaran_perusahaan/17244-izin usaha-1.pdf
Download: Failed - 404 Not Found
Upload: 

FieldName: vms_db.tbl_ijin_usaha_perusahaan.path_izin
PK ID: 1924
Url: https://prodev.ut.ac.id/sidapetuat/archive_gambar/17255/pendaftaran_perusahaan/012 SBU MPT EL 008 011 - sd 2024.pdf
Download: Failed - 404 Not Found
Upload: 

FieldName: vms_db.tbl_ijin_usaha_perusahaan.path_izin
PK ID: 1925
Url: https://prodev.ut.ac.id/sidapetuat/archive_gambar/17255/pendaftaran_perusahaan/SBU MPT MK 001 002 - sd 2024.pdf
Download: Failed - 404 Not Found
Upload: 

FieldName: vms_db.tbl_ijin_usaha_perusahaan.path_izin
PK ID: 1926
Url: https://prodev.ut.ac.id/sidapetuat/archive_gambar/17255/pendaftaran_perusahaan/Surat Keagenan - SIEMENS 2022 (1).pdf
Download: Failed - 404 Not Found
Upload: 

FieldName: vms_db.tbl_ijin_usaha_perusahaan.path_izin
PK ID: 1927
Url: https://prodev.ut.ac.id/sidapetuat/archive_gambar/17255/pendaftaran_perusahaan/Surat Keterangan Terdaftar Deplu.pdf
Download: Failed - 404 Not Found
Upload: 

FieldName: vms_db.tbl_ijin_usaha_perusahaan.path_izin
PK ID: 1928
Url: https://prodev.ut.ac.id/sidapetuat/archive_gambar/17255/pendaftaran_perusahaan/012 - PKP.pdf
Download: Failed - 404 Not Found
Upload: 

FieldName: vms_db.tbl_ijin_usaha_perusahaan.path_izin
PK ID: 1934
Url: https://prodev.ut.ac.id/sidapetuat/archive_gambar/17255/pendaftaran_perusahaan/016 Surat Pernyataan tidak pailit.pdf
Download: Failed - 404 Not Found
Upload: 

FieldName: vms_db.tbl_ijin_usaha_perusahaan.path_izin
PK ID: 1935
Url: https://prodev.ut.ac.id/sidapetuat/archive_gambar/17255/pendaftaran_perusahaan/017 Surat Pernyataan Tidak Masuk Daftar Hitam.pdf
Download: Failed - 404 Not Found
Upload: 

FieldName: vms_db.tbl_ijin_usaha_perusahaan.path_izin
PK ID: 1938
Url: https://prodev.ut.ac.id/sidapetuat/archive_gambar/17286/pendaftaran_perusahaan/4. oss nib berbasis resiko_compressed.pdf
Download: Failed - 404 Not Found
Upload: 

FieldName: vms_db.tbl_ijin_usaha_perusahaan.path_izin
PK ID: 1939
Url: https://prodev.ut.ac.id/sidapetuat/archive_gambar/17290/pendaftaran_perusahaan/17290-izin usaha-1.pdf
Download: Failed - 404 Not Found
Upload: 

FieldName: vms_db.tbl_ijin_usaha_perusahaan.path_izin
PK ID: 1940
Url: https://prodev.ut.ac.id/sidapetuat/archive_gambar/17290/pendaftaran_perusahaan/17290-izin usaha-2.pdf
Download: Failed - 404 Not Found
Upload: 

FieldName: vms_db.tbl_ijin_usaha_perusahaan.path_izin
PK ID: 1941
Url: https://prodev.ut.ac.id/sidapetuat/archive_gambar/17303/pendaftaran_perusahaan/17303-izin usaha-1.pdf
Download: Failed - 404 Not Found
Upload: 

FieldName: vms_db.tbl_ijin_usaha_perusahaan.path_izin
PK ID: 1942
Url: https://prodev.ut.ac.id/sidapetuat/archive_gambar/17303/pendaftaran_perusahaan/17303-izin usaha-2.pdf
Download: Failed - 404 Not Found
Upload: 

FieldName: vms_db.tbl_ijin_usaha_perusahaan.path_izin
PK ID: 1943
Url: https://prodev.ut.ac.id/sidapetuat/archive_gambar/17303/pendaftaran_perusahaan/17303-izin usaha-3.pdf
Download: Failed - 404 Not Found
Upload: 

FieldName: vms_db.tbl_ijin_usaha_perusahaan.path_izin
PK ID: 1944
Url: https://prodev.ut.ac.id/sidapetuat/archive_gambar/17255/pendaftaran_perusahaan/Surat Pernyataan utk UT_compressed.pdf
Download: Failed - 404 Not Found
Upload: 

FieldName: vms_db.tbl_ijin_usaha_perusahaan.path_izin
PK ID: 1945
Url: https://prodev.ut.ac.id/sidapetuat/archive_gambar/17266/pendaftaran_perusahaan/SURAT KUASA dan KTP Dhani.pdf
Download: Failed - 404 Not Found
Upload: 

FieldName: vms_db.tbl_ijin_usaha_perusahaan.path_izin
PK ID: 1947
Url: https://prodev.ut.ac.id/sidapetuat/archive_gambar/17309/pendaftaran_perusahaan/IJIN USAHA NIB.pdf
Download: Failed - 404 Not Found
Upload: 

FieldName: vms_db.tbl_ijin_usaha_perusahaan.path_izin
PK ID: 1948
Url: https://prodev.ut.ac.id/sidapetuat/archive_gambar/17303/pendaftaran_perusahaan/SBU Pengawasan Rekayasa - CV Catha Aguna Karya.pdf
Download: Failed - 404 Not Found
Upload: 

FieldName: vms_db.tbl_ijin_usaha_perusahaan.path_izin
PK ID: 1949
Url: https://prodev.ut.ac.id/sidapetuat/archive_gambar/17303/pendaftaran_perusahaan/===Izin Usaha Jasa Konstruksi - CV Catha Agun Karya===.pdf
Download: Failed - 404 Not Found
Upload: 

FieldName: vms_db.tbl_ijin_usaha_perusahaan.path_izin
PK ID: 1951
Url: https://prodev.ut.ac.id/sidapetuat/archive_gambar/17309/pendaftaran_perusahaan/SURAT KUASA DAN KTP.pdf
Download: Failed - 404 Not Found
Upload: 

FieldName: vms_db.tbl_ijin_usaha_perusahaan.path_izin
PK ID: 1954
Url: https://prodev.ut.ac.id/sidapetuat/archive_gambar/17338/pendaftaran_perusahaan/nib berbasis resiko axel (1).pdf
Download: Failed - 404 Not Found
Upload: 

FieldName: vms_db.tbl_ijin_usaha_perusahaan.path_izin
PK ID: 1964
Url: https://prodev.ut.ac.id/sidapetuat/archive_gambar/17349/pendaftaran_perusahaan/13032026-1721@NPWP-ELEKTRONIK-The WUJIL.pdf
Download: Success
Upload: Success

FieldName: vms_db.tbl_ijin_usaha_perusahaan.path_izin
PK ID: 1965
Url: https://prodev.ut.ac.id/sidapetuat/archive_gambar/17338/pendaftaran_perusahaan/SERTIFIKAT BPJS PT AXEL.pdf
Download: Failed - 404 Not Found
Upload: 

FieldName: vms_db.tbl_ijin_usaha_perusahaan.path_izin
PK ID: 1966
Url: https://prodev.ut.ac.id/sidapetuat/archive_gambar/17338/pendaftaran_perusahaan/surat kuasa PT Axel.pdf
Download: Failed - 404 Not Found
Upload: 

FieldName: vms_db.tbl_ijin_usaha_perusahaan.path_izin
PK ID: 1967
Url: https://prodev.ut.ac.id/sidapetuat/archive_gambar/17357/pendaftaran_perusahaan/NIB-1.pdf
Download: Failed - 404 Not Found
Upload: 

FieldName: vms_db.tbl_ijin_usaha_perusahaan.path_izin
PK ID: 1970
Url: https://prodev.ut.ac.id/sidapetuat/archive_gambar/17374/pendaftaran_perusahaan/17374-izin usaha-1.pdf
Download: Failed - 404 Not Found
Upload: 

FieldName: vms_db.tbl_ijin_usaha_perusahaan.path_izin
PK ID: 1971
Url: https://prodev.ut.ac.id/sidapetuat/archive_gambar/17368/pendaftaran_perusahaan/17368-izin usaha-1.pdf
Download: Failed - 404 Not Found
Upload: 

FieldName: vms_db.tbl_ijin_usaha_perusahaan.path_izin
PK ID: 1972
Url: https://prodev.ut.ac.id/sidapetuat/archive_gambar/17368/pendaftaran_perusahaan/17368-izin usaha-2.pdf
Download: Failed - 404 Not Found
Upload: 

FieldName: vms_db.tbl_ijin_usaha_perusahaan.path_izin
PK ID: 1973
Url: https://prodev.ut.ac.id/sidapetuat/archive_gambar/17368/pendaftaran_perusahaan/17368-izin usaha-3.pdf
Download: Failed - 404 Not Found
Upload: 

FieldName: vms_db.tbl_ijin_usaha_perusahaan.path_izin
PK ID: 1974
Url: https://prodev.ut.ac.id/sidapetuat/archive_gambar/17368/pendaftaran_perusahaan/17368-izin usaha-4.pdf
Download: Failed - 404 Not Found
Upload: 

FieldName: vms_db.tbl_ijin_usaha_perusahaan.path_izin
PK ID: 1975
Url: https://prodev.ut.ac.id/sidapetuat/archive_gambar/17368/pendaftaran_perusahaan/17368-izin usaha-5.pdf
Download: Failed - 404 Not Found
Upload: 

FieldName: vms_db.tbl_ijin_usaha_perusahaan.path_izin
PK ID: 1976
Url: https://prodev.ut.ac.id/sidapetuat/archive_gambar/17368/pendaftaran_perusahaan/17368-izin usaha-6.pdf
Download: Failed - 404 Not Found
Upload: 

FieldName: vms_db.tbl_ijin_usaha_perusahaan.path_izin
PK ID: 1977
Url: https://prodev.ut.ac.id/sidapetuat/archive_gambar/17368/pendaftaran_perusahaan/17368-izin usaha-7.pdf
Download: Failed - 404 Not Found
Upload: 

FieldName: vms_db.tbl_ijin_usaha_perusahaan.path_izin
PK ID: 1978
Url: https://prodev.ut.ac.id/sidapetuat/archive_gambar/17368/pendaftaran_perusahaan/17368-izin usaha-8.pdf
Download: Failed - 404 Not Found
Upload: 

FieldName: vms_db.tbl_ijin_usaha_perusahaan.path_izin
PK ID: 1979
Url: https://prodev.ut.ac.id/sidapetuat/archive_gambar/17370/pendaftaran_perusahaan/17370-izin usaha-1.pdf
Download: Failed - 404 Not Found
Upload: 

FieldName: vms_db.tbl_ijin_usaha_perusahaan.path_izin
PK ID: 1980
Url: https://prodev.ut.ac.id/sidapetuat/archive_gambar/11524/pendaftaran_perusahaan/6. Izin Usaha ( SIUP).pdf
Download: Failed - 404 Not Found
Upload: 

FieldName: vms_db.tbl_ijin_usaha_perusahaan.path_izin
PK ID: 1981
Url: https://prodev.ut.ac.id/sidapetuat/archive_gambar/11524/pendaftaran_perusahaan/8. NIB Berbasis Resiko.pdf
Download: Failed - 404 Not Found
Upload: 

FieldName: vms_db.tbl_ijin_usaha_perusahaan.path_izin
PK ID: 1982
Url: https://prodev.ut.ac.id/sidapetuat/archive_gambar/11524/pendaftaran_perusahaan/7. IZIN LOKASI 0111210029157.pdf
Download: Failed - 404 Not Found
Upload: 

FieldName: vms_db.tbl_ijin_usaha_perusahaan.path_izin
PK ID: 1983
Url: https://prodev.ut.ac.id/sidapetuat/archive_gambar/17368/pendaftaran_perusahaan/BPJS TK TIGASATU (1).pdf
Download: Failed - 404 Not Found
Upload: 

FieldName: vms_db.tbl_ijin_usaha_perusahaan.path_izin
PK ID: 1984
Url: https://prodev.ut.ac.id/sidapetuat/archive_gambar/17368/pendaftaran_perusahaan/BPJS KES TIGASATU (1).pdf
Download: Failed - 404 Not Found
Upload: 

FieldName: vms_db.tbl_ijin_usaha_perusahaan.path_izin
PK ID: 1985
Url: https://prodev.ut.ac.id/sidapetuat/archive_gambar/17368/pendaftaran_perusahaan/Domisili 2019.pdf
Download: Failed - 404 Not Found
Upload: 

FieldName: vms_db.tbl_ijin_usaha_perusahaan.path_izin
PK ID: 1986
Url: https://prodev.ut.ac.id/sidapetuat/archive_gambar/17368/pendaftaran_perusahaan/KSWP _ Direktorat Jenderal Pajak.pdf
Download: Failed - 404 Not Found
Upload: 

FieldName: vms_db.tbl_ijin_usaha_perusahaan.path_izin
PK ID: 1987
Url: https://prodev.ut.ac.id/sidapetuat/archive_gambar/17368/pendaftaran_perusahaan/IZIN USAHA INTERIOR TIGASATU (1).pdf
Download: Failed - 404 Not Found
Upload: 

FieldName: vms_db.tbl_ijin_usaha_perusahaan.path_izin
PK ID: 1988
Url: https://prodev.ut.ac.id/sidapetuat/archive_gambar/17368/pendaftaran_perusahaan/Surat Kuasa.pdf
Download: Failed - 404 Not Found
Upload: 

FieldName: vms_db.tbl_ijin_usaha_perusahaan.path_izin
PK ID: 1989
Url: https://prodev.ut.ac.id/sidapetuat/archive_gambar/17370/pendaftaran_perusahaan/izin USAHA DRAGON.pdf
Download: Failed - 404 Not Found
Upload: 

FieldName: vms_db.tbl_ijin_usaha_perusahaan.path_izin
PK ID: 1990
Url: https://prodev.ut.ac.id/sidapetuat/archive_gambar/17370/pendaftaran_perusahaan/SIUP terbaru Dragon ijin.pdf
Download: Failed - 404 Not Found
Upload: 

FieldName: vms_db.tbl_ijin_usaha_perusahaan.path_izin
PK ID: 1995
Url: https://prodev.ut.ac.id/sidapetuat/archive_gambar/17369/pendaftaran_perusahaan/17369-izin usaha-1.pdf
Download: Failed - 404 Not Found
Upload: 

FieldName: vms_db.tbl_ijin_usaha_perusahaan.path_izin
PK ID: 1996
Url: https://prodev.ut.ac.id/sidapetuat/archive_gambar/17369/pendaftaran_perusahaan/17369-izin usaha-2.pdf
Download: Failed - 404 Not Found
Upload: 

FieldName: vms_db.tbl_ijin_usaha_perusahaan.path_izin
PK ID: 1997
Url: https://prodev.ut.ac.id/sidapetuat/archive_gambar/17369/pendaftaran_perusahaan/SURAT KUASA VERIFIKASI.pdf
Download: Failed - 404 Not Found
Upload: 

FieldName: vms_db.tbl_ijin_usaha_perusahaan.path_izin
PK ID: 1998
Url: https://prodev.ut.ac.id/sidapetuat/archive_gambar/17369/pendaftaran_perusahaan/shm 591 griya (1).pdf
Download: Failed - 404 Not Found
Upload: 

FieldName: vms_db.tbl_ijin_usaha_perusahaan.path_izin
PK ID: 2007
Url: https://prodev.ut.ac.id/sidapetuat/archive_gambar/17438/pendaftaran_perusahaan/17438-izin usaha-1.pdf
Download: Failed - 404 Not Found
Upload: 

FieldName: vms_db.tbl_ijin_usaha_perusahaan.path_izin
PK ID: 2012
Url: https://prodev.ut.ac.id/sidapetuat/archive_gambar/17410/pendaftaran_perusahaan/NIB PMIW.pdf
Download: Failed - 404 Not Found
Upload: 

FieldName: vms_db.tbl_ijin_usaha_perusahaan.path_izin
PK ID: 2013
Url: https://prodev.ut.ac.id/sidapetuat/archive_gambar/17450/pendaftaran_perusahaan/17450-izin usaha-1.pdf
Download: Failed - 404 Not Found
Upload: 

FieldName: vms_db.tbl_ijin_usaha_perusahaan.path_izin
PK ID: 2014
Url: https://prodev.ut.ac.id/sidapetuat/archive_gambar/17410/pendaftaran_perusahaan/Surat Kuasa - Klarifikasi Online  Universitas Terbuka 15 - 16 Nov 22.pdf
Download: Failed - 404 Not Found
Upload: 

FieldName: vms_db.tbl_ijin_usaha_perusahaan.path_izin
PK ID: 2024
Url: https://prodev.ut.ac.id/sidapetuat/archive_gambar/17450/pendaftaran_perusahaan/AKUN_SIINAS_Software_Develop_BDC.pdf
Download: Failed - 404 Not Found
Upload: 

FieldName: vms_db.tbl_ijin_usaha_perusahaan.path_izin
PK ID: 2028
Url: https://prodev.ut.ac.id/sidapetuat/archive_gambar/17438/pendaftaran_perusahaan/ilovepdf_merged.pdf
Download: Failed - 404 Not Found
Upload: 

FieldName: vms_db.tbl_ijin_usaha_perusahaan.path_izin
PK ID: 2037
Url: https://prodev.ut.ac.id/sidapetuat/archive_gambar/17496/pendaftaran_perusahaan/IZIN_USAHA_Lion Exspress.pdf
Download: Failed - 404 Not Found
Upload: 

FieldName: vms_db.tbl_ijin_usaha_perusahaan.path_izin
PK ID: 2038
Url: https://prodev.ut.ac.id/sidapetuat/archive_gambar/17496/pendaftaran_perusahaan/NIB_LION EXSPRESS.pdf
Download: Failed - 404 Not Found
Upload: 

FieldName: vms_db.tbl_ijin_usaha_perusahaan.path_izin
PK ID: 2073
Url: https://prodev.ut.ac.id/sidapetuat/archive_gambar/17557/pendaftaran_perusahaan/nib 21122022.pdf
Download: Failed - 404 Not Found
Upload: 

FieldName: vms_db.tbl_ijin_usaha_perusahaan.path_izin
PK ID: 2074
Url: https://prodev.ut.ac.id/sidapetuat/archive_gambar/17557/pendaftaran_perusahaan/17557-izin usaha-2.pdf
Download: Failed - 404 Not Found
Upload: 

FieldName: vms_db.tbl_ijin_usaha_perusahaan.path_izin
PK ID: 2075
Url: https://prodev.ut.ac.id/sidapetuat/archive_gambar/17557/pendaftaran_perusahaan/17557-izin usaha-3.pdf
Download: Failed - 404 Not Found
Upload: 

FieldName: vms_db.tbl_ijin_usaha_perusahaan.path_izin
PK ID: 2076
Url: https://prodev.ut.ac.id/sidapetuat/archive_gambar/17557/pendaftaran_perusahaan/17557-izin usaha-4.pdf
Download: Failed - 404 Not Found
Upload: 

FieldName: vms_db.tbl_ijin_usaha_perusahaan.path_izin
PK ID: 2077
Url: https://prodev.ut.ac.id/sidapetuat/archive_gambar/17568/pendaftaran_perusahaan/17568-izin usaha-1.pdf
Download: Failed - 404 Not Found
Upload: 

FieldName: vms_db.tbl_ijin_usaha_perusahaan.path_izin
PK ID: 2084
Url: https://prodev.ut.ac.id/sidapetuat/archive_gambar/11420/pendaftaran_perusahaan/13 2022-03-16 Perpanjang Sewa Kantor Total Building.pdf
Download: Failed - 404 Not Found
Upload: 

FieldName: vms_db.tbl_ijin_usaha_perusahaan.path_izin
PK ID: 2085
Url: https://prodev.ut.ac.id/sidapetuat/archive_gambar/17557/pendaftaran_perusahaan/SURAT KUASA FS.pdf
Download: Failed - 404 Not Found
Upload: 

FieldName: vms_db.tbl_ijin_usaha_perusahaan.path_izin
PK ID: 2241
Url: https://prodev.ut.ac.id/sidapetuat/archive_gambar/17753/pendaftaran_perusahaan/17753-izin usaha-1.pdf
Download: Failed - 404 Not Found
Upload: 

FieldName: vms_db.tbl_ijin_usaha_perusahaan.path_izin
PK ID: 2242
Url: https://prodev.ut.ac.id/sidapetuat/archive_gambar/17753/pendaftaran_perusahaan/17753-izin usaha-2.pdf
Download: Failed - 404 Not Found
Upload: 

FieldName: vms_db.tbl_ijin_usaha_perusahaan.path_izin
PK ID: 2244
Url: https://prodev.ut.ac.id/sidapetuat/archive_gambar/17752/pendaftaran_perusahaan/17752-izin usaha-1.pdf
Download: Failed - 404 Not Found
Upload: 

FieldName: vms_db.tbl_ijin_usaha_perusahaan.path_izin
PK ID: 2245
Url: https://prodev.ut.ac.id/sidapetuat/archive_gambar/17761/pendaftaran_perusahaan/TDP.pdf
Download: Failed - 404 Not Found
Upload: 

FieldName: vms_db.tbl_ijin_usaha_perusahaan.path_izin
PK ID: 2247
Url: https://prodev.ut.ac.id/sidapetuat/archive_gambar/17764/pendaftaran_perusahaan/17764-izin usaha-1.pdf
Download: Failed - 404 Not Found
Upload: 

FieldName: vms_db.tbl_ijin_usaha_perusahaan.path_izin
PK ID: 2250
Url: https://prodev.ut.ac.id/sidapetuat/archive_gambar/17773/pendaftaran_perusahaan/17773-izin usaha-1.pdf
Download: Failed - 404 Not Found
Upload: 

FieldName: vms_db.tbl_ijin_usaha_perusahaan.path_izin
PK ID: 2251
Url: https://prodev.ut.ac.id/sidapetuat/archive_gambar/17778/pendaftaran_perusahaan/17778-izin usaha-1.pdf
Download: Failed - 404 Not Found
Upload: 

FieldName: vms_db.tbl_ijin_usaha_perusahaan.path_izin
PK ID: 2252
Url: https://prodev.ut.ac.id/sidapetuat/archive_gambar/17779/pendaftaran_perusahaan/17779-izin usaha-1.pdf
Download: Failed - 404 Not Found
Upload: 

FieldName: vms_db.tbl_ijin_usaha_perusahaan.path_izin
PK ID: 2253
Url: https://prodev.ut.ac.id/sidapetuat/archive_gambar/17779/pendaftaran_perusahaan/eKatalog Sobaro.pdf
Download: Failed - 404 Not Found
Upload: 

FieldName: vms_db.tbl_ijin_usaha_perusahaan.path_izin
PK ID: 2254
Url: https://prodev.ut.ac.id/sidapetuat/archive_gambar/17779/pendaftaran_perusahaan/e-Katalog QR 23.pdf
Download: Failed - 404 Not Found
Upload: 

FieldName: vms_db.tbl_ijin_usaha_perusahaan.path_izin
PK ID: 2255
Url: https://prodev.ut.ac.id/sidapetuat/archive_gambar/17779/pendaftaran_perusahaan/e-Katalog QR 23.pdf
Download: Failed - 404 Not Found
Upload: 

FieldName: vms_db.tbl_ijin_usaha_perusahaan.path_izin
PK ID: 2256
Url: https://prodev.ut.ac.id/sidapetuat/archive_gambar/17784/pendaftaran_perusahaan/17784-izin usaha-1.pdf
Download: Failed - 404 Not Found
Upload: 

FieldName: vms_db.tbl_ijin_usaha_perusahaan.path_izin
PK ID: 2257
Url: https://prodev.ut.ac.id/sidapetuat/archive_gambar/17771/pendaftaran_perusahaan/17771-izin usaha-1.pdf
Download: Failed - 404 Not Found
Upload: 

FieldName: vms_db.tbl_ijin_usaha_perusahaan.path_izin
PK ID: 2258
Url: https://prodev.ut.ac.id/sidapetuat/archive_gambar/17771/pendaftaran_perusahaan/17771-izin usaha-2.pdf
Download: Failed - 404 Not Found
Upload: 

FieldName: vms_db.tbl_ijin_usaha_perusahaan.path_izin
PK ID: 2259
Url: https://prodev.ut.ac.id/sidapetuat/archive_gambar/17777/pendaftaran_perusahaan/NIB RBA LIMA.pdf
Download: Failed - 404 Not Found
Upload: 

FieldName: vms_db.tbl_ijin_usaha_perusahaan.path_izin
PK ID: 2260
Url: https://prodev.ut.ac.id/sidapetuat/archive_gambar/17768/pendaftaran_perusahaan/17768-izin usaha-1.pdf
Download: Failed - 404 Not Found
Upload: 

FieldName: vms_db.tbl_ijin_usaha_perusahaan.path_izin
PK ID: 2261
Url: https://prodev.ut.ac.id/sidapetuat/archive_gambar/17777/pendaftaran_perusahaan/08.3. LIMA TD BUPPJ KEMENHUB.pdf
Download: Failed - 404 Not Found
Upload: 

FieldName: vms_db.tbl_ijin_usaha_perusahaan.path_izin
PK ID: 2262
Url: https://prodev.ut.ac.id/sidapetuat/archive_gambar/17777/pendaftaran_perusahaan/08.4. SERTIFIKAT MEREK DIGITAL ICONIC.pdf
Download: Failed - 404 Not Found
Upload: 

FieldName: vms_db.tbl_ijin_usaha_perusahaan.path_izin
PK ID: 2263
Url: https://prodev.ut.ac.id/sidapetuat/archive_gambar/17777/pendaftaran_perusahaan/STP Kemendag.pdf
Download: Failed - 404 Not Found
Upload: 

FieldName: vms_db.tbl_ijin_usaha_perusahaan.path_izin
PK ID: 2264
Url: https://prodev.ut.ac.id/sidapetuat/archive_gambar/17785/pendaftaran_perusahaan/17785-izin usaha-1.pdf
Download: Failed - 404 Not Found
Upload: 

FieldName: vms_db.tbl_ijin_usaha_perusahaan.path_izin
PK ID: 2265
Url: https://prodev.ut.ac.id/sidapetuat/archive_gambar/17785/pendaftaran_perusahaan/17785-izin usaha-2.pdf
Download: Failed - 404 Not Found
Upload: 

FieldName: vms_db.tbl_ijin_usaha_perusahaan.path_izin
PK ID: 2266
Url: https://prodev.ut.ac.id/sidapetuat/archive_gambar/17770/pendaftaran_perusahaan/17770-izin usaha-1.pdf
Download: Failed - 404 Not Found
Upload: 

FieldName: vms_db.tbl_ijin_usaha_perusahaan.path_izin
PK ID: 2267
Url: https://prodev.ut.ac.id/sidapetuat/archive_gambar/17793/pendaftaran_perusahaan/NIB CV ANUGERAH HARAPAN ABADI.pdf
Download: Failed - 404 Not Found
Upload: 

FieldName: vms_db.tbl_ijin_usaha_perusahaan.path_izin
PK ID: 2278
Url: https://prodev.ut.ac.id/sidapetuat/archive_gambar/17808/pendaftaran_perusahaan/3. SURAT PERNYATAAN.pdf
Download: Failed - 404 Not Found
Upload: 

FieldName: vms_db.tbl_ijin_usaha_perusahaan.path_izin
PK ID: 2279
Url: https://prodev.ut.ac.id/sidapetuat/archive_gambar/17771/pendaftaran_perusahaan/SERTIFIKAT KEPESERTAAN BPJS KETENAGAKERJAAN.pdf
Download: Failed - 404 Not Found
Upload: 

FieldName: vms_db.tbl_ijin_usaha_perusahaan.path_izin
PK ID: 2280
Url: https://prodev.ut.ac.id/sidapetuat/archive_gambar/17771/pendaftaran_perusahaan/BPJS KESEHATAN.pdf
Download: Failed - 404 Not Found
Upload: 

FieldName: vms_db.tbl_ijin_usaha_perusahaan.path_izin
PK ID: 2281
Url: https://prodev.ut.ac.id/sidapetuat/archive_gambar/17771/pendaftaran_perusahaan/SERTIFIKAT MEREK.pdf
Download: Failed - 404 Not Found
Upload: 

FieldName: vms_db.tbl_ijin_usaha_perusahaan.path_izin
PK ID: 2282
Url: https://prodev.ut.ac.id/sidapetuat/archive_gambar/17761/pendaftaran_perusahaan/3. Ijin Usaha - BPJS Kesehatan OSS.pdf
Download: Failed - 404 Not Found
Upload: 

FieldName: vms_db.tbl_ijin_usaha_perusahaan.path_izin
PK ID: 2283
Url: https://prodev.ut.ac.id/sidapetuat/archive_gambar/17761/pendaftaran_perusahaan/3. Ijin Usaha - BPJS Ketenagakerjaan Manual.pdf
Download: Failed - 404 Not Found
Upload: 

FieldName: vms_db.tbl_ijin_usaha_perusahaan.path_izin
PK ID: 2284
Url: https://prodev.ut.ac.id/sidapetuat/archive_gambar/17761/pendaftaran_perusahaan/3. Ijin Usaha - BPJS Ketenagakerjaan OSS.pdf
Download: Failed - 404 Not Found
Upload: 

FieldName: vms_db.tbl_ijin_usaha_perusahaan.path_izin
PK ID: 2285
Url: https://prodev.ut.ac.id/sidapetuat/archive_gambar/17761/pendaftaran_perusahaan/3. Ijin Usaha - ISO 9001_opt.pdf
Download: Failed - 404 Not Found
Upload: 

FieldName: vms_db.tbl_ijin_usaha_perusahaan.path_izin
PK ID: 2286
Url: https://prodev.ut.ac.id/sidapetuat/archive_gambar/17761/pendaftaran_perusahaan/3. Ijin Usaha - ISO 14001_opt.pdf
Download: Failed - 404 Not Found
Upload: 

FieldName: vms_db.tbl_ijin_usaha_perusahaan.path_izin
PK ID: 2287
Url: https://prodev.ut.ac.id/sidapetuat/archive_gambar/17761/pendaftaran_perusahaan/3. Ijin Usaha - ISO 45001_opt.pdf
Download: Failed - 404 Not Found
Upload: 

FieldName: vms_db.tbl_ijin_usaha_perusahaan.path_izin
PK ID: 2288
Url: https://prodev.ut.ac.id/sidapetuat/archive_gambar/17761/pendaftaran_perusahaan/3. Ijin Usaha - Sertifikat Merk HAKI_opt.pdf
Download: Failed - 404 Not Found
Upload: 

FieldName: vms_db.tbl_ijin_usaha_perusahaan.path_izin
PK ID: 2289
Url: https://prodev.ut.ac.id/sidapetuat/archive_gambar/17761/pendaftaran_perusahaan/3. Ijin Usaha - SIUP.pdf
Download: Failed - 404 Not Found
Upload: 

FieldName: vms_db.tbl_ijin_usaha_perusahaan.path_izin
PK ID: 2290
Url: https://prodev.ut.ac.id/sidapetuat/archive_gambar/17761/pendaftaran_perusahaan/3. Ijin Usaha - SVLK_opt.pdf
Download: Failed - 404 Not Found
Upload: 

FieldName: vms_db.tbl_ijin_usaha_perusahaan.path_izin
PK ID: 2291
Url: https://prodev.ut.ac.id/sidapetuat/archive_gambar/17752/pendaftaran_perusahaan/SCAN BPJS.pdf
Download: Failed - 404 Not Found
Upload: 

FieldName: vms_db.tbl_ijin_usaha_perusahaan.path_izin
PK ID: 2292
Url: https://prodev.ut.ac.id/sidapetuat/archive_gambar/11630/pendaftaran_perusahaan/11630-izin usaha-1.pdf
Download: Failed - 404 Not Found
Upload: 

FieldName: vms_db.tbl_ijin_usaha_perusahaan.path_izin
PK ID: 2293
Url: https://prodev.ut.ac.id/sidapetuat/archive_gambar/11630/pendaftaran_perusahaan/11630-izin usaha-2.pdf
Download: Failed - 404 Not Found
Upload: 

FieldName: vms_db.tbl_ijin_usaha_perusahaan.path_izin
PK ID: 2294
Url: https://prodev.ut.ac.id/sidapetuat/archive_gambar/11630/pendaftaran_perusahaan/11630-izin usaha-3.pdf
Download: Failed - 404 Not Found
Upload: 

FieldName: vms_db.tbl_ijin_usaha_perusahaan.path_izin
PK ID: 2295
Url: https://prodev.ut.ac.id/sidapetuat/archive_gambar/11630/pendaftaran_perusahaan/11630-izin usaha-4.pdf
Download: Failed - 404 Not Found
Upload: 

FieldName: vms_db.tbl_ijin_usaha_perusahaan.path_izin
PK ID: 2297
Url: https://prodev.ut.ac.id/sidapetuat/archive_gambar/17839/pendaftaran_perusahaan/SBU BBB 2021.pdf
Download: Failed - 404 Not Found
Upload: 

FieldName: vms_db.tbl_ijin_usaha_perusahaan.path_izin
PK ID: 2298
Url: https://prodev.ut.ac.id/sidapetuat/archive_gambar/17845/pendaftaran_perusahaan/NIB IONI JAYA.pdf
Download: Failed - 404 Not Found
Upload: 

FieldName: vms_db.tbl_ijin_usaha_perusahaan.path_izin
PK ID: 2299
Url: https://prodev.ut.ac.id/sidapetuat/archive_gambar/17839/pendaftaran_perusahaan/NIB PT. BBB.pdf
Download: Failed - 404 Not Found
Upload: 

FieldName: vms_db.tbl_ijin_usaha_perusahaan.path_izin
PK ID: 2300
Url: https://prodev.ut.ac.id/sidapetuat/archive_gambar/17845/pendaftaran_perusahaan/EPSON Partnership.pdf
Download: Failed - 404 Not Found
Upload: 

FieldName: vms_db.tbl_ijin_usaha_perusahaan.path_izin
PK ID: 2301
Url: https://prodev.ut.ac.id/sidapetuat/archive_gambar/17845/pendaftaran_perusahaan/innoGRAPH Surat Dukungan.pdf
Download: Failed - 404 Not Found
Upload: 

FieldName: vms_db.tbl_ijin_usaha_perusahaan.path_izin
PK ID: 2302
Url: https://prodev.ut.ac.id/sidapetuat/archive_gambar/17845/pendaftaran_perusahaan/POLY Partnership.pdf
Download: Failed - 404 Not Found
Upload: 

FieldName: vms_db.tbl_ijin_usaha_perusahaan.path_izin
PK ID: 2303
Url: https://prodev.ut.ac.id/sidapetuat/archive_gambar/17845/pendaftaran_perusahaan/VIGOR KGC_Partnership.pdf
Download: Failed - 404 Not Found
Upload: 

FieldName: vms_db.tbl_ijin_usaha_perusahaan.path_izin
PK ID: 2304
Url: https://prodev.ut.ac.id/sidapetuat/archive_gambar/11627/pendaftaran_perusahaan/27. SMK3 SATRIAMAS.pdf
Download: Failed - 404 Not Found
Upload: 

FieldName: vms_db.tbl_ijin_usaha_perusahaan.path_izin
PK ID: 2305
Url: https://prodev.ut.ac.id/sidapetuat/archive_gambar/17839/pendaftaran_perusahaan/Akta Pendirian PT. BBB 2_opt.pdf
Download: Failed - 404 Not Found
Upload: 

FieldName: vms_db.tbl_ijin_usaha_perusahaan.path_izin
PK ID: 2306
Url: https://prodev.ut.ac.id/sidapetuat/archive_gambar/17839/pendaftaran_perusahaan/Akta Perbh Nov 2.pdf
Download: Failed - 404 Not Found
Upload: 

FieldName: vms_db.tbl_ijin_usaha_perusahaan.path_izin
PK ID: 2307
Url: https://prodev.ut.ac.id/sidapetuat/archive_gambar/11630/pendaftaran_perusahaan/BPJS Ketenagakerjaan dan Kesehatan_compressed.pdf
Download: Failed - 404 Not Found
Upload: 

FieldName: vms_db.tbl_ijin_usaha_perusahaan.path_izin
PK ID: 2308
Url: https://prodev.ut.ac.id/sidapetuat/archive_gambar/11630/pendaftaran_perusahaan/ISO 9001 C777.pdf
Download: Failed - 404 Not Found
Upload: 

FieldName: vms_db.tbl_ijin_usaha_perusahaan.path_izin
PK ID: 2309
Url: https://prodev.ut.ac.id/sidapetuat/archive_gambar/11630/pendaftaran_perusahaan/ISO 14001 C777.pdf
Download: Failed - 404 Not Found
Upload: 

FieldName: vms_db.tbl_ijin_usaha_perusahaan.path_izin
PK ID: 2310
Url: https://prodev.ut.ac.id/sidapetuat/archive_gambar/11630/pendaftaran_perusahaan/ISO 45001 C777.pdf
Download: Failed - 404 Not Found
Upload: 

FieldName: vms_db.tbl_ijin_usaha_perusahaan.path_izin
PK ID: 2311
Url: https://prodev.ut.ac.id/sidapetuat/archive_gambar/11630/pendaftaran_perusahaan/ISO 19650 - 1 C777.pdf
Download: Failed - 404 Not Found
Upload: 

FieldName: vms_db.tbl_ijin_usaha_perusahaan.path_izin
PK ID: 2312
Url: https://prodev.ut.ac.id/sidapetuat/archive_gambar/11630/pendaftaran_perusahaan/ISO 19650-2.pdf
Download: Failed - 404 Not Found
Upload: 

FieldName: vms_db.tbl_ijin_usaha_perusahaan.path_izin
PK ID: 2313
Url: https://prodev.ut.ac.id/sidapetuat/archive_gambar/11630/pendaftaran_perusahaan/ISO 31000.pdf
Download: Failed - 404 Not Found
Upload: 

FieldName: vms_db.tbl_ijin_usaha_perusahaan.path_izin
PK ID: 2314
Url: https://prodev.ut.ac.id/sidapetuat/archive_gambar/11630/pendaftaran_perusahaan/ISO C777 27001.pdf
Download: Failed - 404 Not Found
Upload: 

FieldName: vms_db.tbl_ijin_usaha_perusahaan.path_izin
PK ID: 2315
Url: https://prodev.ut.ac.id/sidapetuat/archive_gambar/11630/pendaftaran_perusahaan/ISO C777 37001.pdf
Download: Failed - 404 Not Found
Upload: 

FieldName: vms_db.tbl_ijin_usaha_perusahaan.path_izin
PK ID: 2324
Url: https://prodev.ut.ac.id/sidapetuat/archive_gambar/17622/pendaftaran_perusahaan/SMK3 RBM.pdf
Download: Failed - 404 Not Found
Upload: 

FieldName: vms_db.tbl_ijin_usaha_perusahaan.path_izin
PK ID: 3109
Url: https://prodev.ut.ac.id/sidapetuat/archive_gambar/31463/pendaftaran_perusahaan/02022026-1146@NIB BERBASIS RISIKO PT MITRADATA-new.pdf
Download: Success
Upload: Success

FieldName: vms_db.tbl_ijin_usaha_perusahaan.path_izin
PK ID: 3842
Url: https://prodev.ut.ac.id/sidapetuat/archive_gambar/31831/pendaftaran_perusahaan/04122024-1128@Perizinan Usaha Berbasis Resiko NIB.pdf
Download: Failed - 404 Not Found
Upload: 

FieldName: vms_db.tbl_ijin_usaha_perusahaan.path_izin
PK ID: 4029
Url: https://prodev.ut.ac.id/sidapetuat/archive_gambar/32175/pendaftaran_perusahaan/19052025-1342@SBU IN007 43221 - Instalasi Saluran Air (Plambing).pdf
Download: Failed - 404 Not Found
Upload: 

FieldName: vms_db.tbl_ijin_usaha_perusahaan.path_izin
PK ID: 4502
Url: https://prodev.ut.ac.id/sidapetuat/archive_gambar/32477/pendaftaran_perusahaan/17112025-1728@6. PKKPR Domisili_Gramedia.pdf
Download: Failed - 404 Not Found
Upload: 

FieldName: vms_db.tbl_ijin_usaha_perusahaan.path_izin
PK ID: 4643
Url: https://prodev.ut.ac.id/sidapetuat/archive_gambar/32480/pendaftaran_perusahaan/25022026-1448@KEPEMILIKAN SAHAM.pdf
Download: Success
Upload: Success

FieldName: vms_db.tbl_ijin_usaha_perusahaan.path_izin
PK ID: 4648
Url: https://prodev.ut.ac.id/sidapetuat/archive_gambar/32480/pendaftaran_perusahaan/24022026-1512@AKTA PERUBAHAN 08_DCI.pdf
Download: Success
Upload: Success

FieldName: vms_db.tbl_ijin_usaha_perusahaan.path_izin
PK ID: 4650
Url: https://prodev.ut.ac.id/sidapetuat/archive_gambar/32480/pendaftaran_perusahaan/25022026-1450@KOMISARIS DIREKSI DCI.pdf
Download: Success
Upload: Success

FieldName: vms_db.tbl_ijin_usaha_perusahaan.path_izin
PK ID: 4656
Url: https://prodev.ut.ac.id/sidapetuat/archive_gambar/32480/pendaftaran_perusahaan/25022026-1509@5. SK DOMISILI 2025-2026 DCI.pdf
Download: Success
Upload: Success

FieldName: vms_db.tbl_ijin_usaha_perusahaan.path_izin
PK ID: 4725
Url: https://prodev.ut.ac.id/sidapetuat/archive_gambar/32526/pendaftaran_perusahaan/23012026-1649@b NIB MMR - 2025a_compressed.pdf
Download: Success
Upload: Success

FieldName: vms_db.tbl_ijin_usaha_perusahaan.path_izin
PK ID: 4726
Url: https://prodev.ut.ac.id/sidapetuat/archive_gambar/32524/pendaftaran_perusahaan/05022026-2216@SERTIFIKAT STANDAR NIB 41016 & SBU BG006 KONSTRUKSI GEDUNG PENDIDIKAN.pdf
Download: Success
Upload: Success

FieldName: vms_db.tbl_ijin_usaha_perusahaan.path_izin
PK ID: 4727
Url: https://prodev.ut.ac.id/sidapetuat/archive_gambar/32525/pendaftaran_perusahaan/23012026-1408@1. Nomor Induk Berusaha (NIB)_ NKE.pdf
Download: Success
Upload: Success

FieldName: vms_db.tbl_ijin_usaha_perusahaan.path_izin
PK ID: 4728
Url: https://prodev.ut.ac.id/sidapetuat/archive_gambar/32525/pendaftaran_perusahaan/23012026-1413@2.2 SBU KBLI 41016 - BG006 Konstruksi Gedung Pendidikan (B)_ NKE.pdf
Download: Success
Upload: Success

FieldName: vms_db.tbl_ijin_usaha_perusahaan.path_izin
PK ID: 4729
Url: https://prodev.ut.ac.id/sidapetuat/archive_gambar/32525/pendaftaran_perusahaan/23012026-1408@2.1 SBU KBLI 41014 - BG004 Konstruksi Gedung Perbelanjaan (B)_ NKE.pdf
Download: Success
Upload: Success

FieldName: vms_db.tbl_ijin_usaha_perusahaan.path_izin
PK ID: 4730
Url: https://prodev.ut.ac.id/sidapetuat/archive_gambar/32525/pendaftaran_perusahaan/23012026-1409@2.3 SBU KBLI 41019 - BG009 Bangunan Gedung Lainnya (B)_ NKE.pdf
Download: Success
Upload: Success

FieldName: vms_db.tbl_ijin_usaha_perusahaan.path_izin
PK ID: 4731
Url: https://prodev.ut.ac.id/sidapetuat/archive_gambar/32525/pendaftaran_perusahaan/23012026-1410@2.4 SBU KBLI 43213 - IN006 Instalasi Elektronika_ NKE.pdf
Download: Success
Upload: Success

FieldName: vms_db.tbl_ijin_usaha_perusahaan.path_izin
PK ID: 4732
Url: https://prodev.ut.ac.id/sidapetuat/archive_gambar/32525/pendaftaran_perusahaan/23012026-1411@2.5 SBU KBLI 43221 - IN007 Instalasi Saluran Air (Plambing)_ NKE.pdf
Download: Success
Upload: Success

FieldName: vms_db.tbl_ijin_usaha_perusahaan.path_izin
PK ID: 4733
Url: https://prodev.ut.ac.id/sidapetuat/archive_gambar/32525/pendaftaran_perusahaan/23012026-1412@2.6 SBU KBLI 43224 - IN008 Instalasi Pendingin & Ventilasi Udara_ NKE.pdf
Download: Success
Upload: Success

FieldName: vms_db.tbl_ijin_usaha_perusahaan.path_izin
PK ID: 4734
Url: https://prodev.ut.ac.id/sidapetuat/archive_gambar/32525/pendaftaran_perusahaan/23012026-1439@3.1 Sertifikat ISO 9001+Assessment Report_ NKE.pdf
Download: Success
Upload: Success

FieldName: vms_db.tbl_ijin_usaha_perusahaan.path_izin
PK ID: 4735
Url: https://prodev.ut.ac.id/sidapetuat/archive_gambar/32525/pendaftaran_perusahaan/23012026-1439@3.2 Sertifikat ISO 14001+Assessment Report_ NKE.pdf
Download: Success
Upload: Success

FieldName: vms_db.tbl_ijin_usaha_perusahaan.path_izin
PK ID: 4736
Url: https://prodev.ut.ac.id/sidapetuat/archive_gambar/32525/pendaftaran_perusahaan/23012026-1440@3.3 Sertifikat ISO 45001+Assessment Report_ NKE.pdf
Download: Success
Upload: Success

FieldName: vms_db.tbl_ijin_usaha_perusahaan.path_izin
PK ID: 4737
Url: https://prodev.ut.ac.id/sidapetuat/archive_gambar/32544/pendaftaran_perusahaan/21012026-1800@Perizinan Berusaha, NIB 2711230286812.pdf
Download: Success
Upload: Success

FieldName: vms_db.tbl_ijin_usaha_perusahaan.path_izin
PK ID: 4738
Url: https://prodev.ut.ac.id/sidapetuat/archive_gambar/32541/pendaftaran_perusahaan/22012026-1349@NIB RBA BARU BANGET.pdf
Download: Success
Upload: Success

FieldName: vms_db.tbl_ijin_usaha_perusahaan.path_izin
PK ID: 4739
Url: https://prodev.ut.ac.id/sidapetuat/archive_gambar/32525/pendaftaran_perusahaan/23012026-1427@SS KBLI 41014 - BG004 Konstruksi Gedung Perbelanjaan.pdf
Download: Success
Upload: Success

FieldName: vms_db.tbl_ijin_usaha_perusahaan.path_izin
PK ID: 4740
Url: https://prodev.ut.ac.id/sidapetuat/archive_gambar/32525/pendaftaran_perusahaan/23012026-1428@SS KBLI 41016 - BG006 Konstruksi Gedung Pendidikan_Juni.2025.pdf
Download: Success
Upload: Success

FieldName: vms_db.tbl_ijin_usaha_perusahaan.path_izin
PK ID: 4741
Url: https://prodev.ut.ac.id/sidapetuat/archive_gambar/32525/pendaftaran_perusahaan/23012026-1429@SS KBLI 41019 - BG009 Konstruksi Gedung Lainnya_ NKE.pdf
Download: Success
Upload: Success

FieldName: vms_db.tbl_ijin_usaha_perusahaan.path_izin
PK ID: 4742
Url: https://prodev.ut.ac.id/sidapetuat/archive_gambar/32525/pendaftaran_perusahaan/23012026-1430@SS KBLI 43213 - IN006 Instalasi Elektronika_Juli.2025.pdf
Download: Success
Upload: Success

FieldName: vms_db.tbl_ijin_usaha_perusahaan.path_izin
PK ID: 4743
Url: https://prodev.ut.ac.id/sidapetuat/archive_gambar/32525/pendaftaran_perusahaan/23012026-1435@SS KBLI 43221 - IN007 Instalasi Saluran Air (Plambing)_ NKE.pdf
Download: Success
Upload: Success

FieldName: vms_db.tbl_ijin_usaha_perusahaan.path_izin
PK ID: 4744
Url: https://prodev.ut.ac.id/sidapetuat/archive_gambar/32525/pendaftaran_perusahaan/23012026-1437@SS KBLI 43224 - IN008 Instalasi Pendingin Dan Ventilasi Udara_Juni.2025.pdf
Download: Success
Upload: Success

FieldName: vms_db.tbl_ijin_usaha_perusahaan.path_izin
PK ID: 4745
Url: https://prodev.ut.ac.id/sidapetuat/archive_gambar/32525/pendaftaran_perusahaan/23012026-1521@3.4 Sertifikat ISO 19650+Assessment Report_ NKE.pdf
Download: Success
Upload: Success

FieldName: vms_db.tbl_ijin_usaha_perusahaan.path_izin
PK ID: 4746
Url: https://prodev.ut.ac.id/sidapetuat/archive_gambar/32525/pendaftaran_perusahaan/23012026-1447@4.1 Sertifikat BPJS-KES+bukti bayar_ NKE.pdf
Download: Success
Upload: Success

FieldName: vms_db.tbl_ijin_usaha_perusahaan.path_izin
PK ID: 4747
Url: https://prodev.ut.ac.id/sidapetuat/archive_gambar/32525/pendaftaran_perusahaan/23012026-1449@4.2 Sertifikat BPJS-TK+bukti bayar_ NKE.pdf
Download: Success
Upload: Success

FieldName: vms_db.tbl_ijin_usaha_perusahaan.path_izin
PK ID: 4748
Url: https://prodev.ut.ac.id/sidapetuat/archive_gambar/32525/pendaftaran_perusahaan/23012026-1523@SURAT KUASA.pdf
Download: Success
Upload: Success

FieldName: vms_db.tbl_ijin_usaha_perusahaan.path_izin
PK ID: 4749
Url: https://prodev.ut.ac.id/sidapetuat/archive_gambar/32526/pendaftaran_perusahaan/23012026-1658@b SBU - MAHSURYA - BG002_compressed.pdf
Download: Success
Upload: Success

FieldName: vms_db.tbl_ijin_usaha_perusahaan.path_izin
PK ID: 4750
Url: https://prodev.ut.ac.id/sidapetuat/archive_gambar/32526/pendaftaran_perusahaan/23012026-1659@b SBU - MAHSURYA - BG006_compressed.pdf
Download: Success
Upload: Success

FieldName: vms_db.tbl_ijin_usaha_perusahaan.path_izin
PK ID: 4751
Url: https://prodev.ut.ac.id/sidapetuat/archive_gambar/32526/pendaftaran_perusahaan/23012026-1657@b SBU - MAHSURYA - BG009_compressed.pdf
Download: Success
Upload: Success

FieldName: vms_db.tbl_ijin_usaha_perusahaan.path_izin
PK ID: 4752
Url: https://prodev.ut.ac.id/sidapetuat/archive_gambar/32526/pendaftaran_perusahaan/23012026-1701@b SBU - MAHSURYA - BG008_compressed.pdf
Download: Success
Upload: Success

FieldName: vms_db.tbl_ijin_usaha_perusahaan.path_izin
PK ID: 4753
Url: https://prodev.ut.ac.id/sidapetuat/archive_gambar/32526/pendaftaran_perusahaan/23012026-1710@b MMR Sertifikat BPJS Kes.pdf
Download: Success
Upload: Success

FieldName: vms_db.tbl_ijin_usaha_perusahaan.path_izin
PK ID: 4754
Url: https://prodev.ut.ac.id/sidapetuat/archive_gambar/32526/pendaftaran_perusahaan/23012026-1712@b MMR Sertifikat BPJS TK.pdf
Download: Success
Upload: Success

FieldName: vms_db.tbl_ijin_usaha_perusahaan.path_izin
PK ID: 4755
Url: https://prodev.ut.ac.id/sidapetuat/archive_gambar/32546/pendaftaran_perusahaan/05022026-1224@NIB_SERTIFIKAT - PT EVENT LABS INDONESIA.pdf
Download: Success
Upload: Success

FieldName: vms_db.tbl_ijin_usaha_perusahaan.path_izin
PK ID: 4756
Url: https://prodev.ut.ac.id/sidapetuat/archive_gambar/32548/pendaftaran_perusahaan/05022026-0916@NIB_SERTIFIKAT - PT SKY CREATIVE PRODUCTION.pdf
Download: Success
Upload: Success

FieldName: vms_db.tbl_ijin_usaha_perusahaan.path_izin
PK ID: 4757
Url: https://prodev.ut.ac.id/sidapetuat/archive_gambar/32547/pendaftaran_perusahaan/27012026-1358@NIB tgl 04 Agustus 2025.pdf
Download: Success
Upload: Success

FieldName: vms_db.tbl_ijin_usaha_perusahaan.path_izin
PK ID: 4758
Url: https://prodev.ut.ac.id/sidapetuat/archive_gambar/32557/pendaftaran_perusahaan/28012026-1205@NIB PT Growpath Distribution Indonesia Feb 2025_ext.pdf
Download: Success
Upload: Success

FieldName: vms_db.tbl_ijin_usaha_perusahaan.path_izin
PK ID: 4759
Url: https://prodev.ut.ac.id/sidapetuat/archive_gambar/32527/pendaftaran_perusahaan/28012026-1522@NIB BERBASIS RESIKO PKA.pdf
Download: Success
Upload: Success

FieldName: vms_db.tbl_ijin_usaha_perusahaan.path_izin
PK ID: 4760
Url: https://prodev.ut.ac.id/sidapetuat/archive_gambar/32527/pendaftaran_perusahaan/28012026-1308@NIB BERBASIS RESIKO PKA.pdf
Download: Success
Upload: Success

FieldName: vms_db.tbl_ijin_usaha_perusahaan.path_izin
PK ID: 4761
Url: https://prodev.ut.ac.id/sidapetuat/archive_gambar/32527/pendaftaran_perusahaan/28012026-1311@SBU 41016 PKA.pdf
Download: Success
Upload: Success

FieldName: vms_db.tbl_ijin_usaha_perusahaan.path_izin
PK ID: 4762
Url: https://prodev.ut.ac.id/sidapetuat/archive_gambar/32527/pendaftaran_perusahaan/28012026-1502@sipp bpjs pka.pdf
Download: Success
Upload: Success

FieldName: vms_db.tbl_ijin_usaha_perusahaan.path_izin
PK ID: 4763
Url: https://prodev.ut.ac.id/sidapetuat/archive_gambar/32527/pendaftaran_perusahaan/28012026-1505@FOTO KANTOR.pdf
Download: Success
Upload: Success

FieldName: vms_db.tbl_ijin_usaha_perusahaan.path_izin
PK ID: 4764
Url: https://prodev.ut.ac.id/sidapetuat/archive_gambar/32551/pendaftaran_perusahaan/03022026-1416@NIB 11.pdf
Download: Success
Upload: Success

FieldName: vms_db.tbl_ijin_usaha_perusahaan.path_izin
PK ID: 4765
Url: https://prodev.ut.ac.id/sidapetuat/archive_gambar/11438/pendaftaran_perusahaan/03022026-0958@NIB - PT MSI.pdf
Download: Success
Upload: Success

FieldName: vms_db.tbl_ijin_usaha_perusahaan.path_izin
PK ID: 4766
Url: https://prodev.ut.ac.id/sidapetuat/archive_gambar/32551/pendaftaran_perusahaan/03022026-1322@SBU  PT ARSA PARAMA KREASI BG004 41014.pdf
Download: Success
Upload: Success

FieldName: vms_db.tbl_ijin_usaha_perusahaan.path_izin
PK ID: 4767
Url: https://prodev.ut.ac.id/sidapetuat/archive_gambar/32551/pendaftaran_perusahaan/03022026-1324@SBU PT ARSA PARAMA KREASI BG009 41019.pdf
Download: Success
Upload: Success

FieldName: vms_db.tbl_ijin_usaha_perusahaan.path_izin
PK ID: 4768
Url: https://prodev.ut.ac.id/sidapetuat/archive_gambar/32551/pendaftaran_perusahaan/03022026-1330@SBU KADIN_compressed.pdf
Download: Success
Upload: Success

FieldName: vms_db.tbl_ijin_usaha_perusahaan.path_izin
PK ID: 4769
Url: https://prodev.ut.ac.id/sidapetuat/archive_gambar/32550/pendaftaran_perusahaan/04022026-0939@NIB RBA UMM 2022.pdf
Download: Success
Upload: Success

FieldName: vms_db.tbl_ijin_usaha_perusahaan.path_izin
PK ID: 4770
Url: https://prodev.ut.ac.id/sidapetuat/archive_gambar/32544/pendaftaran_perusahaan/04022026-1512@Pembayaran BPJS Kes (Januari 25-Januari 26).pdf
Download: Success
Upload: Success

FieldName: vms_db.tbl_ijin_usaha_perusahaan.path_izin
PK ID: 4771
Url: https://prodev.ut.ac.id/sidapetuat/archive_gambar/32532/pendaftaran_perusahaan/05022026-0915@NIB 2025 (2).pdf
Download: Success
Upload: Success

FieldName: vms_db.tbl_ijin_usaha_perusahaan.path_izin
PK ID: 4772
Url: https://prodev.ut.ac.id/sidapetuat/archive_gambar/32398/pendaftaran_perusahaan/05022026-1308@SBU-TTE-I-202601251122145941462-6981e902676c8.pdf
Download: Success
Upload: Success

FieldName: vms_db.tbl_ijin_usaha_perusahaan.path_izin
PK ID: 4773
Url: https://prodev.ut.ac.id/sidapetuat/archive_gambar/32524/pendaftaran_perusahaan/05022026-2235@SERTIFIKAT STANDAR NIB 41011 SBU BG001 KONSTRUKSI GEDUNG HUNIAN.pdf
Download: Success
Upload: Success

FieldName: vms_db.tbl_ijin_usaha_perusahaan.path_izin
PK ID: 4774
Url: https://prodev.ut.ac.id/sidapetuat/archive_gambar/32524/pendaftaran_perusahaan/05022026-2238@SERTIFIKAT STANDAR NIB 41019  SBU BG009 KONSTRUKSI GEDUNG LAINNYA.pdf
Download: Success
Upload: Success

FieldName: vms_db.tbl_ijin_usaha_perusahaan.path_izin
PK ID: 4775
Url: https://prodev.ut.ac.id/sidapetuat/archive_gambar/32524/pendaftaran_perusahaan/05022026-2241@SERTIFIKAT STANDAR NIB 41012  SBU BG002  KONSTRUKSI GEDUNG PERKANTORAN.pdf
Download: Success
Upload: Success

FieldName: vms_db.tbl_ijin_usaha_perusahaan.path_izin
PK ID: 4776
Url: https://prodev.ut.ac.id/sidapetuat/archive_gambar/32524/pendaftaran_perusahaan/06022026-0853@NIB.pdf
Download: Success
Upload: Success

FieldName: vms_db.tbl_ijin_usaha_perusahaan.path_izin
PK ID: 4777
Url: https://prodev.ut.ac.id/sidapetuat/archive_gambar/32615/pendaftaran_perusahaan/19022026-1344@NIB CV Jago Mitra Solusi (03.09.25).pdf
Download: Success
Upload: Success

FieldName: vms_db.tbl_ijin_usaha_perusahaan.path_izin
PK ID: 4778
Url: https://prodev.ut.ac.id/sidapetuat/archive_gambar/32616/pendaftaran_perusahaan/09022026-1348@3. NIB ABIAM GLOBAL TEKNOLOGI - TERBARU AGUSTUS 2024.pdf
Download: Success
Upload: Success

FieldName: vms_db.tbl_ijin_usaha_perusahaan.path_izin
PK ID: 4779
Url: https://prodev.ut.ac.id/sidapetuat/archive_gambar/32567/pendaftaran_perusahaan/09022026-1556@01. NIB NATA.pdf
Download: Success
Upload: Success

FieldName: vms_db.tbl_ijin_usaha_perusahaan.path_izin
PK ID: 4780
Url: https://prodev.ut.ac.id/sidapetuat/archive_gambar/32524/pendaftaran_perusahaan/09022026-1603@Surat Kuasa.pdf
Download: Success
Upload: Success

FieldName: vms_db.tbl_ijin_usaha_perusahaan.path_izin
PK ID: 4781
Url: https://prodev.ut.ac.id/sidapetuat/archive_gambar/32319/pendaftaran_perusahaan/19022026-1635@NIB SS dlm pengurusan (1).pdf
Download: Success
Upload: Success

FieldName: vms_db.tbl_ijin_usaha_perusahaan.path_izin
PK ID: 4782
Url: https://prodev.ut.ac.id/sidapetuat/archive_gambar/32562/pendaftaran_perusahaan/10022026-1427@NIB.pdf
Download: Success
Upload: Success

FieldName: vms_db.tbl_ijin_usaha_perusahaan.path_izin
PK ID: 4783
Url: https://prodev.ut.ac.id/sidapetuat/archive_gambar/32562/pendaftaran_perusahaan/10022026-1429@NIB.pdf
Download: Success
Upload: Success

FieldName: vms_db.tbl_ijin_usaha_perusahaan.path_izin
PK ID: 4784
Url: https://prodev.ut.ac.id/sidapetuat/archive_gambar/32623/pendaftaran_perusahaan/03032026-1626@IZIN USAHA & NIB CV Andi Offset.pdf
Download: Success
Upload: Success

FieldName: vms_db.tbl_ijin_usaha_perusahaan.path_izin
PK ID: 4785
Url: https://prodev.ut.ac.id/sidapetuat/archive_gambar/32628/pendaftaran_perusahaan/11022026-1702@CERTIFICATE ISO 9001_2015.pdf
Download: Success
Upload: Success

FieldName: vms_db.tbl_ijin_usaha_perusahaan.path_izin
PK ID: 4786
Url: https://prodev.ut.ac.id/sidapetuat/archive_gambar/32628/pendaftaran_perusahaan/11022026-1705@CERTIFICATE ISO 14001_2015.pdf
Download: Success
Upload: Success

FieldName: vms_db.tbl_ijin_usaha_perusahaan.path_izin
PK ID: 4787
Url: https://prodev.ut.ac.id/sidapetuat/archive_gambar/32628/pendaftaran_perusahaan/11022026-1707@CERTIFICATE ISO 37001_2016.pdf
Download: Success
Upload: Success

FieldName: vms_db.tbl_ijin_usaha_perusahaan.path_izin
PK ID: 4788
Url: https://prodev.ut.ac.id/sidapetuat/archive_gambar/32628/pendaftaran_perusahaan/11022026-1713@CERTIFICATE ISO 45001_2018.pdf
Download: Success
Upload: Success

FieldName: vms_db.tbl_ijin_usaha_perusahaan.path_izin
PK ID: 4789
Url: https://prodev.ut.ac.id/sidapetuat/archive_gambar/32628/pendaftaran_perusahaan/11022026-1718@NIB_SKG.pdf
Download: Success
Upload: Success

FieldName: vms_db.tbl_ijin_usaha_perusahaan.path_izin
PK ID: 4790
Url: https://prodev.ut.ac.id/sidapetuat/archive_gambar/32628/pendaftaran_perusahaan/04032026-1418@Surat Dukungan POS IND (UPLOAD).pdf
Download: Success
Upload: Success

FieldName: vms_db.tbl_ijin_usaha_perusahaan.path_izin
PK ID: 4791
Url: https://prodev.ut.ac.id/sidapetuat/archive_gambar/32632/pendaftaran_perusahaan/19022026-1130@4 6 NIB RBA CV HC.pdf
Download: Success
Upload: Success

FieldName: vms_db.tbl_ijin_usaha_perusahaan.path_izin
PK ID: 4792
Url: https://prodev.ut.ac.id/sidapetuat/archive_gambar/32629/pendaftaran_perusahaan/18022026-1212@Ijin Usaha CV. SEJAHTERA BERSAMA Small.pdf
Download: Success
Upload: Success

FieldName: vms_db.tbl_ijin_usaha_perusahaan.path_izin
PK ID: 4793
Url: https://prodev.ut.ac.id/sidapetuat/archive_gambar/32628/pendaftaran_perusahaan/04032026-1420@Surat Dukungan REX (UPLOAD).pdf
Download: Success
Upload: Success

FieldName: vms_db.tbl_ijin_usaha_perusahaan.path_izin
PK ID: 4794
Url: https://prodev.ut.ac.id/sidapetuat/archive_gambar/32628/pendaftaran_perusahaan/05032026-0840@Surat Dukungan JNE (UPLOAD).pdf
Download: Success
Upload: Success

FieldName: vms_db.tbl_ijin_usaha_perusahaan.path_izin
PK ID: 4795
Url: https://prodev.ut.ac.id/sidapetuat/archive_gambar/32628/pendaftaran_perusahaan/12022026-1825@Surat Dukungan Surya PalaceJaya.pdf
Download: Success
Upload: Success

FieldName: vms_db.tbl_ijin_usaha_perusahaan.path_izin
PK ID: 4796
Url: https://prodev.ut.ac.id/sidapetuat/archive_gambar/32628/pendaftaran_perusahaan/12022026-1827@Surat Dukungan Microlux.pdf
Download: Success
Upload: Success

FieldName: vms_db.tbl_ijin_usaha_perusahaan.path_izin
PK ID: 4797
Url: https://prodev.ut.ac.id/sidapetuat/archive_gambar/32628/pendaftaran_perusahaan/12022026-1829@Surat Dukungan Gendai.pdf
Download: Success
Upload: Success

FieldName: vms_db.tbl_ijin_usaha_perusahaan.path_izin
PK ID: 4798
Url: https://prodev.ut.ac.id/sidapetuat/archive_gambar/32638/pendaftaran_perusahaan/13022026-0848@NIB PT Samafitro 2025.pdf
Download: Success
Upload: Success

FieldName: vms_db.tbl_ijin_usaha_perusahaan.path_izin
PK ID: 4799
Url: https://prodev.ut.ac.id/sidapetuat/archive_gambar/32637/pendaftaran_perusahaan/13022026-1703@NIB Berbasis Risiko 2025.pdf
Download: Success
Upload: Success

FieldName: vms_db.tbl_ijin_usaha_perusahaan.path_izin
PK ID: 4800
Url: https://prodev.ut.ac.id/sidapetuat/archive_gambar/32633/pendaftaran_perusahaan/16022026-1451@NIB OSS RBA PT. NLCP.pdf
Download: Success
Upload: Success

FieldName: vms_db.tbl_ijin_usaha_perusahaan.path_izin
PK ID: 4801
Url: https://prodev.ut.ac.id/sidapetuat/archive_gambar/32633/pendaftaran_perusahaan/16022026-1455@ISO 45001.pdf
Download: Success
Upload: Success

FieldName: vms_db.tbl_ijin_usaha_perusahaan.path_izin
PK ID: 4802
Url: https://prodev.ut.ac.id/sidapetuat/archive_gambar/32633/pendaftaran_perusahaan/16022026-1456@ISO 37001.pdf
Download: Success
Upload: Success

FieldName: vms_db.tbl_ijin_usaha_perusahaan.path_izin
PK ID: 4803
Url: https://prodev.ut.ac.id/sidapetuat/archive_gambar/32633/pendaftaran_perusahaan/16022026-1457@ISO 9001.pdf
Download: Success
Upload: Success

FieldName: vms_db.tbl_ijin_usaha_perusahaan.path_izin
PK ID: 4804
Url: https://prodev.ut.ac.id/sidapetuat/archive_gambar/32633/pendaftaran_perusahaan/16022026-1458@ISO 14001.pdf
Download: Success
Upload: Success

FieldName: vms_db.tbl_ijin_usaha_perusahaan.path_izin
PK ID: 4805
Url: https://prodev.ut.ac.id/sidapetuat/archive_gambar/32633/pendaftaran_perusahaan/28022026-1354@5. BPJS KESEHATAN_page-0001.pdf
Download: Success
Upload: Success

FieldName: vms_db.tbl_ijin_usaha_perusahaan.path_izin
PK ID: 4806
Url: https://prodev.ut.ac.id/sidapetuat/archive_gambar/32633/pendaftaran_perusahaan/28022026-1354@5.1 BPJS TK.pdf
Download: Success
Upload: Success

FieldName: vms_db.tbl_ijin_usaha_perusahaan.path_izin
PK ID: 4807
Url: https://prodev.ut.ac.id/sidapetuat/archive_gambar/32634/pendaftaran_perusahaan/18022026-1402@8. NIB Terbaru PT ASJ.pdf
Download: Success
Upload: Success

FieldName: vms_db.tbl_ijin_usaha_perusahaan.path_izin
PK ID: 4808
Url: https://prodev.ut.ac.id/sidapetuat/archive_gambar/32634/pendaftaran_perusahaan/03032026-0926@9. SERTIFIKAT BPJS KESEHATAN ANTAR SURYA JAYA.pdf
Download: Success
Upload: Success

FieldName: vms_db.tbl_ijin_usaha_perusahaan.path_izin
PK ID: 4809
Url: https://prodev.ut.ac.id/sidapetuat/archive_gambar/32634/pendaftaran_perusahaan/03032026-1545@10. Sertifikat Kepersertaan Jamsostek (TERUPDATE)_comp.pdf
Download: Success
Upload: Success

FieldName: vms_db.tbl_ijin_usaha_perusahaan.path_izin
PK ID: 4810
Url: https://prodev.ut.ac.id/sidapetuat/archive_gambar/32634/pendaftaran_perusahaan/18022026-1442@11. ASJ DOMISILI PKKPR.pdf
Download: Success
Upload: Success

FieldName: vms_db.tbl_ijin_usaha_perusahaan.path_izin
PK ID: 4811
Url: https://prodev.ut.ac.id/sidapetuat/archive_gambar/32634/pendaftaran_perusahaan/18022026-1509@14. ASJ_KSWP 2026.pdf
Download: Success
Upload: Success

FieldName: vms_db.tbl_ijin_usaha_perusahaan.path_izin
PK ID: 4812
Url: https://prodev.ut.ac.id/sidapetuat/archive_gambar/32633/pendaftaran_perusahaan/28022026-1356@Doc1.pdf
Download: Success
Upload: Success

FieldName: vms_db.tbl_ijin_usaha_perusahaan.path_izin
PK ID: 4813
Url: https://prodev.ut.ac.id/sidapetuat/archive_gambar/32633/pendaftaran_perusahaan/23022026-1152@SLO (SERTIFIKAT LAIK OPERASI).pdf
Download: Success
Upload: Success

FieldName: vms_db.tbl_ijin_usaha_perusahaan.path_izin
PK ID: 4814
Url: https://prodev.ut.ac.id/sidapetuat/archive_gambar/32634/pendaftaran_perusahaan/04032026-1101@HGB + Perjanjian.pdf
Download: Success
Upload: Success

FieldName: vms_db.tbl_ijin_usaha_perusahaan.path_izin
PK ID: 4815
Url: https://prodev.ut.ac.id/sidapetuat/archive_gambar/32633/pendaftaran_perusahaan/28022026-2149@Doc1.pdf
Download: Success
Upload: Success

FieldName: vms_db.tbl_ijin_usaha_perusahaan.path_izin
PK ID: 4816
Url: https://prodev.ut.ac.id/sidapetuat/archive_gambar/32620/pendaftaran_perusahaan/18022026-1601@NIB TUMBUH TIGA INTERNASIONAL.pdf
Download: Success
Upload: Success

FieldName: vms_db.tbl_ijin_usaha_perusahaan.path_izin
PK ID: 4817
Url: https://prodev.ut.ac.id/sidapetuat/archive_gambar/32633/pendaftaran_perusahaan/23022026-1158@Surat ijin Kementrian Industri.pdf
Download: Success
Upload: Success

FieldName: vms_db.tbl_ijin_usaha_perusahaan.path_izin
PK ID: 4818
Url: https://prodev.ut.ac.id/sidapetuat/archive_gambar/32633/pendaftaran_perusahaan/28022026-1353@4.1 surduk Kertas.pdf
Download: Success
Upload: Success

FieldName: vms_db.tbl_ijin_usaha_perusahaan.path_izin
PK ID: 4819
Url: https://prodev.ut.ac.id/sidapetuat/archive_gambar/32633/pendaftaran_perusahaan/23022026-1726@SURAT DUKUNGAN LEM.pdf
Download: Success
Upload: Success

FieldName: vms_db.tbl_ijin_usaha_perusahaan.path_izin
PK ID: 4820
Url: https://prodev.ut.ac.id/sidapetuat/archive_gambar/32638/pendaftaran_perusahaan/19022026-0902@KTA PT Samafitro - Kadin Indonesia.pdf
Download: Success
Upload: Success

FieldName: vms_db.tbl_ijin_usaha_perusahaan.path_izin
PK ID: 4821
Url: https://prodev.ut.ac.id/sidapetuat/archive_gambar/32638/pendaftaran_perusahaan/19022026-0907@Sertifikat ISO 9001_2015 2023-2026.pdf
Download: Success
Upload: Success

FieldName: vms_db.tbl_ijin_usaha_perusahaan.path_izin
PK ID: 4822
Url: https://prodev.ut.ac.id/sidapetuat/archive_gambar/32638/pendaftaran_perusahaan/19022026-0910@LOA Canon 2025.pdf
Download: Success
Upload: Success

FieldName: vms_db.tbl_ijin_usaha_perusahaan.path_izin
PK ID: 4823
Url: https://prodev.ut.ac.id/sidapetuat/archive_gambar/32638/pendaftaran_perusahaan/19022026-0919@surat_dukungan_reseller_teradata_axioo.pdf
Download: Success
Upload: Success

FieldName: vms_db.tbl_ijin_usaha_perusahaan.path_izin
PK ID: 4824
Url: https://prodev.ut.ac.id/sidapetuat/archive_gambar/32638/pendaftaran_perusahaan/19022026-0930@Samafitro_Direct_AHN22 (LOA HP).pdf
Download: Success
Upload: Success

FieldName: vms_db.tbl_ijin_usaha_perusahaan.path_izin
PK ID: 4825
Url: https://prodev.ut.ac.id/sidapetuat/archive_gambar/32638/pendaftaran_perusahaan/19022026-0944@Surat Dukungan Dell Indonesia to Samafitro.pdf
Download: Success
Upload: Success

FieldName: vms_db.tbl_ijin_usaha_perusahaan.path_izin
PK ID: 4826
Url: https://prodev.ut.ac.id/sidapetuat/archive_gambar/32638/pendaftaran_perusahaan/19022026-0948@Surat Dukungan Lenovo.pdf
Download: Success
Upload: Success

FieldName: vms_db.tbl_ijin_usaha_perusahaan.path_izin
PK ID: 4827
Url: https://prodev.ut.ac.id/sidapetuat/archive_gambar/32638/pendaftaran_perusahaan/19022026-1010@12. Kontrak LKPP (Reseller)_compressed.pdf
Download: Success
Upload: Success

FieldName: vms_db.tbl_ijin_usaha_perusahaan.path_izin
PK ID: 4828
Url: https://prodev.ut.ac.id/sidapetuat/archive_gambar/32638/pendaftaran_perusahaan/19022026-1009@13. Kontrak LKPP(Principal).pdf
Download: Success
Upload: Success

FieldName: vms_db.tbl_ijin_usaha_perusahaan.path_izin
PK ID: 4829
Url: https://prodev.ut.ac.id/sidapetuat/archive_gambar/32634/pendaftaran_perusahaan/19022026-1050@17. Certificate ISO ASJ Surabaya-Copy-2025.pdf
Download: Success
Upload: Success

FieldName: vms_db.tbl_ijin_usaha_perusahaan.path_izin
PK ID: 4830
Url: https://prodev.ut.ac.id/sidapetuat/archive_gambar/32628/pendaftaran_perusahaan/04032026-1429@BPJSKES (Sertifikat + Bukti Bayar 0226)_compressed.pdf
Download: Success
Upload: Success

FieldName: vms_db.tbl_ijin_usaha_perusahaan.path_izin
PK ID: 4831
Url: https://prodev.ut.ac.id/sidapetuat/archive_gambar/32628/pendaftaran_perusahaan/04032026-1436@BPJSTK (Sertifikat + Bukti Bayar 0226).pdf
Download: Success
Upload: Success

FieldName: vms_db.tbl_ijin_usaha_perusahaan.path_izin
PK ID: 4832
Url: https://prodev.ut.ac.id/sidapetuat/archive_gambar/32632/pendaftaran_perusahaan/20022026-0916@Surat Kuasa UT_merged.pdf
Download: Success
Upload: Success

FieldName: vms_db.tbl_ijin_usaha_perusahaan.path_izin
PK ID: 4833
Url: https://prodev.ut.ac.id/sidapetuat/archive_gambar/32633/pendaftaran_perusahaan/23022026-1726@Surat Dukungan untuk PT Nusantara Lestari Ceria Pratama dari PT. Sakata Inx Indonesia.pdf
Download: Success
Upload: Success

FieldName: vms_db.tbl_ijin_usaha_perusahaan.path_izin
PK ID: 4834
Url: https://prodev.ut.ac.id/sidapetuat/archive_gambar/32632/pendaftaran_perusahaan/19022026-1641@Pajak OKT.pdf
Download: Success
Upload: Success

FieldName: vms_db.tbl_ijin_usaha_perusahaan.path_izin
PK ID: 4835
Url: https://prodev.ut.ac.id/sidapetuat/archive_gambar/32632/pendaftaran_perusahaan/19022026-1641@Pajak NOV.pdf
Download: Success
Upload: Success

FieldName: vms_db.tbl_ijin_usaha_perusahaan.path_izin
PK ID: 4836
Url: https://prodev.ut.ac.id/sidapetuat/archive_gambar/32632/pendaftaran_perusahaan/19022026-1641@Pajak DES.pdf
Download: Success
Upload: Success

FieldName: vms_db.tbl_ijin_usaha_perusahaan.path_izin
PK ID: 4837
Url: https://prodev.ut.ac.id/sidapetuat/archive_gambar/32632/pendaftaran_perusahaan/20022026-1410@Sertif BPJS.pdf
Download: Success
Upload: Success

FieldName: vms_db.tbl_ijin_usaha_perusahaan.path_izin
PK ID: 4838
Url: https://prodev.ut.ac.id/sidapetuat/archive_gambar/32616/pendaftaran_perusahaan/19022026-1534@Tanda Daftar Perusahaan PT. Abiam.pdf
Download: Success
Upload: Success

FieldName: vms_db.tbl_ijin_usaha_perusahaan.path_izin
PK ID: 4839
Url: https://prodev.ut.ac.id/sidapetuat/archive_gambar/32638/pendaftaran_perusahaan/19022026-1629@Surat Kuasa Verifikasi Ilham.pdf
Download: Success
Upload: Success

FieldName: vms_db.tbl_ijin_usaha_perusahaan.path_izin
PK ID: 4840
Url: https://prodev.ut.ac.id/sidapetuat/archive_gambar/32562/pendaftaran_perusahaan/19022026-2033@NIB dan Sertifikat Standar.pdf
Download: Success
Upload: Success

FieldName: vms_db.tbl_ijin_usaha_perusahaan.path_izin
PK ID: 4841
Url: https://prodev.ut.ac.id/sidapetuat/archive_gambar/32562/pendaftaran_perusahaan/19022026-2034@NIB.pdf
Download: Success
Upload: Success

FieldName: vms_db.tbl_ijin_usaha_perusahaan.path_izin
PK ID: 4842
Url: https://prodev.ut.ac.id/sidapetuat/archive_gambar/32562/pendaftaran_perusahaan/19022026-2035@NIB.pdf
Download: Success
Upload: Success

FieldName: vms_db.tbl_ijin_usaha_perusahaan.path_izin
PK ID: 4843
Url: https://prodev.ut.ac.id/sidapetuat/archive_gambar/32562/pendaftaran_perusahaan/19022026-2036@NIB.pdf
Download: Success
Upload: Success

FieldName: vms_db.tbl_ijin_usaha_perusahaan.path_izin
PK ID: 4844
Url: https://prodev.ut.ac.id/sidapetuat/archive_gambar/32562/pendaftaran_perusahaan/19022026-2037@NIB.pdf
Download: Success
Upload: Success

FieldName: vms_db.tbl_ijin_usaha_perusahaan.path_izin
PK ID: 4845
Url: https://prodev.ut.ac.id/sidapetuat/archive_gambar/32657/pendaftaran_perusahaan/20022026-0844@C.3.a. Izin Usaha - NIB_RBA TSPM TERBARU Cetak Feb 2026.pdf
Download: Success
Upload: Success

FieldName: vms_db.tbl_ijin_usaha_perusahaan.path_izin
PK ID: 4846
Url: https://prodev.ut.ac.id/sidapetuat/archive_gambar/32532/pendaftaran_perusahaan/20022026-0906@TDP Avant.pdf
Download: Success
Upload: Success

FieldName: vms_db.tbl_ijin_usaha_perusahaan.path_izin
PK ID: 4847
Url: https://prodev.ut.ac.id/sidapetuat/archive_gambar/32567/pendaftaran_perusahaan/20022026-0916@Surat Kuasa dan KTP Penerima Kuasa.pdf
Download: Success
Upload: Success

FieldName: vms_db.tbl_ijin_usaha_perusahaan.path_izin
PK ID: 4848
Url: https://prodev.ut.ac.id/sidapetuat/archive_gambar/32567/pendaftaran_perusahaan/20022026-0918@Status Akun INAPROC Versi 6.pdf
Download: Success
Upload: Success

FieldName: vms_db.tbl_ijin_usaha_perusahaan.path_izin
PK ID: 4849
Url: https://prodev.ut.ac.id/sidapetuat/archive_gambar/32567/pendaftaran_perusahaan/20022026-0940@Sertifikat BPJS Ketenagakerjaan & Bukti Bayar BPJS Kesehatan.pdf
Download: Success
Upload: Success

FieldName: vms_db.tbl_ijin_usaha_perusahaan.path_izin
PK ID: 4850
Url: https://prodev.ut.ac.id/sidapetuat/archive_gambar/32634/pendaftaran_perusahaan/20022026-1117@SURAT DUKUNGAN PENGIRIMAN PT POS.pdf
Download: Success
Upload: Success

FieldName: vms_db.tbl_ijin_usaha_perusahaan.path_izin
PK ID: 4851
Url: https://prodev.ut.ac.id/sidapetuat/archive_gambar/32632/pendaftaran_perusahaan/20022026-1411@Bukti Bayar BPJS Feb 2026_CV HC.pdf
Download: Success
Upload: Success

FieldName: vms_db.tbl_ijin_usaha_perusahaan.path_izin
PK ID: 4852
Url: https://prodev.ut.ac.id/sidapetuat/archive_gambar/32634/pendaftaran_perusahaan/20022026-1530@SURAT DUKUNGAN PENGIRIMAN PT JNE.pdf
Download: Success
Upload: Success

FieldName: vms_db.tbl_ijin_usaha_perusahaan.path_izin
PK ID: 4853
Url: https://prodev.ut.ac.id/sidapetuat/archive_gambar/32616/pendaftaran_perusahaan/20022026-1539@gmi.pdf
Download: Success
Upload: Success

FieldName: vms_db.tbl_ijin_usaha_perusahaan.path_izin
PK ID: 4854
Url: https://prodev.ut.ac.id/sidapetuat/archive_gambar/32616/pendaftaran_perusahaan/20022026-1544@gmi 2.pdf
Download: Success
Upload: Success

FieldName: vms_db.tbl_ijin_usaha_perusahaan.path_izin
PK ID: 4855
Url: https://prodev.ut.ac.id/sidapetuat/archive_gambar/32616/pendaftaran_perusahaan/20022026-1550@gmi 3.pdf
Download: Success
Upload: Success

FieldName: vms_db.tbl_ijin_usaha_perusahaan.path_izin
PK ID: 4856
Url: https://prodev.ut.ac.id/sidapetuat/archive_gambar/32616/pendaftaran_perusahaan/20022026-1553@BPJS KETENAGAKERJAAN.pdf
Download: Success
Upload: Success

FieldName: vms_db.tbl_ijin_usaha_perusahaan.path_izin
PK ID: 4857
Url: https://prodev.ut.ac.id/sidapetuat/archive_gambar/32551/pendaftaran_perusahaan/20022026-1640@SERTIFIKAT BPJSTK ARSA PARAMA KREASI.pdf
Download: Success
Upload: Success

FieldName: vms_db.tbl_ijin_usaha_perusahaan.path_izin
PK ID: 4858
Url: https://prodev.ut.ac.id/sidapetuat/archive_gambar/32645/pendaftaran_perusahaan/28022026-1112@NIB BERESIKO KREATUMIN.pdf
Download: Success
Upload: Success

FieldName: vms_db.tbl_ijin_usaha_perusahaan.path_izin
PK ID: 4859
Url: https://prodev.ut.ac.id/sidapetuat/archive_gambar/32633/pendaftaran_perusahaan/28022026-1351@4. SURDUK POS.pdf
Download: Success
Upload: Success

FieldName: vms_db.tbl_ijin_usaha_perusahaan.path_izin
PK ID: 4860
Url: https://prodev.ut.ac.id/sidapetuat/archive_gambar/32633/pendaftaran_perusahaan/23022026-1724@SURAT DUKUNGAN FL.pdf
Download: Success
Upload: Success

FieldName: vms_db.tbl_ijin_usaha_perusahaan.path_izin
PK ID: 4861
Url: https://prodev.ut.ac.id/sidapetuat/archive_gambar/32634/pendaftaran_perusahaan/23022026-1307@19. Sertifikat SMAP ISO 37001 PT Antar Surya Jaya_compressed.pdf
Download: Success
Upload: Success

FieldName: vms_db.tbl_ijin_usaha_perusahaan.path_izin
PK ID: 4862
Url: https://prodev.ut.ac.id/sidapetuat/archive_gambar/32634/pendaftaran_perusahaan/23022026-1309@20. Sertifikat ISO 45001 (Sistem Manajemen Kesehatan dan Keselamatan Kerja (K3).pdf
Download: Success
Upload: Success

FieldName: vms_db.tbl_ijin_usaha_perusahaan.path_izin
PK ID: 4863
Url: https://prodev.ut.ac.id/sidapetuat/archive_gambar/32634/pendaftaran_perusahaan/23022026-1308@21. ISO 14001 (Sistem Manajemen Lingkungan),.pdf
Download: Success
Upload: Success

FieldName: vms_db.tbl_ijin_usaha_perusahaan.path_izin
PK ID: 4864
Url: https://prodev.ut.ac.id/sidapetuat/archive_gambar/32692/pendaftaran_perusahaan/04032026-1740@NIB - OSS - BOYOLALI (2).pdf
Download: Success
Upload: Success

FieldName: vms_db.tbl_ijin_usaha_perusahaan.path_izin
PK ID: 4865
Url: https://prodev.ut.ac.id/sidapetuat/archive_gambar/32620/pendaftaran_perusahaan/25022026-1015@VO TG compressed.pdf
Download: Success
Upload: Success

FieldName: vms_db.tbl_ijin_usaha_perusahaan.path_izin
PK ID: 4866
Url: https://prodev.ut.ac.id/sidapetuat/archive_gambar/32620/pendaftaran_perusahaan/25022026-1034@BPJS TG.pdf
Download: Success
Upload: Success

FieldName: vms_db.tbl_ijin_usaha_perusahaan.path_izin
PK ID: 4867
Url: https://prodev.ut.ac.id/sidapetuat/archive_gambar/32633/pendaftaran_perusahaan/28022026-1348@1. SURAT KUASA.pdf
Download: Success
Upload: Success

FieldName: vms_db.tbl_ijin_usaha_perusahaan.path_izin
PK ID: 4868
Url: https://prodev.ut.ac.id/sidapetuat/archive_gambar/32709/pendaftaran_perusahaan/02032026-1532@NIB.pdf
Download: Success
Upload: Success

FieldName: vms_db.tbl_ijin_usaha_perusahaan.path_izin
PK ID: 4869
Url: https://prodev.ut.ac.id/sidapetuat/archive_gambar/32707/pendaftaran_perusahaan/03032026-1138@Izin Usaha.pdf
Download: Success
Upload: Success

FieldName: vms_db.tbl_ijin_usaha_perusahaan.path_izin
PK ID: 4870
Url: https://prodev.ut.ac.id/sidapetuat/archive_gambar/32707/pendaftaran_perusahaan/03032026-1523@VO TG compressed.pdf
Download: Success
Upload: Success

FieldName: vms_db.tbl_ijin_usaha_perusahaan.path_izin
PK ID: 4871
Url: https://prodev.ut.ac.id/sidapetuat/archive_gambar/32707/pendaftaran_perusahaan/03032026-1524@BPJS TG.pdf
Download: Success
Upload: Success

FieldName: vms_db.tbl_ijin_usaha_perusahaan.path_izin
PK ID: 4872
Url: https://prodev.ut.ac.id/sidapetuat/archive_gambar/11637/pendaftaran_perusahaan/03032026-1553@NIB GUPALA 2024_compressed.pdf
Download: Success
Upload: Success

FieldName: vms_db.tbl_ijin_usaha_perusahaan.path_izin
PK ID: 4873
Url: https://prodev.ut.ac.id/sidapetuat/archive_gambar/32623/pendaftaran_perusahaan/04032026-1414@surat dukungan.pdf
Download: Success
Upload: Success

FieldName: vms_db.tbl_ijin_usaha_perusahaan.path_izin
PK ID: 4874
Url: https://prodev.ut.ac.id/sidapetuat/archive_gambar/32623/pendaftaran_perusahaan/04032026-1148@Sertifikat Tanah CV ANDI OFFSET.pdf
Download: Success
Upload: Success

FieldName: vms_db.tbl_ijin_usaha_perusahaan.path_izin
PK ID: 4875
Url: https://prodev.ut.ac.id/sidapetuat/archive_gambar/32692/pendaftaran_perusahaan/05032026-1026@SERTIFIKAT BPJSTK - AGP.pdf
Download: Success
Upload: Success

FieldName: vms_db.tbl_ijin_usaha_perusahaan.path_izin
PK ID: 4876
Url: https://prodev.ut.ac.id/sidapetuat/archive_gambar/32692/pendaftaran_perusahaan/05032026-1042@SERTIFIKAT BPJS KESEHATAN - AGP_opt.pdf
Download: Success
Upload: Success

FieldName: vms_db.tbl_ijin_usaha_perusahaan.path_izin
PK ID: 4877
Url: https://prodev.ut.ac.id/sidapetuat/archive_gambar/32692/pendaftaran_perusahaan/05032026-1400@Surduk BB Kertas Benua Paper - 0503_compressed.pdf
Download: Success
Upload: Success

FieldName: vms_db.tbl_ijin_usaha_perusahaan.path_izin
PK ID: 4878
Url: https://prodev.ut.ac.id/sidapetuat/archive_gambar/32692/pendaftaran_perusahaan/05032026-1408@SURDUK   EKSP PT POS.pdf
Download: Success
Upload: Success

FieldName: vms_db.tbl_ijin_usaha_perusahaan.path_izin
PK ID: 4879
Url: https://prodev.ut.ac.id/sidapetuat/archive_gambar/32692/pendaftaran_perusahaan/05032026-1410@SURDUK  EKSP LION PARCEL.pdf
Download: Success
Upload: Success

FieldName: vms_db.tbl_ijin_usaha_perusahaan.path_izin
PK ID: 4880
Url: https://prodev.ut.ac.id/sidapetuat/archive_gambar/32707/pendaftaran_perusahaan/05032026-1454@SKWP.pdf
Download: Success
Upload: Success

FieldName: vms_db.tbl_ijin_usaha_perusahaan.path_izin
PK ID: 4881
Url: https://prodev.ut.ac.id/sidapetuat/archive_gambar/32692/pendaftaran_perusahaan/05032026-2158@ISO 9001 2015 SOA.pdf
Download: Success
Upload: Success

FieldName: vms_db.tbl_ijin_usaha_perusahaan.path_izin
PK ID: 4882
Url: https://prodev.ut.ac.id/sidapetuat/archive_gambar/32692/pendaftaran_perusahaan/05032026-2157@ISO 14001 2015 SOA.pdf
Download: Success
Upload: Success

FieldName: vms_db.tbl_ijin_usaha_perusahaan.path_izin
PK ID: 4883
Url: https://prodev.ut.ac.id/sidapetuat/archive_gambar/32692/pendaftaran_perusahaan/05032026-2202@ISO 45001 2018 SOA.pdf
Download: Success
Upload: Success

FieldName: vms_db.tbl_ijin_usaha_perusahaan.path_izin
PK ID: 4884
Url: https://prodev.ut.ac.id/sidapetuat/archive_gambar/32692/pendaftaran_perusahaan/06032026-1129@ISO 37001.pdf
Download: Success
Upload: Success

FieldName: vms_db.tbl_ijin_usaha_perusahaan.path_izin
PK ID: 4885
Url: https://prodev.ut.ac.id/sidapetuat/archive_gambar/32629/pendaftaran_perusahaan/06032026-2219@ISO 9001.pdf
Download: Success
Upload: Success

FieldName: vms_db.tbl_ijin_usaha_perusahaan.path_izin
PK ID: 4886
Url: https://prodev.ut.ac.id/sidapetuat/archive_gambar/32629/pendaftaran_perusahaan/06032026-1156@ISO 14001.pdf
Download: Success
Upload: Success

FieldName: vms_db.tbl_ijin_usaha_perusahaan.path_izin
PK ID: 4887
Url: https://prodev.ut.ac.id/sidapetuat/archive_gambar/32629/pendaftaran_perusahaan/06032026-1158@ISO 37001.pdf
Download: Success
Upload: Success

FieldName: vms_db.tbl_ijin_usaha_perusahaan.path_izin
PK ID: 4888
Url: https://prodev.ut.ac.id/sidapetuat/archive_gambar/32629/pendaftaran_perusahaan/06032026-1200@ISO 45001.pdf
Download: Success
Upload: Success

FieldName: vms_db.tbl_ijin_usaha_perusahaan.path_izin
PK ID: 4889
Url: https://prodev.ut.ac.id/sidapetuat/archive_gambar/32629/pendaftaran_perusahaan/06032026-1202@Surat Dukungan Expedisi LA Express - CV Sejahtera Bersama.pdf
Download: Success
Upload: Success

FieldName: vms_db.tbl_ijin_usaha_perusahaan.path_izin
PK ID: 4890
Url: https://prodev.ut.ac.id/sidapetuat/archive_gambar/32629/pendaftaran_perusahaan/06032026-1204@Surat Dukungan Gaido-Universitas Terbuka.pdf
Download: Success
Upload: Success

FieldName: vms_db.tbl_ijin_usaha_perusahaan.path_izin
PK ID: 4891
Url: https://prodev.ut.ac.id/sidapetuat/archive_gambar/32629/pendaftaran_perusahaan/06032026-1207@Surat Dukungan Kertas.pdf
Download: Success
Upload: Success

FieldName: vms_db.tbl_ijin_usaha_perusahaan.path_izin
PK ID: 4892
Url: https://prodev.ut.ac.id/sidapetuat/archive_gambar/32629/pendaftaran_perusahaan/06032026-2101@Bukti Bayar BPJS KETENAGAKERJAAN 060226 small.pdf
Download: Success
Upload: Success

FieldName: vms_db.tbl_ijin_usaha_perusahaan.path_izin
PK ID: 4893
Url: https://prodev.ut.ac.id/sidapetuat/archive_gambar/32629/pendaftaran_perusahaan/06032026-2102@Bukti Bayar BPJS KESEHATAN 060226 small.pdf
Download: Success
Upload: Success

FieldName: vms_db.tbl_ijin_usaha_perusahaan.path_izin
PK ID: 4894
Url: https://prodev.ut.ac.id/sidapetuat/archive_gambar/32716/pendaftaran_perusahaan/09032026-2238@nib+kilau+-+Copy.pdf
Download: Success
Upload: Success

FieldName: vms_db.tbl_ijin_usaha_perusahaan.path_izin
PK ID: 4895
Url: https://prodev.ut.ac.id/sidapetuat/archive_gambar/32725/pendaftaran_perusahaan/10032026-1023@NIB Berisiko PT Kode Aplikasi Indonesia.pdf
Download: Success
Upload: Success

FieldName: vms_db.tbl_ijin_usaha_perusahaan.path_izin
PK ID: 4896
Url: https://prodev.ut.ac.id/sidapetuat/archive_gambar/32726/pendaftaran_perusahaan/10032026-1127@NIB HOTEL 2025.pdf
Download: Success
Upload: Success

FieldName: vms_db.tbl_ijin_usaha_perusahaan.path_izin
PK ID: 4897
Url: https://prodev.ut.ac.id/sidapetuat/archive_gambar/32709/pendaftaran_perusahaan/10032026-1137@BPJS-NDK.pdf
Download: Success
Upload: Success

FieldName: vms_db.tbl_ijin_usaha_perusahaan.path_izin
PK ID: 4898
Url: https://prodev.ut.ac.id/sidapetuat/archive_gambar/32709/pendaftaran_perusahaan/10032026-1253@Perjanjian Sewa Menyewa Kantor NDK _opt.pdf
Download: Success
Upload: Success

FieldName: vms_db.tbl_ijin_usaha_perusahaan.path_izin
PK ID: 4899
Url: https://prodev.ut.ac.id/sidapetuat/archive_gambar/17421/pendaftaran_perusahaan/11032026-1226@NIB Berbasis Resiko.pdf
Download: Success
Upload: Success

FieldName: vms_db.tbl_ijin_usaha_perusahaan.path_izin
PK ID: 4900
Url: https://prodev.ut.ac.id/sidapetuat/archive_gambar/17349/pendaftaran_perusahaan/13032026-1722@NPWP-ELEKTRONIK-The WUJIL.pdf
Download: Success
Upload: Success

FieldName: vms_db.tbl_ijin_usaha_perusahaan.path_izin
PK ID: 4901
Url: https://prodev.ut.ac.id/sidapetuat/archive_gambar/1076/pendaftaran_perusahaan/14032026-1111@5 IUJK-2024.pdf
Download: Success
Upload: Success

FieldName: vms_db.tbl_ijin_usaha_perusahaan.path_izin
PK ID: 4902
Url: https://prodev.ut.ac.id/sidapetuat/archive_gambar/32724/pendaftaran_perusahaan/17032026-0939@NIB_PT LULULA TEMAN KREASI.pdf
Download: Success
Upload: Success

