FieldName: vms_db.tbl_fasilitas_perusahaan.path_fasilitas
PK ID: 309
Url: https://prodev.ut.ac.id/sidapetuat/archive_gambar/306/pendaftaran_perusahaan/5. Komputer.pdf
Download: Failed - 404 Not Found
Upload: 

FieldName: vms_db.tbl_fasilitas_perusahaan.path_fasilitas
PK ID: 388
Url: https://prodev.ut.ac.id/sidapetuat/archive_gambar/306/pendaftaran_perusahaan/1. Meja Tulis Kantor.pdf
Download: Failed - 404 Not Found
Upload: 

FieldName: vms_db.tbl_fasilitas_perusahaan.path_fasilitas
PK ID: 389
Url: https://prodev.ut.ac.id/sidapetuat/archive_gambar/306/pendaftaran_perusahaan/2. Kursi.pdf
Download: Failed - 404 Not Found
Upload: 

FieldName: vms_db.tbl_fasilitas_perusahaan.path_fasilitas
PK ID: 391
Url: https://prodev.ut.ac.id/sidapetuat/archive_gambar/306/pendaftaran_perusahaan/3. Pesawat Telepon.pdf
Download: Failed - 404 Not Found
Upload: 

FieldName: vms_db.tbl_fasilitas_perusahaan.path_fasilitas
PK ID: 393
Url: https://prodev.ut.ac.id/sidapetuat/archive_gambar/306/pendaftaran_perusahaan/4. FAX.pdf
Download: Failed - 404 Not Found
Upload: 

FieldName: vms_db.tbl_fasilitas_perusahaan.path_fasilitas
PK ID: 396
Url: https://prodev.ut.ac.id/sidapetuat/archive_gambar/306/pendaftaran_perusahaan/6. Laptop.pdf
Download: Failed - 404 Not Found
Upload: 

FieldName: vms_db.tbl_fasilitas_perusahaan.path_fasilitas
PK ID: 398
Url: https://prodev.ut.ac.id/sidapetuat/archive_gambar/306/pendaftaran_perusahaan/7. Printer.pdf
Download: Failed - 404 Not Found
Upload: 

FieldName: vms_db.tbl_fasilitas_perusahaan.path_fasilitas
PK ID: 401
Url: https://prodev.ut.ac.id/sidapetuat/archive_gambar/306/pendaftaran_perusahaan/8. AC.pdf
Download: Failed - 404 Not Found
Upload: 

FieldName: vms_db.tbl_fasilitas_perusahaan.path_fasilitas
PK ID: 402
Url: https://prodev.ut.ac.id/sidapetuat/archive_gambar/306/pendaftaran_perusahaan/9. Mesin Fotocopy.pdf
Download: Failed - 404 Not Found
Upload: 

FieldName: vms_db.tbl_fasilitas_perusahaan.path_fasilitas
PK ID: 403
Url: https://prodev.ut.ac.id/sidapetuat/archive_gambar/306/pendaftaran_perusahaan/10. Mesin Ketik Elektrik.pdf
Download: Failed - 404 Not Found
Upload: 

FieldName: vms_db.tbl_fasilitas_perusahaan.path_fasilitas
PK ID: 408
Url: https://prodev.ut.ac.id/sidapetuat/archive_gambar/385/pendaftaran_perusahaan/Data Perlengkapan.pdf
Download: Failed - 404 Not Found
Upload: 

FieldName: vms_db.tbl_fasilitas_perusahaan.path_fasilitas
PK ID: 418
Url: https://prodev.ut.ac.id/sidapetuat/archive_gambar/388/pendaftaran_perusahaan/388-fasilitas-1.pdf
Download: Failed - 404 Not Found
Upload: 

FieldName: vms_db.tbl_fasilitas_perusahaan.path_fasilitas
PK ID: 419
Url: https://prodev.ut.ac.id/sidapetuat/archive_gambar/385/pendaftaran_perusahaan/Data Perlengkapan.pdf
Download: Failed - 404 Not Found
Upload: 

FieldName: vms_db.tbl_fasilitas_perusahaan.path_fasilitas
PK ID: 420
Url: https://prodev.ut.ac.id/sidapetuat/archive_gambar/385/pendaftaran_perusahaan/Data Perlengkapan.pdf
Download: Failed - 404 Not Found
Upload: 

FieldName: vms_db.tbl_fasilitas_perusahaan.path_fasilitas
PK ID: 421
Url: https://prodev.ut.ac.id/sidapetuat/archive_gambar/385/pendaftaran_perusahaan/Data Perlengkapan.pdf
Download: Failed - 404 Not Found
Upload: 

FieldName: vms_db.tbl_fasilitas_perusahaan.path_fasilitas
PK ID: 422
Url: https://prodev.ut.ac.id/sidapetuat/archive_gambar/385/pendaftaran_perusahaan/Data Perlengkapan.pdf
Download: Failed - 404 Not Found
Upload: 

FieldName: vms_db.tbl_fasilitas_perusahaan.path_fasilitas
PK ID: 423
Url: https://prodev.ut.ac.id/sidapetuat/archive_gambar/385/pendaftaran_perusahaan/Data Perlengkapan.pdf
Download: Failed - 404 Not Found
Upload: 

FieldName: vms_db.tbl_fasilitas_perusahaan.path_fasilitas
PK ID: 424
Url: https://prodev.ut.ac.id/sidapetuat/archive_gambar/385/pendaftaran_perusahaan/Data Perlengkapan.pdf
Download: Failed - 404 Not Found
Upload: 

FieldName: vms_db.tbl_fasilitas_perusahaan.path_fasilitas
PK ID: 425
Url: https://prodev.ut.ac.id/sidapetuat/archive_gambar/385/pendaftaran_perusahaan/Data Perlengkapan.pdf
Download: Failed - 404 Not Found
Upload: 

FieldName: vms_db.tbl_fasilitas_perusahaan.path_fasilitas
PK ID: 566
Url: https://prodev.ut.ac.id/sidapetuat/archive_gambar/417/pendaftaran_perusahaan/Printer Epson.pdf
Download: Failed - 404 Not Found
Upload: 

FieldName: vms_db.tbl_fasilitas_perusahaan.path_fasilitas
PK ID: 577
Url: https://prodev.ut.ac.id/sidapetuat/archive_gambar/492/pendaftaran_perusahaan/492-fasilitas-1.pdf
Download: Failed - 404 Not Found
Upload: 

FieldName: vms_db.tbl_fasilitas_perusahaan.path_fasilitas
PK ID: 590
Url: https://prodev.ut.ac.id/sidapetuat/archive_gambar/417/pendaftaran_perusahaan/Printer Brother.pdf
Download: Failed - 404 Not Found
Upload: 

FieldName: vms_db.tbl_fasilitas_perusahaan.path_fasilitas
PK ID: 591
Url: https://prodev.ut.ac.id/sidapetuat/archive_gambar/417/pendaftaran_perusahaan/Printer Fuji Xerox.pdf
Download: Failed - 404 Not Found
Upload: 

FieldName: vms_db.tbl_fasilitas_perusahaan.path_fasilitas
PK ID: 592
Url: https://prodev.ut.ac.id/sidapetuat/archive_gambar/417/pendaftaran_perusahaan/Screen Proyektor.pdf
Download: Failed - 404 Not Found
Upload: 

FieldName: vms_db.tbl_fasilitas_perusahaan.path_fasilitas
PK ID: 593
Url: https://prodev.ut.ac.id/sidapetuat/archive_gambar/417/pendaftaran_perusahaan/In Focus.pdf
Download: Failed - 404 Not Found
Upload: 

FieldName: vms_db.tbl_fasilitas_perusahaan.path_fasilitas
PK ID: 594
Url: https://prodev.ut.ac.id/sidapetuat/archive_gambar/417/pendaftaran_perusahaan/Tlp Kantor Sahitel.pdf
Download: Failed - 404 Not Found
Upload: 

FieldName: vms_db.tbl_fasilitas_perusahaan.path_fasilitas
PK ID: 595
Url: https://prodev.ut.ac.id/sidapetuat/archive_gambar/417/pendaftaran_perusahaan/Tlp Kantor Panasonic.pdf
Download: Failed - 404 Not Found
Upload: 

FieldName: vms_db.tbl_fasilitas_perusahaan.path_fasilitas
PK ID: 596
Url: https://prodev.ut.ac.id/sidapetuat/archive_gambar/417/pendaftaran_perusahaan/Personal Komputer.pdf
Download: Failed - 404 Not Found
Upload: 

FieldName: vms_db.tbl_fasilitas_perusahaan.path_fasilitas
PK ID: 597
Url: https://prodev.ut.ac.id/sidapetuat/archive_gambar/417/pendaftaran_perusahaan/Laptop CSK HP.pdf
Download: Failed - 404 Not Found
Upload: 

FieldName: vms_db.tbl_fasilitas_perusahaan.path_fasilitas
PK ID: 598
Url: https://prodev.ut.ac.id/sidapetuat/archive_gambar/417/pendaftaran_perusahaan/Laptop CSK Lenovo.pdf
Download: Failed - 404 Not Found
Upload: 

FieldName: vms_db.tbl_fasilitas_perusahaan.path_fasilitas
PK ID: 599
Url: https://prodev.ut.ac.id/sidapetuat/archive_gambar/417/pendaftaran_perusahaan/Mesin Jilid Spiral.pdf
Download: Failed - 404 Not Found
Upload: 

FieldName: vms_db.tbl_fasilitas_perusahaan.path_fasilitas
PK ID: 604
Url: https://prodev.ut.ac.id/sidapetuat/archive_gambar/492/pendaftaran_perusahaan/HP komputer-dikonversi.pdf
Download: Failed - 404 Not Found
Upload: 

FieldName: vms_db.tbl_fasilitas_perusahaan.path_fasilitas
PK ID: 606
Url: https://prodev.ut.ac.id/sidapetuat/archive_gambar/492/pendaftaran_perusahaan/suzuki-carry_2595-dikonversi.pdf
Download: Failed - 404 Not Found
Upload: 

FieldName: vms_db.tbl_fasilitas_perusahaan.path_fasilitas
PK ID: 623
Url: https://prodev.ut.ac.id/sidapetuat/archive_gambar/472/pendaftaran_perusahaan/472-fasilitas-1.pdf
Download: Failed - 404 Not Found
Upload: 

FieldName: vms_db.tbl_fasilitas_perusahaan.path_fasilitas
PK ID: 624
Url: https://prodev.ut.ac.id/sidapetuat/archive_gambar/472/pendaftaran_perusahaan/472-fasilitas-2.pdf
Download: Failed - 404 Not Found
Upload: 

FieldName: vms_db.tbl_fasilitas_perusahaan.path_fasilitas
PK ID: 625
Url: https://prodev.ut.ac.id/sidapetuat/archive_gambar/645/pendaftaran_perusahaan/645-fasilitas-1.pdf
Download: Failed - 404 Not Found
Upload: 

FieldName: vms_db.tbl_fasilitas_perusahaan.path_fasilitas
PK ID: 626
Url: https://prodev.ut.ac.id/sidapetuat/archive_gambar/645/pendaftaran_perusahaan/645-fasilitas-2.pdf
Download: Failed - 404 Not Found
Upload: 

FieldName: vms_db.tbl_fasilitas_perusahaan.path_fasilitas
PK ID: 627
Url: https://prodev.ut.ac.id/sidapetuat/archive_gambar/645/pendaftaran_perusahaan/645-fasilitas-3.pdf
Download: Failed - 404 Not Found
Upload: 

FieldName: vms_db.tbl_fasilitas_perusahaan.path_fasilitas
PK ID: 628
Url: https://prodev.ut.ac.id/sidapetuat/archive_gambar/645/pendaftaran_perusahaan/645-fasilitas-4.pdf
Download: Failed - 404 Not Found
Upload: 

FieldName: vms_db.tbl_fasilitas_perusahaan.path_fasilitas
PK ID: 629
Url: https://prodev.ut.ac.id/sidapetuat/archive_gambar/645/pendaftaran_perusahaan/645-fasilitas-5.pdf
Download: Failed - 404 Not Found
Upload: 

FieldName: vms_db.tbl_fasilitas_perusahaan.path_fasilitas
PK ID: 631
Url: https://prodev.ut.ac.id/sidapetuat/archive_gambar/639/pendaftaran_perusahaan/Ruang Kantor.pdf
Download: Failed - 404 Not Found
Upload: 

FieldName: vms_db.tbl_fasilitas_perusahaan.path_fasilitas
PK ID: 662
Url: https://prodev.ut.ac.id/sidapetuat/archive_gambar/655/pendaftaran_perusahaan/Gelas-juice.pdf
Download: Failed - 404 Not Found
Upload: 

FieldName: vms_db.tbl_fasilitas_perusahaan.path_fasilitas
PK ID: 663
Url: https://prodev.ut.ac.id/sidapetuat/archive_gambar/655/pendaftaran_perusahaan/Pemanas RollTop.pdf
Download: Failed - 404 Not Found
Upload: 

FieldName: vms_db.tbl_fasilitas_perusahaan.path_fasilitas
PK ID: 664
Url: https://prodev.ut.ac.id/sidapetuat/archive_gambar/655/pendaftaran_perusahaan/SENDOK DLL.pdf
Download: Failed - 404 Not Found
Upload: 

FieldName: vms_db.tbl_fasilitas_perusahaan.path_fasilitas
PK ID: 665
Url: https://prodev.ut.ac.id/sidapetuat/archive_gambar/655/pendaftaran_perusahaan/7e1ff959-566c-45c9-a9b5-62795beee981-converted-compressed.pdf
Download: Failed - 404 Not Found
Upload: 

FieldName: vms_db.tbl_fasilitas_perusahaan.path_fasilitas
PK ID: 666
Url: https://prodev.ut.ac.id/sidapetuat/archive_gambar/655/pendaftaran_perusahaan/Showcase.pdf
Download: Failed - 404 Not Found
Upload: 

FieldName: vms_db.tbl_fasilitas_perusahaan.path_fasilitas
PK ID: 667
Url: https://prodev.ut.ac.id/sidapetuat/archive_gambar/655/pendaftaran_perusahaan/garpu.pdf
Download: Failed - 404 Not Found
Upload: 

FieldName: vms_db.tbl_fasilitas_perusahaan.path_fasilitas
PK ID: 668
Url: https://prodev.ut.ac.id/sidapetuat/archive_gambar/655/pendaftaran_perusahaan/Dapur.pdf
Download: Failed - 404 Not Found
Upload: 

FieldName: vms_db.tbl_fasilitas_perusahaan.path_fasilitas
PK ID: 672
Url: https://prodev.ut.ac.id/sidapetuat/archive_gambar/668/pendaftaran_perusahaan/MESIN BARTEX.pdf
Download: Failed - 404 Not Found
Upload: 

FieldName: vms_db.tbl_fasilitas_perusahaan.path_fasilitas
PK ID: 712
Url: https://prodev.ut.ac.id/sidapetuat/archive_gambar/853/pendaftaran_perusahaan/853-fasilitas-1.pdf
Download: Failed - 404 Not Found
Upload: 

FieldName: vms_db.tbl_fasilitas_perusahaan.path_fasilitas
PK ID: 713
Url: https://prodev.ut.ac.id/sidapetuat/archive_gambar/853/pendaftaran_perusahaan/853-fasilitas-2.pdf
Download: Failed - 404 Not Found
Upload: 

FieldName: vms_db.tbl_fasilitas_perusahaan.path_fasilitas
PK ID: 803
Url: https://prodev.ut.ac.id/sidapetuat/archive_gambar/906/pendaftaran_perusahaan/genset ok.pdf
Download: Failed - 404 Not Found
Upload: 

FieldName: vms_db.tbl_fasilitas_perusahaan.path_fasilitas
PK ID: 804
Url: https://prodev.ut.ac.id/sidapetuat/archive_gambar/906/pendaftaran_perusahaan/4. pickup 1-dikompresi.pdf
Download: Failed - 404 Not Found
Upload: 

FieldName: vms_db.tbl_fasilitas_perusahaan.path_fasilitas
PK ID: 869
Url: https://prodev.ut.ac.id/sidapetuat/archive_gambar/951/pendaftaran_perusahaan/_ H. DATA PERALATAN DAN PERLENGKAPAN (1).pdf
Download: Failed - 404 Not Found
Upload: 

FieldName: vms_db.tbl_fasilitas_perusahaan.path_fasilitas
PK ID: 870
Url: https://prodev.ut.ac.id/sidapetuat/archive_gambar/951/pendaftaran_perusahaan/_ H. DATA PERALATAN DAN PERLENGKAPAN (1).pdf
Download: Failed - 404 Not Found
Upload: 

FieldName: vms_db.tbl_fasilitas_perusahaan.path_fasilitas
PK ID: 874
Url: https://prodev.ut.ac.id/sidapetuat/archive_gambar/951/pendaftaran_perusahaan/_ H. DATA PERALATAN DAN PERLENGKAPAN (1).pdf
Download: Failed - 404 Not Found
Upload: 

FieldName: vms_db.tbl_fasilitas_perusahaan.path_fasilitas
PK ID: 875
Url: https://prodev.ut.ac.id/sidapetuat/archive_gambar/951/pendaftaran_perusahaan/_ H. DATA PERALATAN DAN PERLENGKAPAN (1).pdf
Download: Failed - 404 Not Found
Upload: 

FieldName: vms_db.tbl_fasilitas_perusahaan.path_fasilitas
PK ID: 876
Url: https://prodev.ut.ac.id/sidapetuat/archive_gambar/951/pendaftaran_perusahaan/_ H. DATA PERALATAN DAN PERLENGKAPAN (1).pdf
Download: Failed - 404 Not Found
Upload: 

FieldName: vms_db.tbl_fasilitas_perusahaan.path_fasilitas
PK ID: 878
Url: https://prodev.ut.ac.id/sidapetuat/archive_gambar/951/pendaftaran_perusahaan/_ H. DATA PERALATAN DAN PERLENGKAPAN (1).pdf
Download: Failed - 404 Not Found
Upload: 

FieldName: vms_db.tbl_fasilitas_perusahaan.path_fasilitas
PK ID: 882
Url: https://prodev.ut.ac.id/sidapetuat/archive_gambar/951/pendaftaran_perusahaan/_ H. DATA PERALATAN DAN PERLENGKAPAN (1).pdf
Download: Failed - 404 Not Found
Upload: 

FieldName: vms_db.tbl_fasilitas_perusahaan.path_fasilitas
PK ID: 884
Url: https://prodev.ut.ac.id/sidapetuat/archive_gambar/881/pendaftaran_perusahaan/1.PANEL COMPUTER SAW.pdf
Download: Failed - 404 Not Found
Upload: 

FieldName: vms_db.tbl_fasilitas_perusahaan.path_fasilitas
PK ID: 887
Url: https://prodev.ut.ac.id/sidapetuat/archive_gambar/881/pendaftaran_perusahaan/2.EDGE BANDING AUTOMATIC.pdf
Download: Failed - 404 Not Found
Upload: 

FieldName: vms_db.tbl_fasilitas_perusahaan.path_fasilitas
PK ID: 888
Url: https://prodev.ut.ac.id/sidapetuat/archive_gambar/881/pendaftaran_perusahaan/3.MULTIBORE TECHNO.pdf
Download: Failed - 404 Not Found
Upload: 

FieldName: vms_db.tbl_fasilitas_perusahaan.path_fasilitas
PK ID: 896
Url: https://prodev.ut.ac.id/sidapetuat/archive_gambar/655/pendaftaran_perusahaan/kantor.pdf
Download: Failed - 404 Not Found
Upload: 

FieldName: vms_db.tbl_fasilitas_perusahaan.path_fasilitas
PK ID: 899
Url: https://prodev.ut.ac.id/sidapetuat/archive_gambar/655/pendaftaran_perusahaan/kendaraan-.pdf
Download: Failed - 404 Not Found
Upload: 

FieldName: vms_db.tbl_fasilitas_perusahaan.path_fasilitas
PK ID: 900
Url: https://prodev.ut.ac.id/sidapetuat/archive_gambar/655/pendaftaran_perusahaan/fREZER.pdf
Download: Failed - 404 Not Found
Upload: 

FieldName: vms_db.tbl_fasilitas_perusahaan.path_fasilitas
PK ID: 917
Url: https://prodev.ut.ac.id/sidapetuat/archive_gambar/639/pendaftaran_perusahaan/Laptop.pdf
Download: Failed - 404 Not Found
Upload: 

FieldName: vms_db.tbl_fasilitas_perusahaan.path_fasilitas
PK ID: 918
Url: https://prodev.ut.ac.id/sidapetuat/archive_gambar/639/pendaftaran_perusahaan/Printer.pdf
Download: Failed - 404 Not Found
Upload: 

FieldName: vms_db.tbl_fasilitas_perusahaan.path_fasilitas
PK ID: 920
Url: https://prodev.ut.ac.id/sidapetuat/archive_gambar/639/pendaftaran_perusahaan/Printer.pdf
Download: Failed - 404 Not Found
Upload: 

FieldName: vms_db.tbl_fasilitas_perusahaan.path_fasilitas
PK ID: 921
Url: https://prodev.ut.ac.id/sidapetuat/archive_gambar/639/pendaftaran_perusahaan/Telpon.pdf
Download: Failed - 404 Not Found
Upload: 

FieldName: vms_db.tbl_fasilitas_perusahaan.path_fasilitas
PK ID: 922
Url: https://prodev.ut.ac.id/sidapetuat/archive_gambar/639/pendaftaran_perusahaan/Telpon.pdf
Download: Failed - 404 Not Found
Upload: 

FieldName: vms_db.tbl_fasilitas_perusahaan.path_fasilitas
PK ID: 996
Url: https://prodev.ut.ac.id/sidapetuat/archive_gambar/906/pendaftaran_perusahaan/computer-dikompresi.pdf
Download: Failed - 404 Not Found
Upload: 

FieldName: vms_db.tbl_fasilitas_perusahaan.path_fasilitas
PK ID: 997
Url: https://prodev.ut.ac.id/sidapetuat/archive_gambar/906/pendaftaran_perusahaan/FOTO KANTOR-dikonversi.pdf
Download: Failed - 404 Not Found
Upload: 

FieldName: vms_db.tbl_fasilitas_perusahaan.path_fasilitas
PK ID: 1010
Url: https://prodev.ut.ac.id/sidapetuat/archive_gambar/816/pendaftaran_perusahaan/816-fasilitas-1.pdf
Download: Failed - 404 Not Found
Upload: 

FieldName: vms_db.tbl_fasilitas_perusahaan.path_fasilitas
PK ID: 1036
Url: https://prodev.ut.ac.id/sidapetuat/archive_gambar/948/pendaftaran_perusahaan/12.pdf
Download: Failed - 404 Not Found
Upload: 

FieldName: vms_db.tbl_fasilitas_perusahaan.path_fasilitas
PK ID: 1061
Url: https://prodev.ut.ac.id/sidapetuat/archive_gambar/881/pendaftaran_perusahaan/4.CNC ROUTER.pdf
Download: Failed - 404 Not Found
Upload: 

FieldName: vms_db.tbl_fasilitas_perusahaan.path_fasilitas
PK ID: 1062
Url: https://prodev.ut.ac.id/sidapetuat/archive_gambar/881/pendaftaran_perusahaan/5.FORKLIFT.pdf
Download: Failed - 404 Not Found
Upload: 

FieldName: vms_db.tbl_fasilitas_perusahaan.path_fasilitas
PK ID: 1063
Url: https://prodev.ut.ac.id/sidapetuat/archive_gambar/881/pendaftaran_perusahaan/6.DAFTAR TRANSPORTASI.pdf
Download: Failed - 404 Not Found
Upload: 

FieldName: vms_db.tbl_fasilitas_perusahaan.path_fasilitas
PK ID: 1429
Url: https://prodev.ut.ac.id/sidapetuat/archive_gambar/11304/pendaftaran_perusahaan/Gedung 18 Of?fice Park.pdf
Download: Failed - 404 Not Found
Upload: 

FieldName: vms_db.tbl_fasilitas_perusahaan.path_fasilitas
PK ID: 1516
Url: https://prodev.ut.ac.id/sidapetuat/archive_gambar/11399/pendaftaran_perusahaan/RUANG KERJA.pdf
Download: Failed - 404 Not Found
Upload: 

FieldName: vms_db.tbl_fasilitas_perusahaan.path_fasilitas
PK ID: 1530
Url: https://prodev.ut.ac.id/sidapetuat/archive_gambar/11408/pendaftaran_perusahaan/kursi coklat 18 unit.pdf
Download: Failed - 404 Not Found
Upload: 

FieldName: vms_db.tbl_fasilitas_perusahaan.path_fasilitas
PK ID: 1546
Url: https://prodev.ut.ac.id/sidapetuat/archive_gambar/11031/pendaftaran_perusahaan/11031-fasilitas-1.pdf
Download: Success
Upload: Failed - invalid pdf header

FieldName: vms_db.tbl_fasilitas_perusahaan.path_fasilitas
PK ID: 1562
Url: https://prodev.ut.ac.id/sidapetuat/archive_gambar/11468/pendaftaran_perusahaan/OSA_8198690_260320210738.pdf
Download: Failed - 404 Not Found
Upload: 

FieldName: vms_db.tbl_fasilitas_perusahaan.path_fasilitas
PK ID: 2105
Url: https://prodev.ut.ac.id/sidapetuat/archive_gambar/16401/pendaftaran_perusahaan/16401-fasilitas-1.pdf
Download: Failed - 404 Not Found
Upload: 

FieldName: vms_db.tbl_fasilitas_perusahaan.path_fasilitas
PK ID: 2248
Url: https://prodev.ut.ac.id/sidapetuat/archive_gambar/16569/pendaftaran_perusahaan/TapScanner 13-04-2022-15?38 (2).pdf
Download: Failed - 404 Not Found
Upload: 

FieldName: vms_db.tbl_fasilitas_perusahaan.path_fasilitas
PK ID: 2427
Url: https://prodev.ut.ac.id/sidapetuat/archive_gambar/16902/pendaftaran_perusahaan/DAta kelengkapan dan fasilitas kantor.pdf
Download: Failed - 404 Not Found
Upload: 

FieldName: vms_db.tbl_fasilitas_perusahaan.path_fasilitas
PK ID: 2450
Url: https://prodev.ut.ac.id/sidapetuat/archive_gambar/16799/pendaftaran_perusahaan/23. Foto Alamat Kantor.pdf
Download: Failed - 404 Not Found
Upload: 

FieldName: vms_db.tbl_fasilitas_perusahaan.path_fasilitas
PK ID: 2451
Url: https://prodev.ut.ac.id/sidapetuat/archive_gambar/16941/pendaftaran_perusahaan/16941-fasilitas-1.pdf
Download: Failed - 404 Not Found
Upload: 

FieldName: vms_db.tbl_fasilitas_perusahaan.path_fasilitas
PK ID: 2452
Url: https://prodev.ut.ac.id/sidapetuat/archive_gambar/16938/pendaftaran_perusahaan/Gedung CHD.pdf
Download: Failed - 404 Not Found
Upload: 

FieldName: vms_db.tbl_fasilitas_perusahaan.path_fasilitas
PK ID: 2453
Url: https://prodev.ut.ac.id/sidapetuat/archive_gambar/16941/pendaftaran_perusahaan/DATA FASILITAS.pdf
Download: Failed - 404 Not Found
Upload: 

FieldName: vms_db.tbl_fasilitas_perusahaan.path_fasilitas
PK ID: 2454
Url: https://prodev.ut.ac.id/sidapetuat/archive_gambar/16941/pendaftaran_perusahaan/PERJANJIAN SEWA 2021-2023compressed.pdf
Download: Failed - 404 Not Found
Upload: 

FieldName: vms_db.tbl_fasilitas_perusahaan.path_fasilitas
PK ID: 2455
Url: https://prodev.ut.ac.id/sidapetuat/archive_gambar/17008/pendaftaran_perusahaan/Data Fasilitas dan Perlengkapan Kantor.pdf
Download: Failed - 404 Not Found
Upload: 

FieldName: vms_db.tbl_fasilitas_perusahaan.path_fasilitas
PK ID: 2456
Url: https://prodev.ut.ac.id/sidapetuat/archive_gambar/17014/pendaftaran_perusahaan/DAFTAR PERALATAN FASILITAS KANTOR.pdf
Download: Failed - 404 Not Found
Upload: 

FieldName: vms_db.tbl_fasilitas_perusahaan.path_fasilitas
PK ID: 2457
Url: https://prodev.ut.ac.id/sidapetuat/archive_gambar/17014/pendaftaran_perusahaan/DAFTAR PERALATAN FASILITAS KANTOR.pdf
Download: Failed - 404 Not Found
Upload: 

FieldName: vms_db.tbl_fasilitas_perusahaan.path_fasilitas
PK ID: 2458
Url: https://prodev.ut.ac.id/sidapetuat/archive_gambar/17014/pendaftaran_perusahaan/DAFTAR PERALATAN FASILITAS KANTOR.pdf
Download: Failed - 404 Not Found
Upload: 

FieldName: vms_db.tbl_fasilitas_perusahaan.path_fasilitas
PK ID: 2459
Url: https://prodev.ut.ac.id/sidapetuat/archive_gambar/17014/pendaftaran_perusahaan/DAFTAR PERALATAN FASILITAS KANTOR.pdf
Download: Failed - 404 Not Found
Upload: 

FieldName: vms_db.tbl_fasilitas_perusahaan.path_fasilitas
PK ID: 2460
Url: https://prodev.ut.ac.id/sidapetuat/archive_gambar/17014/pendaftaran_perusahaan/DAFTAR PERALATAN FASILITAS KANTOR.pdf
Download: Failed - 404 Not Found
Upload: 

FieldName: vms_db.tbl_fasilitas_perusahaan.path_fasilitas
PK ID: 2461
Url: https://prodev.ut.ac.id/sidapetuat/archive_gambar/17014/pendaftaran_perusahaan/DAFTAR PERALATAN FASILITAS KANTOR.pdf
Download: Failed - 404 Not Found
Upload: 

FieldName: vms_db.tbl_fasilitas_perusahaan.path_fasilitas
PK ID: 2462
Url: https://prodev.ut.ac.id/sidapetuat/archive_gambar/17014/pendaftaran_perusahaan/DAFTAR PERALATAN FASILITAS KANTOR.pdf
Download: Failed - 404 Not Found
Upload: 

FieldName: vms_db.tbl_fasilitas_perusahaan.path_fasilitas
PK ID: 2463
Url: https://prodev.ut.ac.id/sidapetuat/archive_gambar/17014/pendaftaran_perusahaan/DAFTAR PERALATAN FASILITAS KANTOR.pdf
Download: Failed - 404 Not Found
Upload: 

FieldName: vms_db.tbl_fasilitas_perusahaan.path_fasilitas
PK ID: 2464
Url: https://prodev.ut.ac.id/sidapetuat/archive_gambar/17014/pendaftaran_perusahaan/SURAT PERJANJIAN SEWA.pdf
Download: Failed - 404 Not Found
Upload: 

FieldName: vms_db.tbl_fasilitas_perusahaan.path_fasilitas
PK ID: 2465
Url: https://prodev.ut.ac.id/sidapetuat/archive_gambar/17056/pendaftaran_perusahaan/Daftar Perlatan.pdf
Download: Failed - 404 Not Found
Upload: 

FieldName: vms_db.tbl_fasilitas_perusahaan.path_fasilitas
PK ID: 2466
Url: https://prodev.ut.ac.id/sidapetuat/archive_gambar/17055/pendaftaran_perusahaan/FOTO KANTOR.pdf
Download: Failed - 404 Not Found
Upload: 

FieldName: vms_db.tbl_fasilitas_perusahaan.path_fasilitas
PK ID: 2467
Url: https://prodev.ut.ac.id/sidapetuat/archive_gambar/17066/pendaftaran_perusahaan/WhatsApp Image 2022-08-27 at 11.34.14 AM.pdf
Download: Failed - 404 Not Found
Upload: 

FieldName: vms_db.tbl_fasilitas_perusahaan.path_fasilitas
PK ID: 2471
Url: https://prodev.ut.ac.id/sidapetuat/archive_gambar/17077/pendaftaran_perusahaan/17077-fasilitas-1.pdf
Download: Failed - 404 Not Found
Upload: 

FieldName: vms_db.tbl_fasilitas_perusahaan.path_fasilitas
PK ID: 2472
Url: https://prodev.ut.ac.id/sidapetuat/archive_gambar/16999/pendaftaran_perusahaan/Meeting Room.pdf
Download: Failed - 404 Not Found
Upload: 

FieldName: vms_db.tbl_fasilitas_perusahaan.path_fasilitas
PK ID: 2473
Url: https://prodev.ut.ac.id/sidapetuat/archive_gambar/16999/pendaftaran_perusahaan/Chill's.pdf
Download: Failed - 404 Not Found
Upload: 

FieldName: vms_db.tbl_fasilitas_perusahaan.path_fasilitas
PK ID: 2474
Url: https://prodev.ut.ac.id/sidapetuat/archive_gambar/16999/pendaftaran_perusahaan/Lobby & Swimming Pool.pdf
Download: Failed - 404 Not Found
Upload: 

FieldName: vms_db.tbl_fasilitas_perusahaan.path_fasilitas
PK ID: 2475
Url: https://prodev.ut.ac.id/sidapetuat/archive_gambar/16999/pendaftaran_perusahaan/Mobil Operasional & Kantor.pdf
Download: Failed - 404 Not Found
Upload: 

FieldName: vms_db.tbl_fasilitas_perusahaan.path_fasilitas
PK ID: 2477
Url: https://prodev.ut.ac.id/sidapetuat/archive_gambar/17140/pendaftaran_perusahaan/Foto Kantor + Laptop PT. SLB.pdf
Download: Failed - 404 Not Found
Upload: 

FieldName: vms_db.tbl_fasilitas_perusahaan.path_fasilitas
PK ID: 2478
Url: https://prodev.ut.ac.id/sidapetuat/archive_gambar/17056/pendaftaran_perusahaan/Daftar Perlatan.pdf
Download: Failed - 404 Not Found
Upload: 

FieldName: vms_db.tbl_fasilitas_perusahaan.path_fasilitas
PK ID: 2479
Url: https://prodev.ut.ac.id/sidapetuat/archive_gambar/17056/pendaftaran_perusahaan/lembar pejanjian sewa.pdf
Download: Failed - 404 Not Found
Upload: 

FieldName: vms_db.tbl_fasilitas_perusahaan.path_fasilitas
PK ID: 2480
Url: https://prodev.ut.ac.id/sidapetuat/archive_gambar/17056/pendaftaran_perusahaan/Tambak Luar Dan dalam Kantor.pdf
Download: Failed - 404 Not Found
Upload: 

FieldName: vms_db.tbl_fasilitas_perusahaan.path_fasilitas
PK ID: 2481
Url: https://prodev.ut.ac.id/sidapetuat/archive_gambar/17066/pendaftaran_perusahaan/CamScanner 08-27-2022 11.28 (1)_1 (2).pdf
Download: Failed - 404 Not Found
Upload: 

FieldName: vms_db.tbl_fasilitas_perusahaan.path_fasilitas
PK ID: 2482
Url: https://prodev.ut.ac.id/sidapetuat/archive_gambar/17066/pendaftaran_perusahaan/Infocus_projector.pdf
Download: Failed - 404 Not Found
Upload: 

FieldName: vms_db.tbl_fasilitas_perusahaan.path_fasilitas
PK ID: 2483
Url: https://prodev.ut.ac.id/sidapetuat/archive_gambar/17066/pendaftaran_perusahaan/WhatsApp Image 2022-08-26 at 12.45.41 PM.pdf
Download: Failed - 404 Not Found
Upload: 

FieldName: vms_db.tbl_fasilitas_perusahaan.path_fasilitas
PK ID: 2484
Url: https://prodev.ut.ac.id/sidapetuat/archive_gambar/17066/pendaftaran_perusahaan/WhatsApp Image 2022-08-26 at 12.45.41 PM (1).pdf
Download: Failed - 404 Not Found
Upload: 

FieldName: vms_db.tbl_fasilitas_perusahaan.path_fasilitas
PK ID: 2485
Url: https://prodev.ut.ac.id/sidapetuat/archive_gambar/17066/pendaftaran_perusahaan/PC.pdf
Download: Failed - 404 Not Found
Upload: 

FieldName: vms_db.tbl_fasilitas_perusahaan.path_fasilitas
PK ID: 2486
Url: https://prodev.ut.ac.id/sidapetuat/archive_gambar/17066/pendaftaran_perusahaan/WhatsApp Image 2022-08-27 at 11.46.33 AM.pdf
Download: Failed - 404 Not Found
Upload: 

FieldName: vms_db.tbl_fasilitas_perusahaan.path_fasilitas
PK ID: 2487
Url: https://prodev.ut.ac.id/sidapetuat/archive_gambar/17066/pendaftaran_perusahaan/Meja Meeting (Kantor).pdf
Download: Failed - 404 Not Found
Upload: 

FieldName: vms_db.tbl_fasilitas_perusahaan.path_fasilitas
PK ID: 2488
Url: https://prodev.ut.ac.id/sidapetuat/archive_gambar/16999/pendaftaran_perusahaan/Mobil Operasional & Kantor.pdf
Download: Failed - 404 Not Found
Upload: 

FieldName: vms_db.tbl_fasilitas_perusahaan.path_fasilitas
PK ID: 2489
Url: https://prodev.ut.ac.id/sidapetuat/archive_gambar/16999/pendaftaran_perusahaan/Room & Villa.pdf
Download: Failed - 404 Not Found
Upload: 

FieldName: vms_db.tbl_fasilitas_perusahaan.path_fasilitas
PK ID: 2490
Url: https://prodev.ut.ac.id/sidapetuat/archive_gambar/17077/pendaftaran_perusahaan/210113426340NPWP (1).pdf
Download: Failed - 404 Not Found
Upload: 

FieldName: vms_db.tbl_fasilitas_perusahaan.path_fasilitas
PK ID: 2491
Url: https://prodev.ut.ac.id/sidapetuat/archive_gambar/17077/pendaftaran_perusahaan/Office.pdf
Download: Failed - 404 Not Found
Upload: 

FieldName: vms_db.tbl_fasilitas_perusahaan.path_fasilitas
PK ID: 2492
Url: https://prodev.ut.ac.id/sidapetuat/archive_gambar/17077/pendaftaran_perusahaan/Kendaraan.pdf
Download: Failed - 404 Not Found
Upload: 

FieldName: vms_db.tbl_fasilitas_perusahaan.path_fasilitas
PK ID: 2499
Url: https://prodev.ut.ac.id/sidapetuat/archive_gambar/17214/pendaftaran_perusahaan/GAMBAR KANTOR.pdf
Download: Failed - 404 Not Found
Upload: 

FieldName: vms_db.tbl_fasilitas_perusahaan.path_fasilitas
PK ID: 2504
Url: https://prodev.ut.ac.id/sidapetuat/archive_gambar/17214/pendaftaran_perusahaan/GAMBAR KANTOR.pdf
Download: Failed - 404 Not Found
Upload: 

FieldName: vms_db.tbl_fasilitas_perusahaan.path_fasilitas
PK ID: 2505
Url: https://prodev.ut.ac.id/sidapetuat/archive_gambar/17214/pendaftaran_perusahaan/GAMBAR KANTOR.pdf
Download: Failed - 404 Not Found
Upload: 

FieldName: vms_db.tbl_fasilitas_perusahaan.path_fasilitas
PK ID: 2506
Url: https://prodev.ut.ac.id/sidapetuat/archive_gambar/17214/pendaftaran_perusahaan/MOBIL-dikompresi.pdf
Download: Failed - 404 Not Found
Upload: 

FieldName: vms_db.tbl_fasilitas_perusahaan.path_fasilitas
PK ID: 2507
Url: https://prodev.ut.ac.id/sidapetuat/archive_gambar/17214/pendaftaran_perusahaan/GAMBAR KANTOR.pdf
Download: Failed - 404 Not Found
Upload: 

FieldName: vms_db.tbl_fasilitas_perusahaan.path_fasilitas
PK ID: 2522
Url: https://prodev.ut.ac.id/sidapetuat/archive_gambar/17255/pendaftaran_perusahaan/016 Surat Perjanjian Sewa Ruko sd 2023_compressed.pdf
Download: Failed - 404 Not Found
Upload: 

FieldName: vms_db.tbl_fasilitas_perusahaan.path_fasilitas
PK ID: 2523
Url: https://prodev.ut.ac.id/sidapetuat/archive_gambar/17255/pendaftaran_perusahaan/Sertifikat +MB + PBB Deplu_compressed.pdf
Download: Failed - 404 Not Found
Upload: 

FieldName: vms_db.tbl_fasilitas_perusahaan.path_fasilitas
PK ID: 2525
Url: https://prodev.ut.ac.id/sidapetuat/archive_gambar/17237/pendaftaran_perusahaan/FASILITAS 1.pdf
Download: Failed - 404 Not Found
Upload: 

FieldName: vms_db.tbl_fasilitas_perusahaan.path_fasilitas
PK ID: 2538
Url: https://prodev.ut.ac.id/sidapetuat/archive_gambar/17255/pendaftaran_perusahaan/017 BPKB Kendaraan Bermotor.pdf
Download: Failed - 404 Not Found
Upload: 

FieldName: vms_db.tbl_fasilitas_perusahaan.path_fasilitas
PK ID: 2539
Url: https://prodev.ut.ac.id/sidapetuat/archive_gambar/17255/pendaftaran_perusahaan/PIPE WRENCH.pdf
Download: Failed - 404 Not Found
Upload: 

FieldName: vms_db.tbl_fasilitas_perusahaan.path_fasilitas
PK ID: 2540
Url: https://prodev.ut.ac.id/sidapetuat/archive_gambar/17255/pendaftaran_perusahaan/Bor Drill.pdf
Download: Failed - 404 Not Found
Upload: 

FieldName: vms_db.tbl_fasilitas_perusahaan.path_fasilitas
PK ID: 2541
Url: https://prodev.ut.ac.id/sidapetuat/archive_gambar/17244/pendaftaran_perusahaan/17244-fasilitas-1.pdf
Download: Failed - 404 Not Found
Upload: 

FieldName: vms_db.tbl_fasilitas_perusahaan.path_fasilitas
PK ID: 2542
Url: https://prodev.ut.ac.id/sidapetuat/archive_gambar/17255/pendaftaran_perusahaan/ROMPI SAFETY.pdf
Download: Failed - 404 Not Found
Upload: 

FieldName: vms_db.tbl_fasilitas_perusahaan.path_fasilitas
PK ID: 2543
Url: https://prodev.ut.ac.id/sidapetuat/archive_gambar/17255/pendaftaran_perusahaan/HELM SAFETY.pdf
Download: Failed - 404 Not Found
Upload: 

FieldName: vms_db.tbl_fasilitas_perusahaan.path_fasilitas
PK ID: 2544
Url: https://prodev.ut.ac.id/sidapetuat/archive_gambar/17255/pendaftaran_perusahaan/TESPEN.pdf
Download: Failed - 404 Not Found
Upload: 

FieldName: vms_db.tbl_fasilitas_perusahaan.path_fasilitas
PK ID: 2545
Url: https://prodev.ut.ac.id/sidapetuat/archive_gambar/17255/pendaftaran_perusahaan/Smoke Test.pdf
Download: Failed - 404 Not Found
Upload: 

FieldName: vms_db.tbl_fasilitas_perusahaan.path_fasilitas
PK ID: 2546
Url: https://prodev.ut.ac.id/sidapetuat/archive_gambar/17255/pendaftaran_perusahaan/blank.pdf
Download: Failed - 404 Not Found
Upload: 

FieldName: vms_db.tbl_fasilitas_perusahaan.path_fasilitas
PK ID: 2547
Url: https://prodev.ut.ac.id/sidapetuat/archive_gambar/17255/pendaftaran_perusahaan/blank.pdf
Download: Failed - 404 Not Found
Upload: 

FieldName: vms_db.tbl_fasilitas_perusahaan.path_fasilitas
PK ID: 2556
Url: https://prodev.ut.ac.id/sidapetuat/archive_gambar/17255/pendaftaran_perusahaan/STNK Mobil Avanza.pdf
Download: Failed - 404 Not Found
Upload: 

FieldName: vms_db.tbl_fasilitas_perusahaan.path_fasilitas
PK ID: 2557
Url: https://prodev.ut.ac.id/sidapetuat/archive_gambar/17255/pendaftaran_perusahaan/STNK Mobil Brio.pdf
Download: Failed - 404 Not Found
Upload: 

FieldName: vms_db.tbl_fasilitas_perusahaan.path_fasilitas
PK ID: 2558
Url: https://prodev.ut.ac.id/sidapetuat/archive_gambar/17255/pendaftaran_perusahaan/STNK + FOTO Mobil Creta.pdf
Download: Failed - 404 Not Found
Upload: 

FieldName: vms_db.tbl_fasilitas_perusahaan.path_fasilitas
PK ID: 2569
Url: https://prodev.ut.ac.id/sidapetuat/archive_gambar/17140/pendaftaran_perusahaan/Foto Kantor + PC.pdf
Download: Failed - 404 Not Found
Upload: 

FieldName: vms_db.tbl_fasilitas_perusahaan.path_fasilitas
PK ID: 2578
Url: https://prodev.ut.ac.id/sidapetuat/archive_gambar/17286/pendaftaran_perusahaan/17286-fasilitas-1.pdf
Download: Failed - 404 Not Found
Upload: 

FieldName: vms_db.tbl_fasilitas_perusahaan.path_fasilitas
PK ID: 2579
Url: https://prodev.ut.ac.id/sidapetuat/archive_gambar/17290/pendaftaran_perusahaan/17290-fasilitas-1.pdf
Download: Failed - 404 Not Found
Upload: 

FieldName: vms_db.tbl_fasilitas_perusahaan.path_fasilitas
PK ID: 2580
Url: https://prodev.ut.ac.id/sidapetuat/archive_gambar/17303/pendaftaran_perusahaan/17303-fasilitas-1.pdf
Download: Failed - 404 Not Found
Upload: 

FieldName: vms_db.tbl_fasilitas_perusahaan.path_fasilitas
PK ID: 2581
Url: https://prodev.ut.ac.id/sidapetuat/archive_gambar/17290/pendaftaran_perusahaan/Kantor dan Peralatan PT Bonum Amicitia Internasional.pdf
Download: Failed - 404 Not Found
Upload: 

FieldName: vms_db.tbl_fasilitas_perusahaan.path_fasilitas
PK ID: 2582
Url: https://prodev.ut.ac.id/sidapetuat/archive_gambar/17255/pendaftaran_perusahaan/FOTO RUANGAN KANTOR R1.pdf
Download: Failed - 404 Not Found
Upload: 

FieldName: vms_db.tbl_fasilitas_perusahaan.path_fasilitas
PK ID: 2600
Url: https://prodev.ut.ac.id/sidapetuat/archive_gambar/17309/pendaftaran_perusahaan/17309-fasilitas-1.pdf
Download: Failed - 404 Not Found
Upload: 

FieldName: vms_db.tbl_fasilitas_perusahaan.path_fasilitas
PK ID: 2601
Url: https://prodev.ut.ac.id/sidapetuat/archive_gambar/17303/pendaftaran_perusahaan/--LAPTOP HP--.pdf
Download: Failed - 404 Not Found
Upload: 

FieldName: vms_db.tbl_fasilitas_perusahaan.path_fasilitas
PK ID: 2602
Url: https://prodev.ut.ac.id/sidapetuat/archive_gambar/17303/pendaftaran_perusahaan/METERAN Roll.pdf
Download: Failed - 404 Not Found
Upload: 

FieldName: vms_db.tbl_fasilitas_perusahaan.path_fasilitas
PK ID: 2603
Url: https://prodev.ut.ac.id/sidapetuat/archive_gambar/17303/pendaftaran_perusahaan/PRINTER HP OFFICEJET 7720.pdf
Download: Failed - 404 Not Found
Upload: 

FieldName: vms_db.tbl_fasilitas_perusahaan.path_fasilitas
PK ID: 2604
Url: https://prodev.ut.ac.id/sidapetuat/archive_gambar/17303/pendaftaran_perusahaan/====Kantor====.pdf
Download: Failed - 404 Not Found
Upload: 

FieldName: vms_db.tbl_fasilitas_perusahaan.path_fasilitas
PK ID: 2605
Url: https://prodev.ut.ac.id/sidapetuat/archive_gambar/17303/pendaftaran_perusahaan/kendaraan roda 4.pdf
Download: Failed - 404 Not Found
Upload: 

FieldName: vms_db.tbl_fasilitas_perusahaan.path_fasilitas
PK ID: 2606
Url: https://prodev.ut.ac.id/sidapetuat/archive_gambar/17309/pendaftaran_perusahaan/DATA FASILITAS DAN PERALATAN.pdf
Download: Failed - 404 Not Found
Upload: 

FieldName: vms_db.tbl_fasilitas_perusahaan.path_fasilitas
PK ID: 2607
Url: https://prodev.ut.ac.id/sidapetuat/archive_gambar/17309/pendaftaran_perusahaan/DATA FASILITAS DAN PERALATAN.pdf
Download: Failed - 404 Not Found
Upload: 

FieldName: vms_db.tbl_fasilitas_perusahaan.path_fasilitas
PK ID: 2608
Url: https://prodev.ut.ac.id/sidapetuat/archive_gambar/17309/pendaftaran_perusahaan/DATA FASILITAS DAN PERALATAN.pdf
Download: Failed - 404 Not Found
Upload: 

FieldName: vms_db.tbl_fasilitas_perusahaan.path_fasilitas
PK ID: 2609
Url: https://prodev.ut.ac.id/sidapetuat/archive_gambar/17309/pendaftaran_perusahaan/toyota inova dan Pick up suzuki.pdf
Download: Failed - 404 Not Found
Upload: 

FieldName: vms_db.tbl_fasilitas_perusahaan.path_fasilitas
PK ID: 2610
Url: https://prodev.ut.ac.id/sidapetuat/archive_gambar/17309/pendaftaran_perusahaan/toyota inova dan Pick up suzuki.pdf
Download: Failed - 404 Not Found
Upload: 

FieldName: vms_db.tbl_fasilitas_perusahaan.path_fasilitas
PK ID: 2611
Url: https://prodev.ut.ac.id/sidapetuat/archive_gambar/17309/pendaftaran_perusahaan/GENSET.pdf
Download: Failed - 404 Not Found
Upload: 

FieldName: vms_db.tbl_fasilitas_perusahaan.path_fasilitas
PK ID: 2612
Url: https://prodev.ut.ac.id/sidapetuat/archive_gambar/17309/pendaftaran_perusahaan/DATA FASILITAS DAN PERALATAN.pdf
Download: Failed - 404 Not Found
Upload: 

FieldName: vms_db.tbl_fasilitas_perusahaan.path_fasilitas
PK ID: 2613
Url: https://prodev.ut.ac.id/sidapetuat/archive_gambar/17307/pendaftaran_perusahaan/Foto Peralatan-Fasilitas.pdf
Download: Failed - 404 Not Found
Upload: 

FieldName: vms_db.tbl_fasilitas_perusahaan.path_fasilitas
PK ID: 2614
Url: https://prodev.ut.ac.id/sidapetuat/archive_gambar/17309/pendaftaran_perusahaan/KOSONG.pdf
Download: Failed - 404 Not Found
Upload: 

FieldName: vms_db.tbl_fasilitas_perusahaan.path_fasilitas
PK ID: 2615
Url: https://prodev.ut.ac.id/sidapetuat/archive_gambar/17309/pendaftaran_perusahaan/projector.pdf
Download: Failed - 404 Not Found
Upload: 

FieldName: vms_db.tbl_fasilitas_perusahaan.path_fasilitas
PK ID: 2616
Url: https://prodev.ut.ac.id/sidapetuat/archive_gambar/17309/pendaftaran_perusahaan/panggung riging.pdf
Download: Failed - 404 Not Found
Upload: 

FieldName: vms_db.tbl_fasilitas_perusahaan.path_fasilitas
PK ID: 2617
Url: https://prodev.ut.ac.id/sidapetuat/archive_gambar/17309/pendaftaran_perusahaan/bunga.pdf
Download: Failed - 404 Not Found
Upload: 

FieldName: vms_db.tbl_fasilitas_perusahaan.path_fasilitas
PK ID: 2618
Url: https://prodev.ut.ac.id/sidapetuat/archive_gambar/17309/pendaftaran_perusahaan/kain dekorasi.pdf
Download: Failed - 404 Not Found
Upload: 

FieldName: vms_db.tbl_fasilitas_perusahaan.path_fasilitas
PK ID: 2619
Url: https://prodev.ut.ac.id/sidapetuat/archive_gambar/17309/pendaftaran_perusahaan/KOSONG.pdf
Download: Failed - 404 Not Found
Upload: 

FieldName: vms_db.tbl_fasilitas_perusahaan.path_fasilitas
PK ID: 2620
Url: https://prodev.ut.ac.id/sidapetuat/archive_gambar/17309/pendaftaran_perusahaan/KOSONG.pdf
Download: Failed - 404 Not Found
Upload: 

FieldName: vms_db.tbl_fasilitas_perusahaan.path_fasilitas
PK ID: 2621
Url: https://prodev.ut.ac.id/sidapetuat/archive_gambar/17309/pendaftaran_perusahaan/KOSONG.pdf
Download: Failed - 404 Not Found
Upload: 

FieldName: vms_db.tbl_fasilitas_perusahaan.path_fasilitas
PK ID: 2622
Url: https://prodev.ut.ac.id/sidapetuat/archive_gambar/17309/pendaftaran_perusahaan/riging.pdf
Download: Failed - 404 Not Found
Upload: 

FieldName: vms_db.tbl_fasilitas_perusahaan.path_fasilitas
PK ID: 2623
Url: https://prodev.ut.ac.id/sidapetuat/archive_gambar/17309/pendaftaran_perusahaan/Flooring.pdf
Download: Failed - 404 Not Found
Upload: 

FieldName: vms_db.tbl_fasilitas_perusahaan.path_fasilitas
PK ID: 2624
Url: https://prodev.ut.ac.id/sidapetuat/archive_gambar/17309/pendaftaran_perusahaan/pelaminan.pdf
Download: Failed - 404 Not Found
Upload: 

FieldName: vms_db.tbl_fasilitas_perusahaan.path_fasilitas
PK ID: 2625
Url: https://prodev.ut.ac.id/sidapetuat/archive_gambar/17309/pendaftaran_perusahaan/KOSONG.pdf
Download: Failed - 404 Not Found
Upload: 

FieldName: vms_db.tbl_fasilitas_perusahaan.path_fasilitas
PK ID: 2626
Url: https://prodev.ut.ac.id/sidapetuat/archive_gambar/17309/pendaftaran_perusahaan/KOSONG.pdf
Download: Failed - 404 Not Found
Upload: 

FieldName: vms_db.tbl_fasilitas_perusahaan.path_fasilitas
PK ID: 2627
Url: https://prodev.ut.ac.id/sidapetuat/archive_gambar/17309/pendaftaran_perusahaan/KOSONG.pdf
Download: Failed - 404 Not Found
Upload: 

FieldName: vms_db.tbl_fasilitas_perusahaan.path_fasilitas
PK ID: 2628
Url: https://prodev.ut.ac.id/sidapetuat/archive_gambar/17309/pendaftaran_perusahaan/PARLED.pdf
Download: Failed - 404 Not Found
Upload: 

FieldName: vms_db.tbl_fasilitas_perusahaan.path_fasilitas
PK ID: 2638
Url: https://prodev.ut.ac.id/sidapetuat/archive_gambar/17338/pendaftaran_perusahaan/17338-fasilitas-1.pdf
Download: Failed - 404 Not Found
Upload: 

FieldName: vms_db.tbl_fasilitas_perusahaan.path_fasilitas
PK ID: 2648
Url: https://prodev.ut.ac.id/sidapetuat/archive_gambar/17349/pendaftaran_perusahaan/The Wujil-booklet_compressed.pdf
Download: Failed - 404 Not Found
Upload: 

FieldName: vms_db.tbl_fasilitas_perusahaan.path_fasilitas
PK ID: 2649
Url: https://prodev.ut.ac.id/sidapetuat/archive_gambar/17338/pendaftaran_perusahaan/ilovepdf_merged (35)_compressed-compressed.pdf
Download: Failed - 404 Not Found
Upload: 

FieldName: vms_db.tbl_fasilitas_perusahaan.path_fasilitas
PK ID: 2650
Url: https://prodev.ut.ac.id/sidapetuat/archive_gambar/17338/pendaftaran_perusahaan/sewa ruko PT AXEL_merged.pdf
Download: Failed - 404 Not Found
Upload: 

FieldName: vms_db.tbl_fasilitas_perusahaan.path_fasilitas
PK ID: 2651
Url: https://prodev.ut.ac.id/sidapetuat/archive_gambar/17338/pendaftaran_perusahaan/Toolkit, Tespen, Kunci Sok.pdf
Download: Failed - 404 Not Found
Upload: 

FieldName: vms_db.tbl_fasilitas_perusahaan.path_fasilitas
PK ID: 2652
Url: https://prodev.ut.ac.id/sidapetuat/archive_gambar/17338/pendaftaran_perusahaan/Toolkit, Tespen, Kunci Sok.pdf
Download: Failed - 404 Not Found
Upload: 

FieldName: vms_db.tbl_fasilitas_perusahaan.path_fasilitas
PK ID: 2653
Url: https://prodev.ut.ac.id/sidapetuat/archive_gambar/17338/pendaftaran_perusahaan/Toolkit, Tespen, Kunci Sok.pdf
Download: Failed - 404 Not Found
Upload: 

FieldName: vms_db.tbl_fasilitas_perusahaan.path_fasilitas
PK ID: 2654
Url: https://prodev.ut.ac.id/sidapetuat/archive_gambar/17307/pendaftaran_perusahaan/Foto Peralatan-Fasilitas.pdf
Download: Failed - 404 Not Found
Upload: 

FieldName: vms_db.tbl_fasilitas_perusahaan.path_fasilitas
PK ID: 2655
Url: https://prodev.ut.ac.id/sidapetuat/archive_gambar/17307/pendaftaran_perusahaan/Foto Peralatan-Fasilitas.pdf
Download: Failed - 404 Not Found
Upload: 

FieldName: vms_db.tbl_fasilitas_perusahaan.path_fasilitas
PK ID: 2656
Url: https://prodev.ut.ac.id/sidapetuat/archive_gambar/17307/pendaftaran_perusahaan/Foto Peralatan-Fasilitas.pdf
Download: Failed - 404 Not Found
Upload: 

FieldName: vms_db.tbl_fasilitas_perusahaan.path_fasilitas
PK ID: 2657
Url: https://prodev.ut.ac.id/sidapetuat/archive_gambar/17307/pendaftaran_perusahaan/Foto Peralatan-Fasilitas.pdf
Download: Failed - 404 Not Found
Upload: 

FieldName: vms_db.tbl_fasilitas_perusahaan.path_fasilitas
PK ID: 2658
Url: https://prodev.ut.ac.id/sidapetuat/archive_gambar/17307/pendaftaran_perusahaan/Foto Peralatan-Fasilitas.pdf
Download: Failed - 404 Not Found
Upload: 

FieldName: vms_db.tbl_fasilitas_perusahaan.path_fasilitas
PK ID: 2660
Url: https://prodev.ut.ac.id/sidapetuat/archive_gambar/17349/pendaftaran_perusahaan/PERALATAN UPDATE.pdf
Download: Failed - 404 Not Found
Upload: 

FieldName: vms_db.tbl_fasilitas_perusahaan.path_fasilitas
PK ID: 2661
Url: https://prodev.ut.ac.id/sidapetuat/archive_gambar/17357/pendaftaran_perusahaan/17357-fasilitas-1.pdf
Download: Failed - 404 Not Found
Upload: 

FieldName: vms_db.tbl_fasilitas_perusahaan.path_fasilitas
PK ID: 2665
Url: https://prodev.ut.ac.id/sidapetuat/archive_gambar/17367/pendaftaran_perusahaan/17367-fasilitas-4.pdf
Download: Failed - 404 Not Found
Upload: 

FieldName: vms_db.tbl_fasilitas_perusahaan.path_fasilitas
PK ID: 2673
Url: https://prodev.ut.ac.id/sidapetuat/archive_gambar/17374/pendaftaran_perusahaan/17374-fasilitas-1.pdf
Download: Failed - 404 Not Found
Upload: 

FieldName: vms_db.tbl_fasilitas_perusahaan.path_fasilitas
PK ID: 2674
Url: https://prodev.ut.ac.id/sidapetuat/archive_gambar/17374/pendaftaran_perusahaan/17374-fasilitas-2.pdf
Download: Failed - 404 Not Found
Upload: 

FieldName: vms_db.tbl_fasilitas_perusahaan.path_fasilitas
PK ID: 2675
Url: https://prodev.ut.ac.id/sidapetuat/archive_gambar/17374/pendaftaran_perusahaan/17374-fasilitas-3.pdf
Download: Failed - 404 Not Found
Upload: 

FieldName: vms_db.tbl_fasilitas_perusahaan.path_fasilitas
PK ID: 2676
Url: https://prodev.ut.ac.id/sidapetuat/archive_gambar/17374/pendaftaran_perusahaan/17374-fasilitas-4.pdf
Download: Failed - 404 Not Found
Upload: 

FieldName: vms_db.tbl_fasilitas_perusahaan.path_fasilitas
PK ID: 2677
Url: https://prodev.ut.ac.id/sidapetuat/archive_gambar/17368/pendaftaran_perusahaan/17368-fasilitas-1.pdf
Download: Failed - 404 Not Found
Upload: 

FieldName: vms_db.tbl_fasilitas_perusahaan.path_fasilitas
PK ID: 2678
Url: https://prodev.ut.ac.id/sidapetuat/archive_gambar/17368/pendaftaran_perusahaan/17368-fasilitas-2.pdf
Download: Failed - 404 Not Found
Upload: 

FieldName: vms_db.tbl_fasilitas_perusahaan.path_fasilitas
PK ID: 2679
Url: https://prodev.ut.ac.id/sidapetuat/archive_gambar/17368/pendaftaran_perusahaan/17368-fasilitas-3.pdf
Download: Failed - 404 Not Found
Upload: 

FieldName: vms_db.tbl_fasilitas_perusahaan.path_fasilitas
PK ID: 2680
Url: https://prodev.ut.ac.id/sidapetuat/archive_gambar/17368/pendaftaran_perusahaan/17368-fasilitas-4.pdf
Download: Failed - 404 Not Found
Upload: 

FieldName: vms_db.tbl_fasilitas_perusahaan.path_fasilitas
PK ID: 2681
Url: https://prodev.ut.ac.id/sidapetuat/archive_gambar/17370/pendaftaran_perusahaan/17370-fasilitas-1.pdf
Download: Failed - 404 Not Found
Upload: 

FieldName: vms_db.tbl_fasilitas_perusahaan.path_fasilitas
PK ID: 2682
Url: https://prodev.ut.ac.id/sidapetuat/archive_gambar/17370/pendaftaran_perusahaan/17370-fasilitas-2.pdf
Download: Failed - 404 Not Found
Upload: 

FieldName: vms_db.tbl_fasilitas_perusahaan.path_fasilitas
PK ID: 2683
Url: https://prodev.ut.ac.id/sidapetuat/archive_gambar/17370/pendaftaran_perusahaan/17370-fasilitas-3.pdf
Download: Failed - 404 Not Found
Upload: 

FieldName: vms_db.tbl_fasilitas_perusahaan.path_fasilitas
PK ID: 2684
Url: https://prodev.ut.ac.id/sidapetuat/archive_gambar/17370/pendaftaran_perusahaan/17370-fasilitas-4.pdf
Download: Failed - 404 Not Found
Upload: 

FieldName: vms_db.tbl_fasilitas_perusahaan.path_fasilitas
PK ID: 2685
Url: https://prodev.ut.ac.id/sidapetuat/archive_gambar/17370/pendaftaran_perusahaan/17370-fasilitas-5.pdf
Download: Failed - 404 Not Found
Upload: 

FieldName: vms_db.tbl_fasilitas_perusahaan.path_fasilitas
PK ID: 2686
Url: https://prodev.ut.ac.id/sidapetuat/archive_gambar/17368/pendaftaran_perusahaan/IMG_20221020_0003_compressed.pdf
Download: Failed - 404 Not Found
Upload: 

FieldName: vms_db.tbl_fasilitas_perusahaan.path_fasilitas
PK ID: 2687
Url: https://prodev.ut.ac.id/sidapetuat/archive_gambar/17368/pendaftaran_perusahaan/Bukti bayar PBB TPA_compressed.pdf
Download: Failed - 404 Not Found
Upload: 

FieldName: vms_db.tbl_fasilitas_perusahaan.path_fasilitas
PK ID: 2688
Url: https://prodev.ut.ac.id/sidapetuat/archive_gambar/17368/pendaftaran_perusahaan/Sertifikat Kantor_compressed-dikompresi.pdf
Download: Failed - 404 Not Found
Upload: 

FieldName: vms_db.tbl_fasilitas_perusahaan.path_fasilitas
PK ID: 2689
Url: https://prodev.ut.ac.id/sidapetuat/archive_gambar/17368/pendaftaran_perusahaan/FOTO FASILITAS PERALATAN DAN PERLENGKAPAN.pdf
Download: Failed - 404 Not Found
Upload: 

FieldName: vms_db.tbl_fasilitas_perusahaan.path_fasilitas
PK ID: 2690
Url: https://prodev.ut.ac.id/sidapetuat/archive_gambar/17368/pendaftaran_perusahaan/WhatsApp Image 2022-10-13 at 15.46.55.pdf
Download: Failed - 404 Not Found
Upload: 

FieldName: vms_db.tbl_fasilitas_perusahaan.path_fasilitas
PK ID: 2691
Url: https://prodev.ut.ac.id/sidapetuat/archive_gambar/17368/pendaftaran_perusahaan/Trimeer dan Hammer dril.pdf
Download: Failed - 404 Not Found
Upload: 

FieldName: vms_db.tbl_fasilitas_perusahaan.path_fasilitas
PK ID: 2692
Url: https://prodev.ut.ac.id/sidapetuat/archive_gambar/17370/pendaftaran_perusahaan/Mic.pdf
Download: Failed - 404 Not Found
Upload: 

FieldName: vms_db.tbl_fasilitas_perusahaan.path_fasilitas
PK ID: 2693
Url: https://prodev.ut.ac.id/sidapetuat/archive_gambar/17370/pendaftaran_perusahaan/surat sewa rumah_compressed.pdf
Download: Failed - 404 Not Found
Upload: 

FieldName: vms_db.tbl_fasilitas_perusahaan.path_fasilitas
PK ID: 2694
Url: https://prodev.ut.ac.id/sidapetuat/archive_gambar/17370/pendaftaran_perusahaan/Dokumentasi Kantor.pdf
Download: Failed - 404 Not Found
Upload: 

FieldName: vms_db.tbl_fasilitas_perusahaan.path_fasilitas
PK ID: 2700
Url: https://prodev.ut.ac.id/sidapetuat/archive_gambar/17369/pendaftaran_perusahaan/OFFICE ACCOUNTING.pdf
Download: Failed - 404 Not Found
Upload: 

FieldName: vms_db.tbl_fasilitas_perusahaan.path_fasilitas
PK ID: 2701
Url: https://prodev.ut.ac.id/sidapetuat/archive_gambar/17369/pendaftaran_perusahaan/STNK MOBIL OPERASIONAL 1540C.pdf
Download: Failed - 404 Not Found
Upload: 

FieldName: vms_db.tbl_fasilitas_perusahaan.path_fasilitas
PK ID: 2702
Url: https://prodev.ut.ac.id/sidapetuat/archive_gambar/17369/pendaftaran_perusahaan/SCREEN.pdf
Download: Failed - 404 Not Found
Upload: 

FieldName: vms_db.tbl_fasilitas_perusahaan.path_fasilitas
PK ID: 2703
Url: https://prodev.ut.ac.id/sidapetuat/archive_gambar/17357/pendaftaran_perusahaan/MACBOOK 2026.pdf
Download: Failed - 404 Not Found
Upload: 

FieldName: vms_db.tbl_fasilitas_perusahaan.path_fasilitas
PK ID: 2704
Url: https://prodev.ut.ac.id/sidapetuat/archive_gambar/17357/pendaftaran_perusahaan/LENOVO.pdf
Download: Failed - 404 Not Found
Upload: 

FieldName: vms_db.tbl_fasilitas_perusahaan.path_fasilitas
PK ID: 2705
Url: https://prodev.ut.ac.id/sidapetuat/archive_gambar/17357/pendaftaran_perusahaan/KANTOR OPERASIONALJL. SUBUR.pdf
Download: Failed - 404 Not Found
Upload: 

FieldName: vms_db.tbl_fasilitas_perusahaan.path_fasilitas
PK ID: 2706
Url: https://prodev.ut.ac.id/sidapetuat/archive_gambar/17357/pendaftaran_perusahaan/PRINTER CANON PIXMA.pdf
Download: Failed - 404 Not Found
Upload: 

FieldName: vms_db.tbl_fasilitas_perusahaan.path_fasilitas
PK ID: 2724
Url: https://prodev.ut.ac.id/sidapetuat/archive_gambar/17410/pendaftaran_perusahaan/17410-fasilitas-1.pdf
Download: Failed - 404 Not Found
Upload: 

FieldName: vms_db.tbl_fasilitas_perusahaan.path_fasilitas
PK ID: 2725
Url: https://prodev.ut.ac.id/sidapetuat/archive_gambar/17410/pendaftaran_perusahaan/17410-fasilitas-2.pdf
Download: Failed - 404 Not Found
Upload: 

FieldName: vms_db.tbl_fasilitas_perusahaan.path_fasilitas
PK ID: 2726
Url: https://prodev.ut.ac.id/sidapetuat/archive_gambar/17410/pendaftaran_perusahaan/17410-fasilitas-3.pdf
Download: Failed - 404 Not Found
Upload: 

FieldName: vms_db.tbl_fasilitas_perusahaan.path_fasilitas
PK ID: 2728
Url: https://prodev.ut.ac.id/sidapetuat/archive_gambar/17438/pendaftaran_perusahaan/17438-fasilitas-1.pdf
Download: Failed - 404 Not Found
Upload: 

FieldName: vms_db.tbl_fasilitas_perusahaan.path_fasilitas
PK ID: 2729
Url: https://prodev.ut.ac.id/sidapetuat/archive_gambar/17438/pendaftaran_perusahaan/17438-fasilitas-2.pdf
Download: Failed - 404 Not Found
Upload: 

FieldName: vms_db.tbl_fasilitas_perusahaan.path_fasilitas
PK ID: 2745
Url: https://prodev.ut.ac.id/sidapetuat/archive_gambar/17438/pendaftaran_perusahaan/FOTO KANTOR dan FASILTAS PT. ACK.pdf
Download: Failed - 404 Not Found
Upload: 

FieldName: vms_db.tbl_fasilitas_perusahaan.path_fasilitas
PK ID: 2746
Url: https://prodev.ut.ac.id/sidapetuat/archive_gambar/17450/pendaftaran_perusahaan/SURAT-PERJANJIAN-KONTRAK-RUMAH copy.pdf
Download: Failed - 404 Not Found
Upload: 

FieldName: vms_db.tbl_fasilitas_perusahaan.path_fasilitas
PK ID: 2747
Url: https://prodev.ut.ac.id/sidapetuat/archive_gambar/17438/pendaftaran_perusahaan/Perjanjian Sewa.pdf
Download: Failed - 404 Not Found
Upload: 

FieldName: vms_db.tbl_fasilitas_perusahaan.path_fasilitas
PK ID: 2748
Url: https://prodev.ut.ac.id/sidapetuat/archive_gambar/17450/pendaftaran_perusahaan/SP. RUMAH - BDC.pdf
Download: Failed - 404 Not Found
Upload: 

FieldName: vms_db.tbl_fasilitas_perusahaan.path_fasilitas
PK ID: 2759
Url: https://prodev.ut.ac.id/sidapetuat/archive_gambar/17496/pendaftaran_perusahaan/STNK, PAJAK, KIR (B 9645 BCW) (7).pdf
Download: Failed - 404 Not Found
Upload: 

FieldName: vms_db.tbl_fasilitas_perusahaan.path_fasilitas
PK ID: 2763
Url: https://prodev.ut.ac.id/sidapetuat/archive_gambar/16568/pendaftaran_perusahaan/printer kantor.pdf
Download: Failed - 404 Not Found
Upload: 

FieldName: vms_db.tbl_fasilitas_perusahaan.path_fasilitas
PK ID: 2764
Url: https://prodev.ut.ac.id/sidapetuat/archive_gambar/16568/pendaftaran_perusahaan/kantor esm.pdf
Download: Failed - 404 Not Found
Upload: 

FieldName: vms_db.tbl_fasilitas_perusahaan.path_fasilitas
PK ID: 2766
Url: https://prodev.ut.ac.id/sidapetuat/archive_gambar/17504/pendaftaran_perusahaan/GUDANG NINJA_compressed.pdf
Download: Failed - 404 Not Found
Upload: 

FieldName: vms_db.tbl_fasilitas_perusahaan.path_fasilitas
PK ID: 2769
Url: https://prodev.ut.ac.id/sidapetuat/archive_gambar/17496/pendaftaran_perusahaan/WhatsApp Image 2023-05-04 at 11.38.50.pdf
Download: Failed - 404 Not Found
Upload: 

FieldName: vms_db.tbl_fasilitas_perusahaan.path_fasilitas
PK ID: 2897
Url: https://prodev.ut.ac.id/sidapetuat/archive_gambar/17557/pendaftaran_perusahaan/17557-fasilitas-1.pdf
Download: Failed - 404 Not Found
Upload: 

FieldName: vms_db.tbl_fasilitas_perusahaan.path_fasilitas
PK ID: 2898
Url: https://prodev.ut.ac.id/sidapetuat/archive_gambar/17557/pendaftaran_perusahaan/17557-fasilitas-2.pdf
Download: Failed - 404 Not Found
Upload: 

FieldName: vms_db.tbl_fasilitas_perusahaan.path_fasilitas
PK ID: 2899
Url: https://prodev.ut.ac.id/sidapetuat/archive_gambar/17557/pendaftaran_perusahaan/17557-fasilitas-3.pdf
Download: Failed - 404 Not Found
Upload: 

FieldName: vms_db.tbl_fasilitas_perusahaan.path_fasilitas
PK ID: 2900
Url: https://prodev.ut.ac.id/sidapetuat/archive_gambar/17568/pendaftaran_perusahaan/Foto Kantor MGI.pdf
Download: Failed - 404 Not Found
Upload: 

FieldName: vms_db.tbl_fasilitas_perusahaan.path_fasilitas
PK ID: 2904
Url: https://prodev.ut.ac.id/sidapetuat/archive_gambar/17557/pendaftaran_perusahaan/FOTO SERVER.pdf
Download: Failed - 404 Not Found
Upload: 

FieldName: vms_db.tbl_fasilitas_perusahaan.path_fasilitas
PK ID: 2905
Url: https://prodev.ut.ac.id/sidapetuat/archive_gambar/17557/pendaftaran_perusahaan/Perjanjian Kerjasama Sewa Perangkat Komputer FS_Intikom_compressed.pdf
Download: Failed - 404 Not Found
Upload: 

FieldName: vms_db.tbl_fasilitas_perusahaan.path_fasilitas
PK ID: 2906
Url: https://prodev.ut.ac.id/sidapetuat/archive_gambar/17557/pendaftaran_perusahaan/FOTO KANTOR FS.pdf
Download: Failed - 404 Not Found
Upload: 

FieldName: vms_db.tbl_fasilitas_perusahaan.path_fasilitas
PK ID: 3097
Url: https://prodev.ut.ac.id/sidapetuat/archive_gambar/17732/pendaftaran_perusahaan/Qontak Rental Agreement 2023 (signed).pdf
Download: Failed - 404 Not Found
Upload: 

FieldName: vms_db.tbl_fasilitas_perusahaan.path_fasilitas
PK ID: 3098
Url: https://prodev.ut.ac.id/sidapetuat/archive_gambar/17753/pendaftaran_perusahaan/17753-fasilitas-1.pdf
Download: Failed - 404 Not Found
Upload: 

FieldName: vms_db.tbl_fasilitas_perusahaan.path_fasilitas
PK ID: 3099
Url: https://prodev.ut.ac.id/sidapetuat/archive_gambar/17753/pendaftaran_perusahaan/17753-fasilitas-2.pdf
Download: Failed - 404 Not Found
Upload: 

FieldName: vms_db.tbl_fasilitas_perusahaan.path_fasilitas
PK ID: 3100
Url: https://prodev.ut.ac.id/sidapetuat/archive_gambar/17753/pendaftaran_perusahaan/17753-fasilitas-3.pdf
Download: Failed - 404 Not Found
Upload: 

FieldName: vms_db.tbl_fasilitas_perusahaan.path_fasilitas
PK ID: 3101
Url: https://prodev.ut.ac.id/sidapetuat/archive_gambar/17753/pendaftaran_perusahaan/17753-fasilitas-4.pdf
Download: Failed - 404 Not Found
Upload: 

FieldName: vms_db.tbl_fasilitas_perusahaan.path_fasilitas
PK ID: 3102
Url: https://prodev.ut.ac.id/sidapetuat/archive_gambar/17753/pendaftaran_perusahaan/17753-fasilitas-5.pdf
Download: Failed - 404 Not Found
Upload: 

FieldName: vms_db.tbl_fasilitas_perusahaan.path_fasilitas
PK ID: 3103
Url: https://prodev.ut.ac.id/sidapetuat/archive_gambar/17753/pendaftaran_perusahaan/17753-fasilitas-6.pdf
Download: Failed - 404 Not Found
Upload: 

FieldName: vms_db.tbl_fasilitas_perusahaan.path_fasilitas
PK ID: 3104
Url: https://prodev.ut.ac.id/sidapetuat/archive_gambar/17753/pendaftaran_perusahaan/17753-fasilitas-7.pdf
Download: Failed - 404 Not Found
Upload: 

FieldName: vms_db.tbl_fasilitas_perusahaan.path_fasilitas
PK ID: 3106
Url: https://prodev.ut.ac.id/sidapetuat/archive_gambar/17752/pendaftaran_perusahaan/17752-fasilitas-1.pdf
Download: Failed - 404 Not Found
Upload: 

FieldName: vms_db.tbl_fasilitas_perusahaan.path_fasilitas
PK ID: 3107
Url: https://prodev.ut.ac.id/sidapetuat/archive_gambar/17761/pendaftaran_perusahaan/6. Workshop dan IMB.pdf
Download: Failed - 404 Not Found
Upload: 

FieldName: vms_db.tbl_fasilitas_perusahaan.path_fasilitas
PK ID: 3108
Url: https://prodev.ut.ac.id/sidapetuat/archive_gambar/17761/pendaftaran_perusahaan/17761-fasilitas-2.pdf
Download: Failed - 404 Not Found
Upload: 

FieldName: vms_db.tbl_fasilitas_perusahaan.path_fasilitas
PK ID: 3109
Url: https://prodev.ut.ac.id/sidapetuat/archive_gambar/17761/pendaftaran_perusahaan/17761-fasilitas-3.pdf
Download: Failed - 404 Not Found
Upload: 

FieldName: vms_db.tbl_fasilitas_perusahaan.path_fasilitas
PK ID: 3110
Url: https://prodev.ut.ac.id/sidapetuat/archive_gambar/17761/pendaftaran_perusahaan/17761-fasilitas-4.pdf
Download: Failed - 404 Not Found
Upload: 

FieldName: vms_db.tbl_fasilitas_perusahaan.path_fasilitas
PK ID: 3111
Url: https://prodev.ut.ac.id/sidapetuat/archive_gambar/17761/pendaftaran_perusahaan/17761-fasilitas-5.pdf
Download: Failed - 404 Not Found
Upload: 

FieldName: vms_db.tbl_fasilitas_perusahaan.path_fasilitas
PK ID: 3112
Url: https://prodev.ut.ac.id/sidapetuat/archive_gambar/17761/pendaftaran_perusahaan/17761-fasilitas-6.pdf
Download: Failed - 404 Not Found
Upload: 

FieldName: vms_db.tbl_fasilitas_perusahaan.path_fasilitas
PK ID: 3119
Url: https://prodev.ut.ac.id/sidapetuat/archive_gambar/17773/pendaftaran_perusahaan/17773-fasilitas-1.pdf
Download: Failed - 404 Not Found
Upload: 

FieldName: vms_db.tbl_fasilitas_perusahaan.path_fasilitas
PK ID: 3120
Url: https://prodev.ut.ac.id/sidapetuat/archive_gambar/17778/pendaftaran_perusahaan/17778-fasilitas-1.pdf
Download: Failed - 404 Not Found
Upload: 

FieldName: vms_db.tbl_fasilitas_perusahaan.path_fasilitas
PK ID: 3121
Url: https://prodev.ut.ac.id/sidapetuat/archive_gambar/17779/pendaftaran_perusahaan/SERTIFIKAT dan FOTO WORKSHOP CINANGKA 1.pdf
Download: Failed - 404 Not Found
Upload: 

FieldName: vms_db.tbl_fasilitas_perusahaan.path_fasilitas
PK ID: 3122
Url: https://prodev.ut.ac.id/sidapetuat/archive_gambar/17779/pendaftaran_perusahaan/Surat Keterangan Sewa-Kontrak Kantor JDC.pdf
Download: Failed - 404 Not Found
Upload: 

FieldName: vms_db.tbl_fasilitas_perusahaan.path_fasilitas
PK ID: 3123
Url: https://prodev.ut.ac.id/sidapetuat/archive_gambar/17779/pendaftaran_perusahaan/17779-fasilitas-3.pdf
Download: Failed - 404 Not Found
Upload: 

FieldName: vms_db.tbl_fasilitas_perusahaan.path_fasilitas
PK ID: 3124
Url: https://prodev.ut.ac.id/sidapetuat/archive_gambar/17779/pendaftaran_perusahaan/17779-fasilitas-4.pdf
Download: Failed - 404 Not Found
Upload: 

FieldName: vms_db.tbl_fasilitas_perusahaan.path_fasilitas
PK ID: 3125
Url: https://prodev.ut.ac.id/sidapetuat/archive_gambar/17779/pendaftaran_perusahaan/Kompressor Dll.pdf
Download: Failed - 404 Not Found
Upload: 

FieldName: vms_db.tbl_fasilitas_perusahaan.path_fasilitas
PK ID: 3126
Url: https://prodev.ut.ac.id/sidapetuat/archive_gambar/17779/pendaftaran_perusahaan/Circle-Gergaji Kayu.pdf
Download: Failed - 404 Not Found
Upload: 

FieldName: vms_db.tbl_fasilitas_perusahaan.path_fasilitas
PK ID: 3127
Url: https://prodev.ut.ac.id/sidapetuat/archive_gambar/17779/pendaftaran_perusahaan/Bor DLL.pdf
Download: Failed - 404 Not Found
Upload: 

FieldName: vms_db.tbl_fasilitas_perusahaan.path_fasilitas
PK ID: 3128
Url: https://prodev.ut.ac.id/sidapetuat/archive_gambar/17784/pendaftaran_perusahaan/17784-fasilitas-1.pdf
Download: Failed - 404 Not Found
Upload: 

FieldName: vms_db.tbl_fasilitas_perusahaan.path_fasilitas
PK ID: 3129
Url: https://prodev.ut.ac.id/sidapetuat/archive_gambar/17784/pendaftaran_perusahaan/17784-fasilitas-2.pdf
Download: Failed - 404 Not Found
Upload: 

FieldName: vms_db.tbl_fasilitas_perusahaan.path_fasilitas
PK ID: 3130
Url: https://prodev.ut.ac.id/sidapetuat/archive_gambar/17784/pendaftaran_perusahaan/17784-fasilitas-3.pdf
Download: Failed - 404 Not Found
Upload: 

FieldName: vms_db.tbl_fasilitas_perusahaan.path_fasilitas
PK ID: 3131
Url: https://prodev.ut.ac.id/sidapetuat/archive_gambar/17784/pendaftaran_perusahaan/17784-fasilitas-4.pdf
Download: Failed - 404 Not Found
Upload: 

FieldName: vms_db.tbl_fasilitas_perusahaan.path_fasilitas
PK ID: 3132
Url: https://prodev.ut.ac.id/sidapetuat/archive_gambar/17784/pendaftaran_perusahaan/17784-fasilitas-5.pdf
Download: Failed - 404 Not Found
Upload: 

FieldName: vms_db.tbl_fasilitas_perusahaan.path_fasilitas
PK ID: 3133
Url: https://prodev.ut.ac.id/sidapetuat/archive_gambar/17784/pendaftaran_perusahaan/17784-fasilitas-6.pdf
Download: Failed - 404 Not Found
Upload: 

FieldName: vms_db.tbl_fasilitas_perusahaan.path_fasilitas
PK ID: 3134
Url: https://prodev.ut.ac.id/sidapetuat/archive_gambar/17784/pendaftaran_perusahaan/Foto Gedung.pdf
Download: Failed - 404 Not Found
Upload: 

FieldName: vms_db.tbl_fasilitas_perusahaan.path_fasilitas
PK ID: 3135
Url: https://prodev.ut.ac.id/sidapetuat/archive_gambar/17784/pendaftaran_perusahaan/Ruang Kerja 1.pdf
Download: Failed - 404 Not Found
Upload: 

FieldName: vms_db.tbl_fasilitas_perusahaan.path_fasilitas
PK ID: 3136
Url: https://prodev.ut.ac.id/sidapetuat/archive_gambar/17784/pendaftaran_perusahaan/Perjanjian Sewa Ruang Kantor Surabaya.PDF
Download: Failed - 404 Not Found
Upload: 

FieldName: vms_db.tbl_fasilitas_perusahaan.path_fasilitas
PK ID: 3137
Url: https://prodev.ut.ac.id/sidapetuat/archive_gambar/17784/pendaftaran_perusahaan/Dokumen.pdf
Download: Failed - 404 Not Found
Upload: 

FieldName: vms_db.tbl_fasilitas_perusahaan.path_fasilitas
PK ID: 3138
Url: https://prodev.ut.ac.id/sidapetuat/archive_gambar/17771/pendaftaran_perusahaan/1. INVOICE SAMSUNG MONITOR.pdf
Download: Failed - 404 Not Found
Upload: 

FieldName: vms_db.tbl_fasilitas_perusahaan.path_fasilitas
PK ID: 3139
Url: https://prodev.ut.ac.id/sidapetuat/archive_gambar/17771/pendaftaran_perusahaan/2. MEJA PARTISI.pdf
Download: Failed - 404 Not Found
Upload: 

FieldName: vms_db.tbl_fasilitas_perusahaan.path_fasilitas
PK ID: 3140
Url: https://prodev.ut.ac.id/sidapetuat/archive_gambar/17771/pendaftaran_perusahaan/3. PURIFIER DAIKIN.pdf
Download: Failed - 404 Not Found
Upload: 

FieldName: vms_db.tbl_fasilitas_perusahaan.path_fasilitas
PK ID: 3141
Url: https://prodev.ut.ac.id/sidapetuat/archive_gambar/17771/pendaftaran_perusahaan/4. PRINTER EPSON L3110.pdf
Download: Failed - 404 Not Found
Upload: 

FieldName: vms_db.tbl_fasilitas_perusahaan.path_fasilitas
PK ID: 3142
Url: https://prodev.ut.ac.id/sidapetuat/archive_gambar/17771/pendaftaran_perusahaan/5. MACBOOK.pdf
Download: Failed - 404 Not Found
Upload: 

FieldName: vms_db.tbl_fasilitas_perusahaan.path_fasilitas
PK ID: 3143
Url: https://prodev.ut.ac.id/sidapetuat/archive_gambar/17771/pendaftaran_perusahaan/6. AC SPLIT WALL DAIKIN.pdf
Download: Failed - 404 Not Found
Upload: 

FieldName: vms_db.tbl_fasilitas_perusahaan.path_fasilitas
PK ID: 3144
Url: https://prodev.ut.ac.id/sidapetuat/archive_gambar/17771/pendaftaran_perusahaan/7. MEJA KERJA.pdf
Download: Failed - 404 Not Found
Upload: 

FieldName: vms_db.tbl_fasilitas_perusahaan.path_fasilitas
PK ID: 3145
Url: https://prodev.ut.ac.id/sidapetuat/archive_gambar/17771/pendaftaran_perusahaan/8. PC DESKTOP HP.pdf
Download: Failed - 404 Not Found
Upload: 

FieldName: vms_db.tbl_fasilitas_perusahaan.path_fasilitas
PK ID: 3146
Url: https://prodev.ut.ac.id/sidapetuat/archive_gambar/17771/pendaftaran_perusahaan/9. LAPTOP ASUS.pdf
Download: Failed - 404 Not Found
Upload: 

FieldName: vms_db.tbl_fasilitas_perusahaan.path_fasilitas
PK ID: 3147
Url: https://prodev.ut.ac.id/sidapetuat/archive_gambar/17771/pendaftaran_perusahaan/10. KURSI KANTOR.pdf
Download: Failed - 404 Not Found
Upload: 

FieldName: vms_db.tbl_fasilitas_perusahaan.path_fasilitas
PK ID: 3148
Url: https://prodev.ut.ac.id/sidapetuat/archive_gambar/17777/pendaftaran_perusahaan/17777-fasilitas-1.pdf
Download: Failed - 404 Not Found
Upload: 

FieldName: vms_db.tbl_fasilitas_perusahaan.path_fasilitas
PK ID: 3149
Url: https://prodev.ut.ac.id/sidapetuat/archive_gambar/17777/pendaftaran_perusahaan/17777-fasilitas-2.pdf
Download: Failed - 404 Not Found
Upload: 

FieldName: vms_db.tbl_fasilitas_perusahaan.path_fasilitas
PK ID: 3150
Url: https://prodev.ut.ac.id/sidapetuat/archive_gambar/17777/pendaftaran_perusahaan/17777-fasilitas-3.pdf
Download: Failed - 404 Not Found
Upload: 

FieldName: vms_db.tbl_fasilitas_perusahaan.path_fasilitas
PK ID: 3151
Url: https://prodev.ut.ac.id/sidapetuat/archive_gambar/17777/pendaftaran_perusahaan/17777-fasilitas-4.pdf
Download: Failed - 404 Not Found
Upload: 

FieldName: vms_db.tbl_fasilitas_perusahaan.path_fasilitas
PK ID: 3152
Url: https://prodev.ut.ac.id/sidapetuat/archive_gambar/17768/pendaftaran_perusahaan/17768-fasilitas-1.pdf
Download: Failed - 404 Not Found
Upload: 

FieldName: vms_db.tbl_fasilitas_perusahaan.path_fasilitas
PK ID: 3153
Url: https://prodev.ut.ac.id/sidapetuat/archive_gambar/17768/pendaftaran_perusahaan/Foto - Tools Monitoring Warehouse.pdf
Download: Failed - 404 Not Found
Upload: 

FieldName: vms_db.tbl_fasilitas_perusahaan.path_fasilitas
PK ID: 3154
Url: https://prodev.ut.ac.id/sidapetuat/archive_gambar/17768/pendaftaran_perusahaan/Foto - Laptop Operasional.pdf
Download: Failed - 404 Not Found
Upload: 

FieldName: vms_db.tbl_fasilitas_perusahaan.path_fasilitas
PK ID: 3155
Url: https://prodev.ut.ac.id/sidapetuat/archive_gambar/17768/pendaftaran_perusahaan/Foto - Toolset Elektrikal.pdf
Download: Failed - 404 Not Found
Upload: 

FieldName: vms_db.tbl_fasilitas_perusahaan.path_fasilitas
PK ID: 3156
Url: https://prodev.ut.ac.id/sidapetuat/archive_gambar/17768/pendaftaran_perusahaan/Foto - Tangga.pdf
Download: Failed - 404 Not Found
Upload: 

FieldName: vms_db.tbl_fasilitas_perusahaan.path_fasilitas
PK ID: 3157
Url: https://prodev.ut.ac.id/sidapetuat/archive_gambar/17768/pendaftaran_perusahaan/Foto - Printer Sharing.pdf
Download: Failed - 404 Not Found
Upload: 

FieldName: vms_db.tbl_fasilitas_perusahaan.path_fasilitas
PK ID: 3158
Url: https://prodev.ut.ac.id/sidapetuat/archive_gambar/17768/pendaftaran_perusahaan/Foto - Mobil Operasional.pdf
Download: Failed - 404 Not Found
Upload: 

FieldName: vms_db.tbl_fasilitas_perusahaan.path_fasilitas
PK ID: 3159
Url: https://prodev.ut.ac.id/sidapetuat/archive_gambar/17768/pendaftaran_perusahaan/Foto - Kantor PT PINS Indonesia dan Kontrak Sewa.pdf
Download: Failed - 404 Not Found
Upload: 

FieldName: vms_db.tbl_fasilitas_perusahaan.path_fasilitas
PK ID: 3160
Url: https://prodev.ut.ac.id/sidapetuat/archive_gambar/17785/pendaftaran_perusahaan/1. SMART FUNITURE 1.pdf
Download: Failed - 404 Not Found
Upload: 

FieldName: vms_db.tbl_fasilitas_perusahaan.path_fasilitas
PK ID: 3161
Url: https://prodev.ut.ac.id/sidapetuat/archive_gambar/17785/pendaftaran_perusahaan/2. telpon kntor Invoice.pdf
Download: Failed - 404 Not Found
Upload: 

FieldName: vms_db.tbl_fasilitas_perusahaan.path_fasilitas
PK ID: 3162
Url: https://prodev.ut.ac.id/sidapetuat/archive_gambar/17785/pendaftaran_perusahaan/3. LAPTOP LENOVO.pdf
Download: Failed - 404 Not Found
Upload: 

FieldName: vms_db.tbl_fasilitas_perusahaan.path_fasilitas
PK ID: 3163
Url: https://prodev.ut.ac.id/sidapetuat/archive_gambar/17785/pendaftaran_perusahaan/4. PURIFIER.pdf
Download: Failed - 404 Not Found
Upload: 

FieldName: vms_db.tbl_fasilitas_perusahaan.path_fasilitas
PK ID: 3164
Url: https://prodev.ut.ac.id/sidapetuat/archive_gambar/17785/pendaftaran_perusahaan/5. PRINTER EPSON.pdf
Download: Failed - 404 Not Found
Upload: 

FieldName: vms_db.tbl_fasilitas_perusahaan.path_fasilitas
PK ID: 3165
Url: https://prodev.ut.ac.id/sidapetuat/archive_gambar/17785/pendaftaran_perusahaan/6. KWITANSILEMARI ARSIP.pdf
Download: Failed - 404 Not Found
Upload: 

FieldName: vms_db.tbl_fasilitas_perusahaan.path_fasilitas
PK ID: 3166
Url: https://prodev.ut.ac.id/sidapetuat/archive_gambar/17785/pendaftaran_perusahaan/7. PC HP.pdf
Download: Failed - 404 Not Found
Upload: 

FieldName: vms_db.tbl_fasilitas_perusahaan.path_fasilitas
PK ID: 3167
Url: https://prodev.ut.ac.id/sidapetuat/archive_gambar/17785/pendaftaran_perusahaan/8. STNK CALYA NEW.pdf
Download: Failed - 404 Not Found
Upload: 

FieldName: vms_db.tbl_fasilitas_perusahaan.path_fasilitas
PK ID: 3168
Url: https://prodev.ut.ac.id/sidapetuat/archive_gambar/17785/pendaftaran_perusahaan/9. STNK MOBIL MERCY.pdf
Download: Failed - 404 Not Found
Upload: 

FieldName: vms_db.tbl_fasilitas_perusahaan.path_fasilitas
PK ID: 3169
Url: https://prodev.ut.ac.id/sidapetuat/archive_gambar/17785/pendaftaran_perusahaan/10. FOTO KANTOR.pdf
Download: Failed - 404 Not Found
Upload: 

FieldName: vms_db.tbl_fasilitas_perusahaan.path_fasilitas
PK ID: 3170
Url: https://prodev.ut.ac.id/sidapetuat/archive_gambar/17770/pendaftaran_perusahaan/17770-fasilitas-1.pdf
Download: Failed - 404 Not Found
Upload: 

FieldName: vms_db.tbl_fasilitas_perusahaan.path_fasilitas
PK ID: 3171
Url: https://prodev.ut.ac.id/sidapetuat/archive_gambar/17793/pendaftaran_perusahaan/LAPTOP.pdf
Download: Failed - 404 Not Found
Upload: 

FieldName: vms_db.tbl_fasilitas_perusahaan.path_fasilitas
PK ID: 3172
Url: https://prodev.ut.ac.id/sidapetuat/archive_gambar/17793/pendaftaran_perusahaan/MEJA KERJA.pdf
Download: Failed - 404 Not Found
Upload: 

FieldName: vms_db.tbl_fasilitas_perusahaan.path_fasilitas
PK ID: 3173
Url: https://prodev.ut.ac.id/sidapetuat/archive_gambar/17793/pendaftaran_perusahaan/KURSI KERJA.pdf
Download: Failed - 404 Not Found
Upload: 

FieldName: vms_db.tbl_fasilitas_perusahaan.path_fasilitas
PK ID: 3174
Url: https://prodev.ut.ac.id/sidapetuat/archive_gambar/17793/pendaftaran_perusahaan/PRINTER.pdf
Download: Failed - 404 Not Found
Upload: 

FieldName: vms_db.tbl_fasilitas_perusahaan.path_fasilitas
PK ID: 3175
Url: https://prodev.ut.ac.id/sidapetuat/archive_gambar/17793/pendaftaran_perusahaan/KURSI TAMU.pdf
Download: Failed - 404 Not Found
Upload: 

FieldName: vms_db.tbl_fasilitas_perusahaan.path_fasilitas
PK ID: 3176
Url: https://prodev.ut.ac.id/sidapetuat/archive_gambar/17793/pendaftaran_perusahaan/MEJA TAMU.pdf
Download: Failed - 404 Not Found
Upload: 

FieldName: vms_db.tbl_fasilitas_perusahaan.path_fasilitas
PK ID: 3177
Url: https://prodev.ut.ac.id/sidapetuat/archive_gambar/17732/pendaftaran_perusahaan/Foto Kantor Qontak.pdf
Download: Failed - 404 Not Found
Upload: 

FieldName: vms_db.tbl_fasilitas_perusahaan.path_fasilitas
PK ID: 3178
Url: https://prodev.ut.ac.id/sidapetuat/archive_gambar/17732/pendaftaran_perusahaan/Agreement Renewal Lt 4 - Feb 2022 sd Jan 2024.pdf
Download: Failed - 404 Not Found
Upload: 

FieldName: vms_db.tbl_fasilitas_perusahaan.path_fasilitas
PK ID: 3179
Url: https://prodev.ut.ac.id/sidapetuat/archive_gambar/17732/pendaftaran_perusahaan/Foto Kantor Mekari.pdf
Download: Failed - 404 Not Found
Upload: 

FieldName: vms_db.tbl_fasilitas_perusahaan.path_fasilitas
PK ID: 3189
Url: https://prodev.ut.ac.id/sidapetuat/archive_gambar/17793/pendaftaran_perusahaan/KULKAS.pdf
Download: Failed - 404 Not Found
Upload: 

FieldName: vms_db.tbl_fasilitas_perusahaan.path_fasilitas
PK ID: 3190
Url: https://prodev.ut.ac.id/sidapetuat/archive_gambar/17793/pendaftaran_perusahaan/TAMPAK DEPAN KANTOR.pdf
Download: Failed - 404 Not Found
Upload: 

FieldName: vms_db.tbl_fasilitas_perusahaan.path_fasilitas
PK ID: 3191
Url: https://prodev.ut.ac.id/sidapetuat/archive_gambar/17793/pendaftaran_perusahaan/TAMPAK DALAM KANTOR.pdf
Download: Failed - 404 Not Found
Upload: 

FieldName: vms_db.tbl_fasilitas_perusahaan.path_fasilitas
PK ID: 3192
Url: https://prodev.ut.ac.id/sidapetuat/archive_gambar/17793/pendaftaran_perusahaan/SURAT PERJANJIAN PENYEWA RUKO.pdf
Download: Failed - 404 Not Found
Upload: 

FieldName: vms_db.tbl_fasilitas_perusahaan.path_fasilitas
PK ID: 3193
Url: https://prodev.ut.ac.id/sidapetuat/archive_gambar/17804/pendaftaran_perusahaan/Working Tools Fix - TOOLS.pdf
Download: Failed - 404 Not Found
Upload: 

FieldName: vms_db.tbl_fasilitas_perusahaan.path_fasilitas
PK ID: 3194
Url: https://prodev.ut.ac.id/sidapetuat/archive_gambar/17804/pendaftaran_perusahaan/DATA FASILITAS DAN PERALATAN FIX - Sheet1.pdf
Download: Failed - 404 Not Found
Upload: 

FieldName: vms_db.tbl_fasilitas_perusahaan.path_fasilitas
PK ID: 3195
Url: https://prodev.ut.ac.id/sidapetuat/archive_gambar/17804/pendaftaran_perusahaan/DATA FASILITAS DAN PERALATAN FIX - Sheet1.pdf
Download: Failed - 404 Not Found
Upload: 

FieldName: vms_db.tbl_fasilitas_perusahaan.path_fasilitas
PK ID: 3196
Url: https://prodev.ut.ac.id/sidapetuat/archive_gambar/17804/pendaftaran_perusahaan/Working Tools Fix - TOOLS.pdf
Download: Failed - 404 Not Found
Upload: 

FieldName: vms_db.tbl_fasilitas_perusahaan.path_fasilitas
PK ID: 3197
Url: https://prodev.ut.ac.id/sidapetuat/archive_gambar/17804/pendaftaran_perusahaan/Working Tools Fix - TOOLS.pdf
Download: Failed - 404 Not Found
Upload: 

FieldName: vms_db.tbl_fasilitas_perusahaan.path_fasilitas
PK ID: 3198
Url: https://prodev.ut.ac.id/sidapetuat/archive_gambar/17804/pendaftaran_perusahaan/DATA FASILITAS DAN PERALATAN FIX - Sheet1.pdf
Download: Failed - 404 Not Found
Upload: 

FieldName: vms_db.tbl_fasilitas_perusahaan.path_fasilitas
PK ID: 3199
Url: https://prodev.ut.ac.id/sidapetuat/archive_gambar/17804/pendaftaran_perusahaan/Working Tools Fix - TOOLS.pdf
Download: Failed - 404 Not Found
Upload: 

FieldName: vms_db.tbl_fasilitas_perusahaan.path_fasilitas
PK ID: 3200
Url: https://prodev.ut.ac.id/sidapetuat/archive_gambar/17804/pendaftaran_perusahaan/DATA FASILITAS DAN PERALATAN FIX - Sheet1.pdf
Download: Failed - 404 Not Found
Upload: 

FieldName: vms_db.tbl_fasilitas_perusahaan.path_fasilitas
PK ID: 3201
Url: https://prodev.ut.ac.id/sidapetuat/archive_gambar/17804/pendaftaran_perusahaan/Working Tools Fix - TOOLS.pdf
Download: Failed - 404 Not Found
Upload: 

FieldName: vms_db.tbl_fasilitas_perusahaan.path_fasilitas
PK ID: 3202
Url: https://prodev.ut.ac.id/sidapetuat/archive_gambar/17804/pendaftaran_perusahaan/DATA FASILITAS DAN PERALATAN FIX - Sheet1.pdf
Download: Failed - 404 Not Found
Upload: 

FieldName: vms_db.tbl_fasilitas_perusahaan.path_fasilitas
PK ID: 3203
Url: https://prodev.ut.ac.id/sidapetuat/archive_gambar/17804/pendaftaran_perusahaan/DATA FASILITAS DAN PERALATAN FIX - Sheet1.pdf
Download: Failed - 404 Not Found
Upload: 

FieldName: vms_db.tbl_fasilitas_perusahaan.path_fasilitas
PK ID: 3204
Url: https://prodev.ut.ac.id/sidapetuat/archive_gambar/17804/pendaftaran_perusahaan/Working Tools Fix - TOOLS.pdf
Download: Failed - 404 Not Found
Upload: 

FieldName: vms_db.tbl_fasilitas_perusahaan.path_fasilitas
PK ID: 3206
Url: https://prodev.ut.ac.id/sidapetuat/archive_gambar/17804/pendaftaran_perusahaan/Working Tools Fix - TOOLS.pdf
Download: Failed - 404 Not Found
Upload: 

FieldName: vms_db.tbl_fasilitas_perusahaan.path_fasilitas
PK ID: 3220
Url: https://prodev.ut.ac.id/sidapetuat/archive_gambar/17779/pendaftaran_perusahaan/QC Warehouse Modern Hill.1.pdf
Download: Failed - 404 Not Found
Upload: 

FieldName: vms_db.tbl_fasilitas_perusahaan.path_fasilitas
PK ID: 3221
Url: https://prodev.ut.ac.id/sidapetuat/archive_gambar/17771/pendaftaran_perusahaan/FOTO KANTOR PT ROBICODE KREASI INDONESIA.pdf
Download: Failed - 404 Not Found
Upload: 

FieldName: vms_db.tbl_fasilitas_perusahaan.path_fasilitas
PK ID: 3222
Url: https://prodev.ut.ac.id/sidapetuat/archive_gambar/17771/pendaftaran_perusahaan/PERJANJIAN SEWA KANTOR.pdf
Download: Failed - 404 Not Found
Upload: 

FieldName: vms_db.tbl_fasilitas_perusahaan.path_fasilitas
PK ID: 3223
Url: https://prodev.ut.ac.id/sidapetuat/archive_gambar/17771/pendaftaran_perusahaan/FOTO WORKSHOP.pdf
Download: Failed - 404 Not Found
Upload: 

FieldName: vms_db.tbl_fasilitas_perusahaan.path_fasilitas
PK ID: 3224
Url: https://prodev.ut.ac.id/sidapetuat/archive_gambar/17771/pendaftaran_perusahaan/1.Perjanjian Kontrak Produsen.pdf
Download: Failed - 404 Not Found
Upload: 

FieldName: vms_db.tbl_fasilitas_perusahaan.path_fasilitas
PK ID: 3225
Url: https://prodev.ut.ac.id/sidapetuat/archive_gambar/17771/pendaftaran_perusahaan/FOTO WORKSHOP 2.pdf
Download: Failed - 404 Not Found
Upload: 

FieldName: vms_db.tbl_fasilitas_perusahaan.path_fasilitas
PK ID: 3226
Url: https://prodev.ut.ac.id/sidapetuat/archive_gambar/17771/pendaftaran_perusahaan/SURAT PENUNJUKAN DISTRIBUTOR-ENDURO.pdf
Download: Failed - 404 Not Found
Upload: 

FieldName: vms_db.tbl_fasilitas_perusahaan.path_fasilitas
PK ID: 3227
Url: https://prodev.ut.ac.id/sidapetuat/archive_gambar/17761/pendaftaran_perusahaan/8. Paku Tembak.pdf
Download: Failed - 404 Not Found
Upload: 

FieldName: vms_db.tbl_fasilitas_perusahaan.path_fasilitas
PK ID: 3228
Url: https://prodev.ut.ac.id/sidapetuat/archive_gambar/17761/pendaftaran_perusahaan/7. Bor Listrik.pdf
Download: Failed - 404 Not Found
Upload: 

FieldName: vms_db.tbl_fasilitas_perusahaan.path_fasilitas
PK ID: 3229
Url: https://prodev.ut.ac.id/sidapetuat/archive_gambar/17761/pendaftaran_perusahaan/9. Trimmer atau Router.pdf
Download: Failed - 404 Not Found
Upload: 

FieldName: vms_db.tbl_fasilitas_perusahaan.path_fasilitas
PK ID: 3230
Url: https://prodev.ut.ac.id/sidapetuat/archive_gambar/17761/pendaftaran_perusahaan/10. Circle Hand.pdf
Download: Failed - 404 Not Found
Upload: 

FieldName: vms_db.tbl_fasilitas_perusahaan.path_fasilitas
PK ID: 3231
Url: https://prodev.ut.ac.id/sidapetuat/archive_gambar/17761/pendaftaran_perusahaan/11. AMplas Sander Tank.pdf
Download: Failed - 404 Not Found
Upload: 

FieldName: vms_db.tbl_fasilitas_perusahaan.path_fasilitas
PK ID: 3232
Url: https://prodev.ut.ac.id/sidapetuat/archive_gambar/17761/pendaftaran_perusahaan/12. Cold Press.pdf
Download: Failed - 404 Not Found
Upload: 

FieldName: vms_db.tbl_fasilitas_perusahaan.path_fasilitas
PK ID: 3233
Url: https://prodev.ut.ac.id/sidapetuat/archive_gambar/17761/pendaftaran_perusahaan/13. Sliding Table Saw.pdf
Download: Failed - 404 Not Found
Upload: 

FieldName: vms_db.tbl_fasilitas_perusahaan.path_fasilitas
PK ID: 3234
Url: https://prodev.ut.ac.id/sidapetuat/archive_gambar/17761/pendaftaran_perusahaan/14. Edge Banding.pdf
Download: Failed - 404 Not Found
Upload: 

FieldName: vms_db.tbl_fasilitas_perusahaan.path_fasilitas
PK ID: 3235
Url: https://prodev.ut.ac.id/sidapetuat/archive_gambar/17761/pendaftaran_perusahaan/15. Glue Spreader.pdf
Download: Failed - 404 Not Found
Upload: 

FieldName: vms_db.tbl_fasilitas_perusahaan.path_fasilitas
PK ID: 3236
Url: https://prodev.ut.ac.id/sidapetuat/archive_gambar/17753/pendaftaran_perusahaan/Genset.pdf
Download: Failed - 404 Not Found
Upload: 

FieldName: vms_db.tbl_fasilitas_perusahaan.path_fasilitas
PK ID: 3237
Url: https://prodev.ut.ac.id/sidapetuat/archive_gambar/17752/pendaftaran_perusahaan/6. SEWA GEDUNG.pdf
Download: Failed - 404 Not Found
Upload: 

FieldName: vms_db.tbl_fasilitas_perusahaan.path_fasilitas
PK ID: 3238
Url: https://prodev.ut.ac.id/sidapetuat/archive_gambar/17752/pendaftaran_perusahaan/5. FOTO WORKSHOP.pdf
Download: Failed - 404 Not Found
Upload: 

FieldName: vms_db.tbl_fasilitas_perusahaan.path_fasilitas
PK ID: 3239
Url: https://prodev.ut.ac.id/sidapetuat/archive_gambar/11630/pendaftaran_perusahaan/Exca PC 200 2022_compressed.pdf
Download: Failed - 404 Not Found
Upload: 

FieldName: vms_db.tbl_fasilitas_perusahaan.path_fasilitas
PK ID: 3240
Url: https://prodev.ut.ac.id/sidapetuat/archive_gambar/11630/pendaftaran_perusahaan/Exca PC 75 2019_compressed.pdf
Download: Failed - 404 Not Found
Upload: 

FieldName: vms_db.tbl_fasilitas_perusahaan.path_fasilitas
PK ID: 3241
Url: https://prodev.ut.ac.id/sidapetuat/archive_gambar/11630/pendaftaran_perusahaan/Exca PC 75 2021_compressed.pdf
Download: Failed - 404 Not Found
Upload: 

FieldName: vms_db.tbl_fasilitas_perusahaan.path_fasilitas
PK ID: 3242
Url: https://prodev.ut.ac.id/sidapetuat/archive_gambar/11630/pendaftaran_perusahaan/TC Jib 60_compressed.pdf
Download: Failed - 404 Not Found
Upload: 

FieldName: vms_db.tbl_fasilitas_perusahaan.path_fasilitas
PK ID: 3243
Url: https://prodev.ut.ac.id/sidapetuat/archive_gambar/11630/pendaftaran_perusahaan/TC Jib 70_compressed.pdf
Download: Failed - 404 Not Found
Upload: 

FieldName: vms_db.tbl_fasilitas_perusahaan.path_fasilitas
PK ID: 3248
Url: https://prodev.ut.ac.id/sidapetuat/archive_gambar/17839/pendaftaran_perusahaan/17839-fasilitas-1.pdf
Download: Failed - 404 Not Found
Upload: 

FieldName: vms_db.tbl_fasilitas_perusahaan.path_fasilitas
PK ID: 3249
Url: https://prodev.ut.ac.id/sidapetuat/archive_gambar/17845/pendaftaran_perusahaan/Perjanjian Sewa Virtual Office Pelita_PT IONI JAYA.pdf
Download: Failed - 404 Not Found
Upload: 

FieldName: vms_db.tbl_fasilitas_perusahaan.path_fasilitas
PK ID: 3250
Url: https://prodev.ut.ac.id/sidapetuat/archive_gambar/17845/pendaftaran_perusahaan/Perjanjian Sewa Office YC HUB BSD_PT IONI JAYA.pdf
Download: Failed - 404 Not Found
Upload: 

FieldName: vms_db.tbl_fasilitas_perusahaan.path_fasilitas
PK ID: 3251
Url: https://prodev.ut.ac.id/sidapetuat/archive_gambar/17839/pendaftaran_perusahaan/pick up L300.pdf
Download: Failed - 404 Not Found
Upload: 

FieldName: vms_db.tbl_fasilitas_perusahaan.path_fasilitas
PK ID: 3252
Url: https://prodev.ut.ac.id/sidapetuat/archive_gambar/17839/pendaftaran_perusahaan/pick up L300.pdf
Download: Failed - 404 Not Found
Upload: 

FieldName: vms_db.tbl_fasilitas_perusahaan.path_fasilitas
PK ID: 3253
Url: https://prodev.ut.ac.id/sidapetuat/archive_gambar/17839/pendaftaran_perusahaan/pick up L300.pdf
Download: Failed - 404 Not Found
Upload: 

FieldName: vms_db.tbl_fasilitas_perusahaan.path_fasilitas
PK ID: 3254
Url: https://prodev.ut.ac.id/sidapetuat/archive_gambar/17839/pendaftaran_perusahaan/pick up L300.pdf
Download: Failed - 404 Not Found
Upload: 

FieldName: vms_db.tbl_fasilitas_perusahaan.path_fasilitas
PK ID: 3255
Url: https://prodev.ut.ac.id/sidapetuat/archive_gambar/11627/pendaftaran_perusahaan/INVOICE EXCAVATOR SATRIAMAS_.pdf
Download: Failed - 404 Not Found
Upload: 

FieldName: vms_db.tbl_fasilitas_perusahaan.path_fasilitas
PK ID: 3256
Url: https://prodev.ut.ac.id/sidapetuat/archive_gambar/11630/pendaftaran_perusahaan/Kantor C777_compressed.pdf
Download: Failed - 404 Not Found
Upload: 

FieldName: vms_db.tbl_fasilitas_perusahaan.path_fasilitas
PK ID: 3257
Url: https://prodev.ut.ac.id/sidapetuat/archive_gambar/11630/pendaftaran_perusahaan/Workshop_compressed.pdf
Download: Failed - 404 Not Found
Upload: 

FieldName: vms_db.tbl_fasilitas_perusahaan.path_fasilitas
PK ID: 4349
Url: https://prodev.ut.ac.id/sidapetuat/archive_gambar/31482/pendaftaran_perusahaan/27022024-1614@APAR.pdf
Download: Failed - 404 Not Found
Upload: 

FieldName: vms_db.tbl_fasilitas_perusahaan.path_fasilitas
PK ID: 4496
Url: https://prodev.ut.ac.id/sidapetuat/archive_gambar/31609/pendaftaran_perusahaan/07062024-1910@FOTO PERALATAN DAN MEJA.pdf
Download: Failed - 404 Not Found
Upload: 

FieldName: vms_db.tbl_fasilitas_perusahaan.path_fasilitas
PK ID: 4497
Url: https://prodev.ut.ac.id/sidapetuat/archive_gambar/31609/pendaftaran_perusahaan/07062024-1910@FOTO PERALATAN DAN MEJA.pdf
Download: Failed - 404 Not Found
Upload: 

FieldName: vms_db.tbl_fasilitas_perusahaan.path_fasilitas
PK ID: 5120
Url: https://prodev.ut.ac.id/sidapetuat/archive_gambar/32065/pendaftaran_perusahaan/12032025-0848@Bukti Peralatan Kantor PT. Danureksa Sarana Cipta-1_compressed.pdf
Download: Failed - 404 Not Found
Upload: 

FieldName: vms_db.tbl_fasilitas_perusahaan.path_fasilitas
PK ID: 5139
Url: https://prodev.ut.ac.id/sidapetuat/archive_gambar/32065/pendaftaran_perusahaan/12032025-0916@Bukti Peralatan Kantor PT. Danureksa Sarana Cipta-1_compressed.pdf
Download: Failed - 404 Not Found
Upload: 

FieldName: vms_db.tbl_fasilitas_perusahaan.path_fasilitas
PK ID: 5451
Url: https://prodev.ut.ac.id/sidapetuat/archive_gambar/32377/pendaftaran_perusahaan/15092025-1032@Invoice  Tokopedia Printer.pdf
Download: Failed - 404 Not Found
Upload: 

FieldName: vms_db.tbl_fasilitas_perusahaan.path_fasilitas
PK ID: 5765
Url: https://prodev.ut.ac.id/sidapetuat/archive_gambar/32487/pendaftaran_perusahaan/23112025-1444@DAFTAR PERALATAN TEKNIS .pdf
Download: Failed - 404 Not Found
Upload: 

FieldName: vms_db.tbl_fasilitas_perusahaan.path_fasilitas
PK ID: 6153
Url: https://prodev.ut.ac.id/sidapetuat/archive_gambar/32709/pendaftaran_perusahaan/02032026-1637@Peralatan.pdf
Download: Failed - 404 Not Found
Upload: 

