FieldName: vms_db.tbl_internasional_legal_document.path_dokumen
PK ID: 2
Url: https://prodev.ut.ac.id/sidapetuat/archive_gambar/11623/pendaftaran_internasional/11623-legal-20210527-111524.svg
Download: Success
Upload: Failed - invalid file Extension

FieldName: vms_db.tbl_internasional_legal_document.path_dokumen
PK ID: 18
Url: https://prodev.ut.ac.id/sidapetuat/archive_gambar/17275/pendaftaran_internasional/17275-legal-1.pdf
Download: Failed - 404 Not Found
Upload: 

FieldName: vms_db.tbl_internasional_legal_document.path_dokumen
PK ID: 19
Url: https://prodev.ut.ac.id/sidapetuat/archive_gambar/17275/pendaftaran_internasional/17275-legal-20220921-140806.pdf
Download: Failed - 404 Not Found
Upload: 

FieldName: vms_db.tbl_internasional_legal_document.path_dokumen
PK ID: 20
Url: https://prodev.ut.ac.id/sidapetuat/archive_gambar/17273/pendaftaran_internasional/17273-legal-1.pdf
Download: Failed - 404 Not Found
Upload: 

FieldName: vms_db.tbl_internasional_legal_document.path_dokumen
PK ID: 21
Url: https://prodev.ut.ac.id/sidapetuat/archive_gambar/17273/pendaftaran_internasional/17273-legal-20220922-075249.pdf
Download: Failed - 404 Not Found
Upload: 

FieldName: vms_db.tbl_internasional_legal_document.path_dokumen
PK ID: 22
Url: https://prodev.ut.ac.id/sidapetuat/archive_gambar/17392/pendaftaran_internasional/17392-legal-1.pdf
Download: Failed - 404 Not Found
Upload: 

FieldName: vms_db.tbl_internasional_legal_document.path_dokumen
PK ID: 23
Url: https://prodev.ut.ac.id/sidapetuat/archive_gambar/17406/pendaftaran_internasional/17406-legal-1.pdf
Download: Failed - 404 Not Found
Upload: 

FieldName: vms_db.tbl_internasional_legal_document.path_dokumen
PK ID: 24
Url: https://prodev.ut.ac.id/sidapetuat/archive_gambar/17406/pendaftaran_internasional/17406-legal-2.pdf
Download: Failed - 404 Not Found
Upload: 

FieldName: vms_db.tbl_internasional_legal_document.path_dokumen
PK ID: 25
Url: https://prodev.ut.ac.id/sidapetuat/archive_gambar/17406/pendaftaran_internasional/17406-legal-3.pdf
Download: Failed - 404 Not Found
Upload: 

FieldName: vms_db.tbl_internasional_legal_document.path_dokumen
PK ID: 26
Url: https://prodev.ut.ac.id/sidapetuat/archive_gambar/17406/pendaftaran_internasional/17406-legal-4.pdf
Download: Failed - 404 Not Found
Upload: 

FieldName: vms_db.tbl_internasional_legal_document.path_dokumen
PK ID: 27
Url: https://prodev.ut.ac.id/sidapetuat/archive_gambar/17406/pendaftaran_internasional/17406-legal-5.pdf
Download: Failed - 404 Not Found
Upload: 

FieldName: vms_db.tbl_internasional_legal_document.path_dokumen
PK ID: 28
Url: https://prodev.ut.ac.id/sidapetuat/archive_gambar/17406/pendaftaran_internasional/17406-legal-6.pdf
Download: Failed - 404 Not Found
Upload: 

FieldName: vms_db.tbl_internasional_legal_document.path_dokumen
PK ID: 29
Url: https://prodev.ut.ac.id/sidapetuat/archive_gambar/17406/pendaftaran_internasional/17406-legal-7.pdf
Download: Failed - 404 Not Found
Upload: 

FieldName: vms_db.tbl_internasional_legal_document.path_dokumen
PK ID: 30
Url: https://prodev.ut.ac.id/sidapetuat/archive_gambar/17406/pendaftaran_internasional/17406-legal-8.pdf
Download: Failed - 404 Not Found
Upload: 

FieldName: vms_db.tbl_internasional_legal_document.path_dokumen
PK ID: 31
Url: https://prodev.ut.ac.id/sidapetuat/archive_gambar/17406/pendaftaran_internasional/17406-legal-9.pdf
Download: Failed - 404 Not Found
Upload: 

FieldName: vms_db.tbl_internasional_legal_document.path_dokumen
PK ID: 32
Url: https://prodev.ut.ac.id/sidapetuat/archive_gambar/17549/pendaftaran_internasional/17549-legal-1.pdf
Download: Failed - 404 Not Found
Upload: 

FieldName: vms_db.tbl_internasional_legal_document.path_dokumen
PK ID: 33
Url: https://prodev.ut.ac.id/sidapetuat/archive_gambar/17406/pendaftaran_internasional/17406-legal-20221212-134807.pdf
Download: Failed - 404 Not Found
Upload: 

FieldName: vms_db.tbl_internasional_legal_document.path_dokumen
PK ID: 34
Url: https://prodev.ut.ac.id/sidapetuat/archive_gambar/17406/pendaftaran_internasional/17406-legal-20221212-134920.pdf
Download: Failed - 404 Not Found
Upload: 

FieldName: vms_db.tbl_internasional_legal_document.path_dokumen
PK ID: 35
Url: https://prodev.ut.ac.id/sidapetuat/archive_gambar/17406/pendaftaran_internasional/17406-legal-20221212-134952.pdf
Download: Failed - 404 Not Found
Upload: 

FieldName: vms_db.tbl_internasional_legal_document.path_dokumen
PK ID: 44
Url: https://prodev.ut.ac.id/sidapetuat/archive_gambar/17564/pendaftaran_internasional/17564-legal-1.pdf
Download: Failed - 404 Not Found
Upload: 

FieldName: vms_db.tbl_internasional_legal_document.path_dokumen
PK ID: 45
Url: https://prodev.ut.ac.id/sidapetuat/archive_gambar/17564/pendaftaran_internasional/17564-legal-2.pdf
Download: Failed - 404 Not Found
Upload: 

FieldName: vms_db.tbl_internasional_legal_document.path_dokumen
PK ID: 46
Url: https://prodev.ut.ac.id/sidapetuat/archive_gambar/17564/pendaftaran_internasional/17564-legal-3.pdf
Download: Failed - 404 Not Found
Upload: 

FieldName: vms_db.tbl_internasional_legal_document.path_dokumen
PK ID: 47
Url: https://prodev.ut.ac.id/sidapetuat/archive_gambar/17564/pendaftaran_internasional/17564-legal-4.pdf
Download: Failed - 404 Not Found
Upload: 

FieldName: vms_db.tbl_internasional_legal_document.path_dokumen
PK ID: 48
Url: https://prodev.ut.ac.id/sidapetuat/archive_gambar/17749/pendaftaran_internasional/17749-legal-1.pdf
Download: Failed - 404 Not Found
Upload: 

FieldName: vms_db.tbl_internasional_legal_document.path_dokumen
PK ID: 49
Url: https://prodev.ut.ac.id/sidapetuat/archive_gambar/17749/pendaftaran_internasional/17749-legal-20230426-130530.pdf
Download: Failed - 404 Not Found
Upload: 

FieldName: vms_db.tbl_internasional_legal_document.path_dokumen
PK ID: 50
Url: https://prodev.ut.ac.id/sidapetuat/archive_gambar/17749/pendaftaran_internasional/17749-legal-20230426-130555.pdf
Download: Failed - 404 Not Found
Upload: 

FieldName: vms_db.tbl_internasional_legal_document.path_dokumen
PK ID: 51
Url: https://prodev.ut.ac.id/sidapetuat/archive_gambar/17749/pendaftaran_internasional/17749-legal-20230426-130610.pdf
Download: Failed - 404 Not Found
Upload: 

FieldName: vms_db.tbl_internasional_legal_document.path_dokumen
PK ID: 52
Url: https://prodev.ut.ac.id/sidapetuat/archive_gambar/17795/pendaftaran_internasional/17795-legal-1.pdf
Download: Failed - 404 Not Found
Upload: 

FieldName: vms_db.tbl_internasional_legal_document.path_dokumen
PK ID: 53
Url: https://prodev.ut.ac.id/sidapetuat/archive_gambar/17640/pendaftaran_internasional/17640-legal-20230609-092320.pdf
Download: Failed - 404 Not Found
Upload: 

FieldName: vms_db.tbl_internasional_legal_document.path_dokumen
PK ID: 54
Url: https://prodev.ut.ac.id/sidapetuat/archive_gambar/17640/pendaftaran_internasional/17640-legal-20230609-093206.pdf
Download: Failed - 404 Not Found
Upload: 

FieldName: vms_db.tbl_internasional_legal_document.path_dokumen
PK ID: 55
Url: https://prodev.ut.ac.id/sidapetuat/archive_gambar/17640/pendaftaran_internasional/17640-legal-20230609-093224.pdf
Download: Failed - 404 Not Found
Upload: 

FieldName: vms_db.tbl_internasional_legal_document.path_dokumen
PK ID: 56
Url: https://prodev.ut.ac.id/sidapetuat/archive_gambar/17640/pendaftaran_internasional/17640-legal-20230609-094848.pdf
Download: Failed - 404 Not Found
Upload: 

FieldName: vms_db.tbl_internasional_legal_document.path_dokumen
PK ID: 57
Url: https://prodev.ut.ac.id/sidapetuat/archive_gambar/17640/pendaftaran_internasional/17640-legal-20230609-095050.pdf
Download: Failed - 404 Not Found
Upload: 

FieldName: vms_db.tbl_internasional_legal_document.path_dokumen
PK ID: 58
Url: https://prodev.ut.ac.id/sidapetuat/archive_gambar/17640/pendaftaran_internasional/17640-legal-20230609-101418.pdf
Download: Failed - 404 Not Found
Upload: 

FieldName: vms_db.tbl_internasional_legal_document.path_dokumen
PK ID: 59
Url: https://prodev.ut.ac.id/sidapetuat/archive_gambar/17640/pendaftaran_internasional/17640-legal-20230609-101446.pdf
Download: Failed - 404 Not Found
Upload: 

FieldName: vms_db.tbl_internasional_legal_document.path_dokumen
PK ID: 60
Url: https://prodev.ut.ac.id/sidapetuat/archive_gambar/17640/pendaftaran_internasional/17640-legal-20230609-101517.pdf
Download: Failed - 404 Not Found
Upload: 

FieldName: vms_db.tbl_internasional_legal_document.path_dokumen
PK ID: 61
Url: https://prodev.ut.ac.id/sidapetuat/archive_gambar/17640/pendaftaran_internasional/17640-legal-20230609-101547.pdf
Download: Failed - 404 Not Found
Upload: 

FieldName: vms_db.tbl_internasional_legal_document.path_dokumen
PK ID: 62
Url: https://prodev.ut.ac.id/sidapetuat/archive_gambar/17640/pendaftaran_internasional/17640-legal-20230609-102145.pdf
Download: Failed - 404 Not Found
Upload: 

FieldName: vms_db.tbl_internasional_legal_document.path_dokumen
PK ID: 63
Url: https://prodev.ut.ac.id/sidapetuat/archive_gambar/17640/pendaftaran_internasional/17640-legal-20230609-112328.pdf
Download: Failed - 404 Not Found
Upload: 

FieldName: vms_db.tbl_internasional_legal_document.path_dokumen
PK ID: 64
Url: https://prodev.ut.ac.id/sidapetuat/archive_gambar/17640/pendaftaran_internasional/17640-legal-20230609-162202.pdf
Download: Failed - 404 Not Found
Upload: 

FieldName: vms_db.tbl_internasional_legal_document.path_dokumen
PK ID: 65
Url: https://prodev.ut.ac.id/sidapetuat/archive_gambar/17640/pendaftaran_internasional/17640-legal-20230609-162240.pdf
Download: Failed - 404 Not Found
Upload: 

FieldName: vms_db.tbl_internasional_legal_document.path_dokumen
PK ID: 66
Url: https://prodev.ut.ac.id/sidapetuat/archive_gambar/17640/pendaftaran_internasional/17640-legal-20230609-162320.pdf
Download: Failed - 404 Not Found
Upload: 

FieldName: vms_db.tbl_internasional_legal_document.path_dokumen
PK ID: 67
Url: https://prodev.ut.ac.id/sidapetuat/archive_gambar/17640/pendaftaran_internasional/17640-legal-20230609-162434.pdf
Download: Failed - 404 Not Found
Upload: 

FieldName: vms_db.tbl_internasional_legal_document.path_dokumen
PK ID: 68
Url: https://prodev.ut.ac.id/sidapetuat/archive_gambar/17640/pendaftaran_internasional/17640-legal-20230609-162649.pdf
Download: Failed - 404 Not Found
Upload: 

FieldName: vms_db.tbl_internasional_legal_document.path_dokumen
PK ID: 69
Url: https://prodev.ut.ac.id/sidapetuat/archive_gambar/17640/pendaftaran_internasional/17640-legal-20230609-162920.pdf
Download: Failed - 404 Not Found
Upload: 

FieldName: vms_db.tbl_internasional_legal_document.path_dokumen
PK ID: 70
Url: https://prodev.ut.ac.id/sidapetuat/archive_gambar/17640/pendaftaran_internasional/17640-legal-20230609-163447.pdf
Download: Failed - 404 Not Found
Upload: 

FieldName: vms_db.tbl_internasional_legal_document.path_dokumen
PK ID: 71
Url: https://prodev.ut.ac.id/sidapetuat/archive_gambar/17640/pendaftaran_internasional/17640-legal-20230609-163709.pdf
Download: Failed - 404 Not Found
Upload: 

FieldName: vms_db.tbl_internasional_legal_document.path_dokumen
PK ID: 72
Url: https://prodev.ut.ac.id/sidapetuat/archive_gambar/17640/pendaftaran_internasional/17640-legal-20230609-163830.pdf
Download: Failed - 404 Not Found
Upload: 

FieldName: vms_db.tbl_internasional_legal_document.path_dokumen
PK ID: 73
Url: https://prodev.ut.ac.id/sidapetuat/archive_gambar/17847/pendaftaran_internasional/17847-legal-1.php
Download: Failed - 404 Not Found
Upload: 

FieldName: vms_db.tbl_internasional_legal_document.path_dokumen
PK ID: 74
Url: https://prodev.ut.ac.id/sidapetuat/archive_gambar/17847/pendaftaran_internasional/17847-legal-20230619-152412.php
Download: Failed - 404 Not Found
Upload: 

FieldName: vms_db.tbl_internasional_legal_document.path_dokumen
PK ID: 75
Url: https://prodev.ut.ac.id/sidapetuat/archive_gambar/17847/pendaftaran_internasional/17847-legal-20230619-153047.php
Download: Failed - 404 Not Found
Upload: 

