FieldName: vms_db.tbl_direksi_perusahaan.path_ktp_direksi
PK ID: 127
Url: https://prodev.ut.ac.id/sidapetuat/archive_gambar/214/pendaftaran_perusahaan/Direktur.pdf
Download: Failed - 404 Not Found
Upload: 

FieldName: vms_db.tbl_direksi_perusahaan.path_ktp_direksi
PK ID: 193
Url: https://prodev.ut.ac.id/sidapetuat/archive_gambar/306/pendaftaran_perusahaan/306-direksi-1.pdf
Download: Failed - 404 Not Found
Upload: 

FieldName: vms_db.tbl_direksi_perusahaan.path_ktp_direksi
PK ID: 194
Url: https://prodev.ut.ac.id/sidapetuat/archive_gambar/306/pendaftaran_perusahaan/306-direksi-2.pdf
Download: Failed - 404 Not Found
Upload: 

FieldName: vms_db.tbl_direksi_perusahaan.path_ktp_direksi
PK ID: 246
Url: https://prodev.ut.ac.id/sidapetuat/archive_gambar/306/pendaftaran_perusahaan/KTP FENI.pdf
Download: Failed - 404 Not Found
Upload: 

FieldName: vms_db.tbl_direksi_perusahaan.path_ktp_direksi
PK ID: 247
Url: https://prodev.ut.ac.id/sidapetuat/archive_gambar/306/pendaftaran_perusahaan/WhatsApp Image 2020-06-02 at 12.30.04.pdf
Download: Failed - 404 Not Found
Upload: 

FieldName: vms_db.tbl_direksi_perusahaan.path_ktp_direksi
PK ID: 248
Url: https://prodev.ut.ac.id/sidapetuat/archive_gambar/306/pendaftaran_perusahaan/KTP Ika.pdf
Download: Failed - 404 Not Found
Upload: 

FieldName: vms_db.tbl_direksi_perusahaan.path_ktp_direksi
PK ID: 249
Url: https://prodev.ut.ac.id/sidapetuat/archive_gambar/306/pendaftaran_perusahaan/KTP Agus.pdf
Download: Failed - 404 Not Found
Upload: 

FieldName: vms_db.tbl_direksi_perusahaan.path_ktp_direksi
PK ID: 261
Url: https://prodev.ut.ac.id/sidapetuat/archive_gambar/385/pendaftaran_perusahaan/E-KTP Daniel.pdf
Download: Failed - 404 Not Found
Upload: 

FieldName: vms_db.tbl_direksi_perusahaan.path_ktp_direksi
PK ID: 295
Url: https://prodev.ut.ac.id/sidapetuat/archive_gambar/417/pendaftaran_perusahaan/417-direksi-1.pdf
Download: Failed - 404 Not Found
Upload: 

FieldName: vms_db.tbl_direksi_perusahaan.path_ktp_direksi
PK ID: 296
Url: https://prodev.ut.ac.id/sidapetuat/archive_gambar/417/pendaftaran_perusahaan/417-direksi-2.pdf
Download: Failed - 404 Not Found
Upload: 

FieldName: vms_db.tbl_direksi_perusahaan.path_ktp_direksi
PK ID: 297
Url: https://prodev.ut.ac.id/sidapetuat/archive_gambar/417/pendaftaran_perusahaan/417-direksi-3.pdf
Download: Failed - 404 Not Found
Upload: 

FieldName: vms_db.tbl_direksi_perusahaan.path_ktp_direksi
PK ID: 301
Url: https://prodev.ut.ac.id/sidapetuat/archive_gambar/492/pendaftaran_perusahaan/KTP DIREKTUR UTAMA.pdf
Download: Failed - 404 Not Found
Upload: 

FieldName: vms_db.tbl_direksi_perusahaan.path_ktp_direksi
PK ID: 319
Url: https://prodev.ut.ac.id/sidapetuat/archive_gambar/472/pendaftaran_perusahaan/472-direksi-1.pdf
Download: Failed - 404 Not Found
Upload: 

FieldName: vms_db.tbl_direksi_perusahaan.path_ktp_direksi
PK ID: 320
Url: https://prodev.ut.ac.id/sidapetuat/archive_gambar/645/pendaftaran_perusahaan/KTP p yepi.pdf
Download: Failed - 404 Not Found
Upload: 

FieldName: vms_db.tbl_direksi_perusahaan.path_ktp_direksi
PK ID: 323
Url: https://prodev.ut.ac.id/sidapetuat/archive_gambar/639/pendaftaran_perusahaan/639-direksi-1.pdf
Download: Failed - 404 Not Found
Upload: 

FieldName: vms_db.tbl_direksi_perusahaan.path_ktp_direksi
PK ID: 346
Url: https://prodev.ut.ac.id/sidapetuat/archive_gambar/655/pendaftaran_perusahaan/KTP2.pdf
Download: Failed - 404 Not Found
Upload: 

FieldName: vms_db.tbl_direksi_perusahaan.path_ktp_direksi
PK ID: 347
Url: https://prodev.ut.ac.id/sidapetuat/archive_gambar/655/pendaftaran_perusahaan/KTP3.pdf
Download: Failed - 404 Not Found
Upload: 

FieldName: vms_db.tbl_direksi_perusahaan.path_ktp_direksi
PK ID: 350
Url: https://prodev.ut.ac.id/sidapetuat/archive_gambar/650/pendaftaran_perusahaan/SUSUNAN DIREKSI CV. FARHANA (BARU).pdf
Download: Failed - 404 Not Found
Upload: 

FieldName: vms_db.tbl_direksi_perusahaan.path_ktp_direksi
PK ID: 364
Url: https://prodev.ut.ac.id/sidapetuat/archive_gambar/853/pendaftaran_perusahaan/ktp asep.pdf
Download: Failed - 404 Not Found
Upload: 

FieldName: vms_db.tbl_direksi_perusahaan.path_ktp_direksi
PK ID: 365
Url: https://prodev.ut.ac.id/sidapetuat/archive_gambar/853/pendaftaran_perusahaan/ktp andy.pdf
Download: Failed - 404 Not Found
Upload: 

FieldName: vms_db.tbl_direksi_perusahaan.path_ktp_direksi
PK ID: 412
Url: https://prodev.ut.ac.id/sidapetuat/archive_gambar/906/pendaftaran_perusahaan/906-direksi-1.pdf
Download: Failed - 404 Not Found
Upload: 

FieldName: vms_db.tbl_direksi_perusahaan.path_ktp_direksi
PK ID: 413
Url: https://prodev.ut.ac.id/sidapetuat/archive_gambar/906/pendaftaran_perusahaan/906-direksi-2.pdf
Download: Failed - 404 Not Found
Upload: 

FieldName: vms_db.tbl_direksi_perusahaan.path_ktp_direksi
PK ID: 426
Url: https://prodev.ut.ac.id/sidapetuat/archive_gambar/897/pendaftaran_perusahaan/KTP Monica Aryasetiawan.pdf
Download: Failed - 404 Not Found
Upload: 

FieldName: vms_db.tbl_direksi_perusahaan.path_ktp_direksi
PK ID: 453
Url: https://prodev.ut.ac.id/sidapetuat/archive_gambar/421/pendaftaran_perusahaan/421-direksi-1.pdf
Download: Failed - 404 Not Found
Upload: 

FieldName: vms_db.tbl_direksi_perusahaan.path_ktp_direksi
PK ID: 466
Url: https://prodev.ut.ac.id/sidapetuat/archive_gambar/881/pendaftaran_perusahaan/881-direksi-1.pdf
Download: Failed - 404 Not Found
Upload: 

FieldName: vms_db.tbl_direksi_perusahaan.path_ktp_direksi
PK ID: 467
Url: https://prodev.ut.ac.id/sidapetuat/archive_gambar/881/pendaftaran_perusahaan/881-direksi-2.pdf
Download: Failed - 404 Not Found
Upload: 

FieldName: vms_db.tbl_direksi_perusahaan.path_ktp_direksi
PK ID: 490
Url: https://prodev.ut.ac.id/sidapetuat/archive_gambar/639/pendaftaran_perusahaan/pasport April.pdf
Download: Failed - 404 Not Found
Upload: 

FieldName: vms_db.tbl_direksi_perusahaan.path_ktp_direksi
PK ID: 509
Url: https://prodev.ut.ac.id/sidapetuat/archive_gambar/816/pendaftaran_perusahaan/816-direksi-1.pdf
Download: Failed - 404 Not Found
Upload: 

FieldName: vms_db.tbl_direksi_perusahaan.path_ktp_direksi
PK ID: 541
Url: https://prodev.ut.ac.id/sidapetuat/archive_gambar/1073/pendaftaran_perusahaan/1073-direksi-3.pdf
Download: Success
Upload: Failed - invalid pdf header

FieldName: vms_db.tbl_direksi_perusahaan.path_ktp_direksi
PK ID: 588
Url: https://prodev.ut.ac.id/sidapetuat/archive_gambar/10417/pendaftaran_perusahaan/Direksi - 7 KTP Dir NITS Herlan Wijanarko.pdf
Download: Failed - 404 Not Found
Upload: 

FieldName: vms_db.tbl_direksi_perusahaan.path_ktp_direksi
PK ID: 621
Url: https://prodev.ut.ac.id/sidapetuat/archive_gambar/10431/pendaftaran_perusahaan/1. Vikram Sinha.pdf
Download: Failed - 404 Not Found
Upload: 

FieldName: vms_db.tbl_direksi_perusahaan.path_ktp_direksi
PK ID: 622
Url: https://prodev.ut.ac.id/sidapetuat/archive_gambar/10431/pendaftaran_perusahaan/2. Lee Chi Hung - 10 Nov 2021.pdf
Download: Failed - 404 Not Found
Upload: 

FieldName: vms_db.tbl_direksi_perusahaan.path_ktp_direksi
PK ID: 624
Url: https://prodev.ut.ac.id/sidapetuat/archive_gambar/10431/pendaftaran_perusahaan/3.  Muhammad Buldansyah - valid_Discl to Indosat.pdf
Download: Failed - 404 Not Found
Upload: 

FieldName: vms_db.tbl_direksi_perusahaan.path_ktp_direksi
PK ID: 628
Url: https://prodev.ut.ac.id/sidapetuat/archive_gambar/10694/pendaftaran_perusahaan/KTP RINA EKO SARYANI-dikonversi.pdf
Download: Failed - 404 Not Found
Upload: 

FieldName: vms_db.tbl_direksi_perusahaan.path_ktp_direksi
PK ID: 702
Url: https://prodev.ut.ac.id/sidapetuat/archive_gambar/11122/pendaftaran_perusahaan/Ronny.pdf
Download: Failed - 404 Not Found
Upload: 

FieldName: vms_db.tbl_direksi_perusahaan.path_ktp_direksi
PK ID: 722
Url: https://prodev.ut.ac.id/sidapetuat/archive_gambar/11368/pendaftaran_perusahaan/Lutfi.pdf
Download: Failed - 404 Not Found
Upload: 

FieldName: vms_db.tbl_direksi_perusahaan.path_ktp_direksi
PK ID: 723
Url: https://prodev.ut.ac.id/sidapetuat/archive_gambar/11368/pendaftaran_perusahaan/Angga.pdf
Download: Failed - 404 Not Found
Upload: 

FieldName: vms_db.tbl_direksi_perusahaan.path_ktp_direksi
PK ID: 761
Url: https://prodev.ut.ac.id/sidapetuat/archive_gambar/11031/pendaftaran_perusahaan/KTP Kuasa Direksi.pdf
Download: Success
Upload: Failed - invalid pdf header

FieldName: vms_db.tbl_direksi_perusahaan.path_ktp_direksi
PK ID: 846
Url: https://prodev.ut.ac.id/sidapetuat/archive_gambar/966/pendaftaran_perusahaan/KTP dan Surat Kuasa_Briliyan Farid Fatoni.pdf
Download: Failed - 404 Not Found
Upload: 

FieldName: vms_db.tbl_direksi_perusahaan.path_ktp_direksi
PK ID: 881
Url: https://prodev.ut.ac.id/sidapetuat/archive_gambar/11807/pendaftaran_perusahaan/WhatsApp Image 2021-08-31 at 21.02.44 (1).pdf
Download: Failed - 404 Not Found
Upload: 

FieldName: vms_db.tbl_direksi_perusahaan.path_ktp_direksi
PK ID: 882
Url: https://prodev.ut.ac.id/sidapetuat/archive_gambar/11807/pendaftaran_perusahaan/WhatsApp Image 2022-07-21 at 10.21.58.pdf
Download: Failed - 404 Not Found
Upload: 

FieldName: vms_db.tbl_direksi_perusahaan.path_ktp_direksi
PK ID: 908
Url: https://prodev.ut.ac.id/sidapetuat/archive_gambar/11982/pendaftaran_perusahaan/E-KTP Direksi (1).pdf
Download: Failed - 404 Not Found
Upload: 

FieldName: vms_db.tbl_direksi_perusahaan.path_ktp_direksi
PK ID: 1081
Url: https://prodev.ut.ac.id/sidapetuat/archive_gambar/16441/pendaftaran_perusahaan/BU MANADO.pdf
Download: Failed - 404 Not Found
Upload: 

FieldName: vms_db.tbl_direksi_perusahaan.path_ktp_direksi
PK ID: 1141
Url: https://prodev.ut.ac.id/sidapetuat/archive_gambar/16645/pendaftaran_perusahaan/KTP Komaditer.pdf
Download: Failed - 404 Not Found
Upload: 

FieldName: vms_db.tbl_direksi_perusahaan.path_ktp_direksi
PK ID: 1166
Url: https://prodev.ut.ac.id/sidapetuat/archive_gambar/16900/pendaftaran_perusahaan/E KTP Abdul Sobur.pdf
Download: Failed - 404 Not Found
Upload: 

FieldName: vms_db.tbl_direksi_perusahaan.path_ktp_direksi
PK ID: 1169
Url: https://prodev.ut.ac.id/sidapetuat/archive_gambar/16902/pendaftaran_perusahaan/KTP Direktur MFR.pdf
Download: Failed - 404 Not Found
Upload: 

FieldName: vms_db.tbl_direksi_perusahaan.path_ktp_direksi
PK ID: 1181
Url: https://prodev.ut.ac.id/sidapetuat/archive_gambar/16799/pendaftaran_perusahaan/5Data KTP Destimental Hia (Direktur).pdf
Download: Failed - 404 Not Found
Upload: 

FieldName: vms_db.tbl_direksi_perusahaan.path_ktp_direksi
PK ID: 1182
Url: https://prodev.ut.ac.id/sidapetuat/archive_gambar/16799/pendaftaran_perusahaan/6. Data KTP Dalifao Hia.pdf
Download: Failed - 404 Not Found
Upload: 

FieldName: vms_db.tbl_direksi_perusahaan.path_ktp_direksi
PK ID: 1189
Url: https://prodev.ut.ac.id/sidapetuat/archive_gambar/16941/pendaftaran_perusahaan/16941-direksi-1.pdf
Download: Failed - 404 Not Found
Upload: 

FieldName: vms_db.tbl_direksi_perusahaan.path_ktp_direksi
PK ID: 1191
Url: https://prodev.ut.ac.id/sidapetuat/archive_gambar/16941/pendaftaran_perusahaan/Roger passport.pdf
Download: Failed - 404 Not Found
Upload: 

FieldName: vms_db.tbl_direksi_perusahaan.path_ktp_direksi
PK ID: 1192
Url: https://prodev.ut.ac.id/sidapetuat/archive_gambar/16941/pendaftaran_perusahaan/RIA KTP ELECTRONIC.PDF
Download: Failed - 404 Not Found
Upload: 

FieldName: vms_db.tbl_direksi_perusahaan.path_ktp_direksi
PK ID: 1193
Url: https://prodev.ut.ac.id/sidapetuat/archive_gambar/16941/pendaftaran_perusahaan/Cheryl new passport copy 2017.pdf
Download: Failed - 404 Not Found
Upload: 

FieldName: vms_db.tbl_direksi_perusahaan.path_ktp_direksi
PK ID: 1194
Url: https://prodev.ut.ac.id/sidapetuat/archive_gambar/821/pendaftaran_perusahaan/SURAT KUASA NOVY (2).pdf
Download: Failed - 404 Not Found
Upload: 

FieldName: vms_db.tbl_direksi_perusahaan.path_ktp_direksi
PK ID: 1195
Url: https://prodev.ut.ac.id/sidapetuat/archive_gambar/17008/pendaftaran_perusahaan/17008-direksi-1.pdf
Download: Failed - 404 Not Found
Upload: 

FieldName: vms_db.tbl_direksi_perusahaan.path_ktp_direksi
PK ID: 1196
Url: https://prodev.ut.ac.id/sidapetuat/archive_gambar/17008/pendaftaran_perusahaan/17008-direksi-2.pdf
Download: Failed - 404 Not Found
Upload: 

FieldName: vms_db.tbl_direksi_perusahaan.path_ktp_direksi
PK ID: 1197
Url: https://prodev.ut.ac.id/sidapetuat/archive_gambar/17014/pendaftaran_perusahaan/17014-direksi-1.pdf
Download: Failed - 404 Not Found
Upload: 

FieldName: vms_db.tbl_direksi_perusahaan.path_ktp_direksi
PK ID: 1198
Url: https://prodev.ut.ac.id/sidapetuat/archive_gambar/17014/pendaftaran_perusahaan/17014-direksi-2.pdf
Download: Failed - 404 Not Found
Upload: 

FieldName: vms_db.tbl_direksi_perusahaan.path_ktp_direksi
PK ID: 1199
Url: https://prodev.ut.ac.id/sidapetuat/archive_gambar/17056/pendaftaran_perusahaan/17056-direksi-1.pdf
Download: Failed - 404 Not Found
Upload: 

FieldName: vms_db.tbl_direksi_perusahaan.path_ktp_direksi
PK ID: 1200
Url: https://prodev.ut.ac.id/sidapetuat/archive_gambar/17055/pendaftaran_perusahaan/KTP NPWP PENGURUS INDIKA 2020-1.pdf
Download: Failed - 404 Not Found
Upload: 

FieldName: vms_db.tbl_direksi_perusahaan.path_ktp_direksi
PK ID: 1201
Url: https://prodev.ut.ac.id/sidapetuat/archive_gambar/306/pendaftaran_perusahaan/KTP PAK APRIL.pdf
Download: Failed - 404 Not Found
Upload: 

FieldName: vms_db.tbl_direksi_perusahaan.path_ktp_direksi
PK ID: 1202
Url: https://prodev.ut.ac.id/sidapetuat/archive_gambar/11982/pendaftaran_perusahaan/KTP Hendra (1).pdf
Download: Failed - 404 Not Found
Upload: 

FieldName: vms_db.tbl_direksi_perusahaan.path_ktp_direksi
PK ID: 1203
Url: https://prodev.ut.ac.id/sidapetuat/archive_gambar/17066/pendaftaran_perusahaan/17066-direksi-1.pdf
Download: Failed - 404 Not Found
Upload: 

FieldName: vms_db.tbl_direksi_perusahaan.path_ktp_direksi
PK ID: 1204
Url: https://prodev.ut.ac.id/sidapetuat/archive_gambar/17074/pendaftaran_perusahaan/KTP DAN BUKTI AKTA DIREKSI.pdf
Download: Failed - 404 Not Found
Upload: 

FieldName: vms_db.tbl_direksi_perusahaan.path_ktp_direksi
PK ID: 1207
Url: https://prodev.ut.ac.id/sidapetuat/archive_gambar/17077/pendaftaran_perusahaan/17077-direksi-1.pdf
Download: Failed - 404 Not Found
Upload: 

FieldName: vms_db.tbl_direksi_perusahaan.path_ktp_direksi
PK ID: 1211
Url: https://prodev.ut.ac.id/sidapetuat/archive_gambar/16999/pendaftaran_perusahaan/Pak MArio.pdf
Download: Failed - 404 Not Found
Upload: 

FieldName: vms_db.tbl_direksi_perusahaan.path_ktp_direksi
PK ID: 1212
Url: https://prodev.ut.ac.id/sidapetuat/archive_gambar/16999/pendaftaran_perusahaan/Pak Ling.pdf
Download: Failed - 404 Not Found
Upload: 

FieldName: vms_db.tbl_direksi_perusahaan.path_ktp_direksi
PK ID: 1213
Url: https://prodev.ut.ac.id/sidapetuat/archive_gambar/16999/pendaftaran_perusahaan/KTP Pak Sanny.pdf
Download: Failed - 404 Not Found
Upload: 

FieldName: vms_db.tbl_direksi_perusahaan.path_ktp_direksi
PK ID: 1215
Url: https://prodev.ut.ac.id/sidapetuat/archive_gambar/17140/pendaftaran_perusahaan/17140-direksi-1.pdf
Download: Failed - 404 Not Found
Upload: 

FieldName: vms_db.tbl_direksi_perusahaan.path_ktp_direksi
PK ID: 1216
Url: https://prodev.ut.ac.id/sidapetuat/archive_gambar/17055/pendaftaran_perusahaan/KTP NPWP PENGURUS INDIKA 2020-1.pdf
Download: Failed - 404 Not Found
Upload: 

FieldName: vms_db.tbl_direksi_perusahaan.path_ktp_direksi
PK ID: 1217
Url: https://prodev.ut.ac.id/sidapetuat/archive_gambar/17066/pendaftaran_perusahaan/2. KTP dan NPWP Pak Nasan.pdf
Download: Failed - 404 Not Found
Upload: 

FieldName: vms_db.tbl_direksi_perusahaan.path_ktp_direksi
PK ID: 1218
Url: https://prodev.ut.ac.id/sidapetuat/archive_gambar/17077/pendaftaran_perusahaan/KTP Cindy Valencia.pdf
Download: Failed - 404 Not Found
Upload: 

FieldName: vms_db.tbl_direksi_perusahaan.path_ktp_direksi
PK ID: 1219
Url: https://prodev.ut.ac.id/sidapetuat/archive_gambar/17077/pendaftaran_perusahaan/KTP Tn Andrianus David Sim.pdf
Download: Failed - 404 Not Found
Upload: 

FieldName: vms_db.tbl_direksi_perusahaan.path_ktp_direksi
PK ID: 1221
Url: https://prodev.ut.ac.id/sidapetuat/archive_gambar/17077/pendaftaran_perusahaan/KTP Goldy.pdf
Download: Failed - 404 Not Found
Upload: 

FieldName: vms_db.tbl_direksi_perusahaan.path_ktp_direksi
PK ID: 1222
Url: https://prodev.ut.ac.id/sidapetuat/archive_gambar/17214/pendaftaran_perusahaan/KTP ARSIH.pdf
Download: Failed - 404 Not Found
Upload: 

FieldName: vms_db.tbl_direksi_perusahaan.path_ktp_direksi
PK ID: 1225
Url: https://prodev.ut.ac.id/sidapetuat/archive_gambar/17237/pendaftaran_perusahaan/17237-direksi-1.pdf
Download: Failed - 404 Not Found
Upload: 

FieldName: vms_db.tbl_direksi_perusahaan.path_ktp_direksi
PK ID: 1229
Url: https://prodev.ut.ac.id/sidapetuat/archive_gambar/17255/pendaftaran_perusahaan/17255-direksi-1.pdf
Download: Failed - 404 Not Found
Upload: 

FieldName: vms_db.tbl_direksi_perusahaan.path_ktp_direksi
PK ID: 1233
Url: https://prodev.ut.ac.id/sidapetuat/archive_gambar/17244/pendaftaran_perusahaan/17244-direksi-1.pdf
Download: Failed - 404 Not Found
Upload: 

FieldName: vms_db.tbl_direksi_perusahaan.path_ktp_direksi
PK ID: 1242
Url: https://prodev.ut.ac.id/sidapetuat/archive_gambar/17286/pendaftaran_perusahaan/17286-direksi-1.pdf
Download: Failed - 404 Not Found
Upload: 

FieldName: vms_db.tbl_direksi_perusahaan.path_ktp_direksi
PK ID: 1243
Url: https://prodev.ut.ac.id/sidapetuat/archive_gambar/17290/pendaftaran_perusahaan/17290-direksi-1.pdf
Download: Failed - 404 Not Found
Upload: 

FieldName: vms_db.tbl_direksi_perusahaan.path_ktp_direksi
PK ID: 1244
Url: https://prodev.ut.ac.id/sidapetuat/archive_gambar/17290/pendaftaran_perusahaan/17290-direksi-2.pdf
Download: Failed - 404 Not Found
Upload: 

FieldName: vms_db.tbl_direksi_perusahaan.path_ktp_direksi
PK ID: 1245
Url: https://prodev.ut.ac.id/sidapetuat/archive_gambar/17290/pendaftaran_perusahaan/17290-direksi-3.pdf
Download: Failed - 404 Not Found
Upload: 

FieldName: vms_db.tbl_direksi_perusahaan.path_ktp_direksi
PK ID: 1246
Url: https://prodev.ut.ac.id/sidapetuat/archive_gambar/17290/pendaftaran_perusahaan/17290-direksi-4.pdf
Download: Failed - 404 Not Found
Upload: 

FieldName: vms_db.tbl_direksi_perusahaan.path_ktp_direksi
PK ID: 1247
Url: https://prodev.ut.ac.id/sidapetuat/archive_gambar/17303/pendaftaran_perusahaan/17303-direksi-1.pdf
Download: Failed - 404 Not Found
Upload: 

FieldName: vms_db.tbl_direksi_perusahaan.path_ktp_direksi
PK ID: 1248
Url: https://prodev.ut.ac.id/sidapetuat/archive_gambar/17286/pendaftaran_perusahaan/3. KTP PENGURUS PT new_compressed.pdf
Download: Failed - 404 Not Found
Upload: 

FieldName: vms_db.tbl_direksi_perusahaan.path_ktp_direksi
PK ID: 1249
Url: https://prodev.ut.ac.id/sidapetuat/archive_gambar/17309/pendaftaran_perusahaan/17309-direksi-1.pdf
Download: Failed - 404 Not Found
Upload: 

FieldName: vms_db.tbl_direksi_perusahaan.path_ktp_direksi
PK ID: 1250
Url: https://prodev.ut.ac.id/sidapetuat/archive_gambar/17307/pendaftaran_perusahaan/17307-direksi-1.pdf
Download: Failed - 404 Not Found
Upload: 

FieldName: vms_db.tbl_direksi_perusahaan.path_ktp_direksi
PK ID: 1253
Url: https://prodev.ut.ac.id/sidapetuat/archive_gambar/17338/pendaftaran_perusahaan/KTP BU NINA NEW.pdf
Download: Failed - 404 Not Found
Upload: 

FieldName: vms_db.tbl_direksi_perusahaan.path_ktp_direksi
PK ID: 1254
Url: https://prodev.ut.ac.id/sidapetuat/archive_gambar/17349/pendaftaran_perusahaan/9. KTP PAK EVAN 05.04.2026 (DIREKTUR 2).pdf
Download: Failed - 404 Not Found
Upload: 

FieldName: vms_db.tbl_direksi_perusahaan.path_ktp_direksi
PK ID: 1255
Url: https://prodev.ut.ac.id/sidapetuat/archive_gambar/17349/pendaftaran_perusahaan/7. KTP Bu Teti (DIREKTUR UTAMA).pdf
Download: Failed - 404 Not Found
Upload: 

FieldName: vms_db.tbl_direksi_perusahaan.path_ktp_direksi
PK ID: 1256
Url: https://prodev.ut.ac.id/sidapetuat/archive_gambar/17349/pendaftaran_perusahaan/8. KTP BU VONNY (DIREKTUR 1) (1).pdf
Download: Failed - 404 Not Found
Upload: 

FieldName: vms_db.tbl_direksi_perusahaan.path_ktp_direksi
PK ID: 1257
Url: https://prodev.ut.ac.id/sidapetuat/archive_gambar/17349/pendaftaran_perusahaan/UPDATE. SK Kemenhumham Akta Perubahan Pengurus No. 4 04 Januari 2019_compressed.pdf
Download: Failed - 404 Not Found
Upload: 

FieldName: vms_db.tbl_direksi_perusahaan.path_ktp_direksi
PK ID: 1258
Url: https://prodev.ut.ac.id/sidapetuat/archive_gambar/17357/pendaftaran_perusahaan/17357-direksi-1.pdf
Download: Failed - 404 Not Found
Upload: 

FieldName: vms_db.tbl_direksi_perusahaan.path_ktp_direksi
PK ID: 1261
Url: https://prodev.ut.ac.id/sidapetuat/archive_gambar/17374/pendaftaran_perusahaan/17374-direksi-1.pdf
Download: Failed - 404 Not Found
Upload: 

FieldName: vms_db.tbl_direksi_perusahaan.path_ktp_direksi
PK ID: 1262
Url: https://prodev.ut.ac.id/sidapetuat/archive_gambar/17368/pendaftaran_perusahaan/17368-direksi-1.pdf
Download: Failed - 404 Not Found
Upload: 

FieldName: vms_db.tbl_direksi_perusahaan.path_ktp_direksi
PK ID: 1263
Url: https://prodev.ut.ac.id/sidapetuat/archive_gambar/17368/pendaftaran_perusahaan/17368-direksi-2.pdf
Download: Failed - 404 Not Found
Upload: 

FieldName: vms_db.tbl_direksi_perusahaan.path_ktp_direksi
PK ID: 1264
Url: https://prodev.ut.ac.id/sidapetuat/archive_gambar/17370/pendaftaran_perusahaan/17370-direksi-1.pdf
Download: Failed - 404 Not Found
Upload: 

FieldName: vms_db.tbl_direksi_perusahaan.path_ktp_direksi
PK ID: 1265
Url: https://prodev.ut.ac.id/sidapetuat/archive_gambar/17370/pendaftaran_perusahaan/Surat Kuasa KTP.pdf
Download: Failed - 404 Not Found
Upload: 

FieldName: vms_db.tbl_direksi_perusahaan.path_ktp_direksi
PK ID: 1267
Url: https://prodev.ut.ac.id/sidapetuat/archive_gambar/17369/pendaftaran_perusahaan/17369-direksi-1.pdf
Download: Failed - 404 Not Found
Upload: 

FieldName: vms_db.tbl_direksi_perusahaan.path_ktp_direksi
PK ID: 1268
Url: https://prodev.ut.ac.id/sidapetuat/archive_gambar/17369/pendaftaran_perusahaan/17369-direksi-2.PDF
Download: Failed - 404 Not Found
Upload: 

FieldName: vms_db.tbl_direksi_perusahaan.path_ktp_direksi
PK ID: 1271
Url: https://prodev.ut.ac.id/sidapetuat/archive_gambar/919/pendaftaran_perusahaan/[AXI] 2022_ SK Direksi to Wisnu Andhika (Head of Business Operation 1).pdf
Download: Failed - 404 Not Found
Upload: 

FieldName: vms_db.tbl_direksi_perusahaan.path_ktp_direksi
PK ID: 1279
Url: https://prodev.ut.ac.id/sidapetuat/archive_gambar/17410/pendaftaran_perusahaan/17410-direksi-1.pdf
Download: Failed - 404 Not Found
Upload: 

FieldName: vms_db.tbl_direksi_perusahaan.path_ktp_direksi
PK ID: 1281
Url: https://prodev.ut.ac.id/sidapetuat/archive_gambar/17438/pendaftaran_perusahaan/17438-direksi-1.pdf
Download: Failed - 404 Not Found
Upload: 

FieldName: vms_db.tbl_direksi_perusahaan.path_ktp_direksi
PK ID: 1284
Url: https://prodev.ut.ac.id/sidapetuat/archive_gambar/17416/pendaftaran_perusahaan/KTP Ibu Indah.pdf
Download: Failed - 404 Not Found
Upload: 

FieldName: vms_db.tbl_direksi_perusahaan.path_ktp_direksi
PK ID: 1286
Url: https://prodev.ut.ac.id/sidapetuat/archive_gambar/17450/pendaftaran_perusahaan/KTP_BDC_Direktur.pdf
Download: Failed - 404 Not Found
Upload: 

FieldName: vms_db.tbl_direksi_perusahaan.path_ktp_direksi
PK ID: 1289
Url: https://prodev.ut.ac.id/sidapetuat/archive_gambar/17466/pendaftaran_perusahaan/17466-direksi-1.pdf
Download: Failed - 404 Not Found
Upload: 

FieldName: vms_db.tbl_direksi_perusahaan.path_ktp_direksi
PK ID: 1290
Url: https://prodev.ut.ac.id/sidapetuat/archive_gambar/918/pendaftaran_perusahaan/SK GM Area7 KTI & KTP NPWP Ferry Tumbelaka.pdf
Download: Failed - 404 Not Found
Upload: 

FieldName: vms_db.tbl_direksi_perusahaan.path_ktp_direksi
PK ID: 1292
Url: https://prodev.ut.ac.id/sidapetuat/archive_gambar/17450/pendaftaran_perusahaan/SK_BDC_DR copy.pdf
Download: Failed - 404 Not Found
Upload: 

FieldName: vms_db.tbl_direksi_perusahaan.path_ktp_direksi
PK ID: 1298
Url: https://prodev.ut.ac.id/sidapetuat/archive_gambar/17496/pendaftaran_perusahaan/KTP Pak Farian.pdf
Download: Failed - 404 Not Found
Upload: 

FieldName: vms_db.tbl_direksi_perusahaan.path_ktp_direksi
PK ID: 1318
Url: https://prodev.ut.ac.id/sidapetuat/archive_gambar/12055/pendaftaran_perusahaan/Dheny Sumartono.pdf
Download: Failed - 404 Not Found
Upload: 

FieldName: vms_db.tbl_direksi_perusahaan.path_ktp_direksi
PK ID: 1331
Url: https://prodev.ut.ac.id/sidapetuat/archive_gambar/17557/pendaftaran_perusahaan/17557-direksi-1.pdf
Download: Failed - 404 Not Found
Upload: 

FieldName: vms_db.tbl_direksi_perusahaan.path_ktp_direksi
PK ID: 1332
Url: https://prodev.ut.ac.id/sidapetuat/archive_gambar/17557/pendaftaran_perusahaan/Dir - Deddy - e-KTP.pdf
Download: Failed - 404 Not Found
Upload: 

FieldName: vms_db.tbl_direksi_perusahaan.path_ktp_direksi
PK ID: 1333
Url: https://prodev.ut.ac.id/sidapetuat/archive_gambar/17557/pendaftaran_perusahaan/17557-direksi-3.pdf
Download: Failed - 404 Not Found
Upload: 

FieldName: vms_db.tbl_direksi_perusahaan.path_ktp_direksi
PK ID: 1334
Url: https://prodev.ut.ac.id/sidapetuat/archive_gambar/17568/pendaftaran_perusahaan/17568-direksi-1.pdf
Download: Failed - 404 Not Found
Upload: 

FieldName: vms_db.tbl_direksi_perusahaan.path_ktp_direksi
PK ID: 1335
Url: https://prodev.ut.ac.id/sidapetuat/archive_gambar/17568/pendaftaran_perusahaan/17568-direksi-2.pdf
Download: Failed - 404 Not Found
Upload: 

FieldName: vms_db.tbl_direksi_perusahaan.path_ktp_direksi
PK ID: 1339
Url: https://prodev.ut.ac.id/sidapetuat/archive_gambar/12055/pendaftaran_perusahaan/SK dan KTP BM ANIS KASIM.pdf
Download: Failed - 404 Not Found
Upload: 

FieldName: vms_db.tbl_direksi_perusahaan.path_ktp_direksi
PK ID: 1340
Url: https://prodev.ut.ac.id/sidapetuat/archive_gambar/10431/pendaftaran_perusahaan/4. Armand Hermawan.pdf
Download: Failed - 404 Not Found
Upload: 

FieldName: vms_db.tbl_direksi_perusahaan.path_ktp_direksi
PK ID: 1369
Url: https://prodev.ut.ac.id/sidapetuat/archive_gambar/17592/pendaftaran_perusahaan/KTP DIREKSI.pdf
Download: Failed - 404 Not Found
Upload: 

FieldName: vms_db.tbl_direksi_perusahaan.path_ktp_direksi
PK ID: 1377
Url: https://prodev.ut.ac.id/sidapetuat/archive_gambar/17611/pendaftaran_perusahaan/KTP ADE KUSUMO RUKMINTO NEW.pdf
Download: Failed - 404 Not Found
Upload: 

FieldName: vms_db.tbl_direksi_perusahaan.path_ktp_direksi
PK ID: 1453
Url: https://prodev.ut.ac.id/sidapetuat/archive_gambar/16533/pendaftaran_perusahaan/ktp pak yanuar.pdf
Download: Failed - 404 Not Found
Upload: 

FieldName: vms_db.tbl_direksi_perusahaan.path_ktp_direksi
PK ID: 1459
Url: https://prodev.ut.ac.id/sidapetuat/archive_gambar/17753/pendaftaran_perusahaan/Pengesahan Akta Pendirian.pdf
Download: Failed - 404 Not Found
Upload: 

FieldName: vms_db.tbl_direksi_perusahaan.path_ktp_direksi
PK ID: 1461
Url: https://prodev.ut.ac.id/sidapetuat/archive_gambar/17504/pendaftaran_perusahaan/Surat Kuasa Mr. NCXY to Pak Sofian v1.pdf
Download: Failed - 404 Not Found
Upload: 

FieldName: vms_db.tbl_direksi_perusahaan.path_ktp_direksi
PK ID: 1462
Url: https://prodev.ut.ac.id/sidapetuat/archive_gambar/17752/pendaftaran_perusahaan/17752-direksi-1.pdf
Download: Failed - 404 Not Found
Upload: 

FieldName: vms_db.tbl_direksi_perusahaan.path_ktp_direksi
PK ID: 1463
Url: https://prodev.ut.ac.id/sidapetuat/archive_gambar/17752/pendaftaran_perusahaan/17752-direksi-2.pdf
Download: Failed - 404 Not Found
Upload: 

FieldName: vms_db.tbl_direksi_perusahaan.path_ktp_direksi
PK ID: 1464
Url: https://prodev.ut.ac.id/sidapetuat/archive_gambar/17761/pendaftaran_perusahaan/2. KTP Komisaris.pdf
Download: Failed - 404 Not Found
Upload: 

FieldName: vms_db.tbl_direksi_perusahaan.path_ktp_direksi
PK ID: 1466
Url: https://prodev.ut.ac.id/sidapetuat/archive_gambar/17764/pendaftaran_perusahaan/17764-direksi-1.pdf
Download: Failed - 404 Not Found
Upload: 

FieldName: vms_db.tbl_direksi_perusahaan.path_ktp_direksi
PK ID: 1467
Url: https://prodev.ut.ac.id/sidapetuat/archive_gambar/17764/pendaftaran_perusahaan/17764-direksi-2.pdf
Download: Failed - 404 Not Found
Upload: 

FieldName: vms_db.tbl_direksi_perusahaan.path_ktp_direksi
PK ID: 1471
Url: https://prodev.ut.ac.id/sidapetuat/archive_gambar/17773/pendaftaran_perusahaan/17773-direksi-1.pdf
Download: Failed - 404 Not Found
Upload: 

FieldName: vms_db.tbl_direksi_perusahaan.path_ktp_direksi
PK ID: 1472
Url: https://prodev.ut.ac.id/sidapetuat/archive_gambar/17778/pendaftaran_perusahaan/17778-direksi-1.pdf
Download: Failed - 404 Not Found
Upload: 

FieldName: vms_db.tbl_direksi_perusahaan.path_ktp_direksi
PK ID: 1473
Url: https://prodev.ut.ac.id/sidapetuat/archive_gambar/17778/pendaftaran_perusahaan/17778-direksi-2.pdf
Download: Failed - 404 Not Found
Upload: 

FieldName: vms_db.tbl_direksi_perusahaan.path_ktp_direksi
PK ID: 1474
Url: https://prodev.ut.ac.id/sidapetuat/archive_gambar/17779/pendaftaran_perusahaan/17779-direksi-1.pdf
Download: Failed - 404 Not Found
Upload: 

FieldName: vms_db.tbl_direksi_perusahaan.path_ktp_direksi
PK ID: 1475
Url: https://prodev.ut.ac.id/sidapetuat/archive_gambar/17784/pendaftaran_perusahaan/17784-direksi-1.pdf
Download: Failed - 404 Not Found
Upload: 

FieldName: vms_db.tbl_direksi_perusahaan.path_ktp_direksi
PK ID: 1476
Url: https://prodev.ut.ac.id/sidapetuat/archive_gambar/17784/pendaftaran_perusahaan/17784-direksi-2.pdf
Download: Failed - 404 Not Found
Upload: 

FieldName: vms_db.tbl_direksi_perusahaan.path_ktp_direksi
PK ID: 1477
Url: https://prodev.ut.ac.id/sidapetuat/archive_gambar/17771/pendaftaran_perusahaan/17771-direksi-1.pdf
Download: Failed - 404 Not Found
Upload: 

FieldName: vms_db.tbl_direksi_perusahaan.path_ktp_direksi
PK ID: 1478
Url: https://prodev.ut.ac.id/sidapetuat/archive_gambar/17777/pendaftaran_perusahaan/17777-direksi-1.pdf
Download: Failed - 404 Not Found
Upload: 

FieldName: vms_db.tbl_direksi_perusahaan.path_ktp_direksi
PK ID: 1479
Url: https://prodev.ut.ac.id/sidapetuat/archive_gambar/17768/pendaftaran_perusahaan/17768-direksi-1.pdf
Download: Failed - 404 Not Found
Upload: 

FieldName: vms_db.tbl_direksi_perusahaan.path_ktp_direksi
PK ID: 1480
Url: https://prodev.ut.ac.id/sidapetuat/archive_gambar/17768/pendaftaran_perusahaan/17768-direksi-2.pdf
Download: Failed - 404 Not Found
Upload: 

FieldName: vms_db.tbl_direksi_perusahaan.path_ktp_direksi
PK ID: 1481
Url: https://prodev.ut.ac.id/sidapetuat/archive_gambar/17785/pendaftaran_perusahaan/6. KTP PAK ROBI.pdf
Download: Failed - 404 Not Found
Upload: 

FieldName: vms_db.tbl_direksi_perusahaan.path_ktp_direksi
PK ID: 1482
Url: https://prodev.ut.ac.id/sidapetuat/archive_gambar/17770/pendaftaran_perusahaan/Passpor MARC ALONSO.pdf
Download: Failed - 404 Not Found
Upload: 

FieldName: vms_db.tbl_direksi_perusahaan.path_ktp_direksi
PK ID: 1483
Url: https://prodev.ut.ac.id/sidapetuat/archive_gambar/17793/pendaftaran_perusahaan/MR. EDDY SUMARTONO.pdf
Download: Failed - 404 Not Found
Upload: 

FieldName: vms_db.tbl_direksi_perusahaan.path_ktp_direksi
PK ID: 1488
Url: https://prodev.ut.ac.id/sidapetuat/archive_gambar/17793/pendaftaran_perusahaan/MR ABRAHAM AG LOUHENAPESSY.pdf
Download: Failed - 404 Not Found
Upload: 

FieldName: vms_db.tbl_direksi_perusahaan.path_ktp_direksi
PK ID: 1496
Url: https://prodev.ut.ac.id/sidapetuat/archive_gambar/17761/pendaftaran_perusahaan/2. KTP Direktur.pdf
Download: Failed - 404 Not Found
Upload: 

FieldName: vms_db.tbl_direksi_perusahaan.path_ktp_direksi
PK ID: 1497
Url: https://prodev.ut.ac.id/sidapetuat/archive_gambar/10412/pendaftaran_perusahaan/KTP Yance.pdf
Download: Failed - 404 Not Found
Upload: 

FieldName: vms_db.tbl_direksi_perusahaan.path_ktp_direksi
PK ID: 1498
Url: https://prodev.ut.ac.id/sidapetuat/archive_gambar/11630/pendaftaran_perusahaan/11630-direksi-1.pdf
Download: Failed - 404 Not Found
Upload: 

FieldName: vms_db.tbl_direksi_perusahaan.path_ktp_direksi
PK ID: 1502
Url: https://prodev.ut.ac.id/sidapetuat/archive_gambar/17839/pendaftaran_perusahaan/17839-direksi-1.pdf
Download: Failed - 404 Not Found
Upload: 

FieldName: vms_db.tbl_direksi_perusahaan.path_ktp_direksi
PK ID: 1503
Url: https://prodev.ut.ac.id/sidapetuat/archive_gambar/17845/pendaftaran_perusahaan/KTP TRISUSMIATI.pdf
Download: Failed - 404 Not Found
Upload: 

FieldName: vms_db.tbl_direksi_perusahaan.path_ktp_direksi
PK ID: 1506
Url: https://prodev.ut.ac.id/sidapetuat/archive_gambar/897/pendaftaran_perusahaan/KTP LG NEW.pdf
Download: Failed - 404 Not Found
Upload: 

FieldName: vms_db.tbl_direksi_perusahaan.path_ktp_direksi
PK ID: 1507
Url: https://prodev.ut.ac.id/sidapetuat/archive_gambar/897/pendaftaran_perusahaan/KTP SR.pdf
Download: Failed - 404 Not Found
Upload: 

FieldName: vms_db.tbl_direksi_perusahaan.path_ktp_direksi
PK ID: 1508
Url: https://prodev.ut.ac.id/sidapetuat/archive_gambar/897/pendaftaran_perusahaan/ktp fha.pdf
Download: Failed - 404 Not Found
Upload: 

FieldName: vms_db.tbl_direksi_perusahaan.path_ktp_direksi
PK ID: 1509
Url: https://prodev.ut.ac.id/sidapetuat/archive_gambar/897/pendaftaran_perusahaan/KTP CDR.pdf
Download: Failed - 404 Not Found
Upload: 

FieldName: vms_db.tbl_direksi_perusahaan.path_ktp_direksi
PK ID: 1512
Url: https://prodev.ut.ac.id/sidapetuat/archive_gambar/17770/pendaftaran_perusahaan/Passpor MARC ALONSO.pdf
Download: Failed - 404 Not Found
Upload: 

FieldName: vms_db.tbl_direksi_perusahaan.path_ktp_direksi
PK ID: 1666
Url: https://prodev.ut.ac.id/sidapetuat/archive_gambar/18280/pendaftaran_perusahaan/28082023-1248@Surat Kuasa + KTP Noertattu.pdf
Download: Failed - 404 Not Found
Upload: 

FieldName: vms_db.tbl_direksi_perusahaan.path_ktp_direksi
PK ID: 2571
Url: https://prodev.ut.ac.id/sidapetuat/archive_gambar/32175/pendaftaran_perusahaan/05072025-0832@KTP & NPWP DIREKTUR.pdf
Download: Failed - 404 Not Found
Upload: 

